lcd.c:25:6:LCD_WR_REG	16	static
lcd.c:31:6:LCD_WR_DATA	16	static
lcd.c:37:10:LCD_RD_DATA	16	static
lcd.c:51:6:lcd_AddressSet	24	static
lcd.c:71:6:lcd_SetCursor	16	static
lcd.c:82:6:lcd_DisplayOn	8	static
lcd.c:87:6:lcd_DisplayOff	8	static
lcd.c:92:10:lcd_ReadPoint	24	static
lcd.c:106:6:lcd_Clear	24	static
lcd.c:130:6:lcd_Fill	32	static
lcd.c:149:6:lcd_DrawPoint	16	static
lcd.c:163:6:lcd_DrawLine	64	static
lcd.c:206:6:lcd_DrawRectangle	32	static
lcd.c:214:6:lcd_ShowChar	40	static
lcd.c:263:10:mypow	24	static
lcd.c:281:6:lcd_ShowIntNum	48	static
lcd.c:313:6:lcd_ShowFloatNum1	56	static
lcd.c:341:6:lcd_ShowPicture	40	static
lcd.c:360:6:lcd_SetDir	16	static
lcd.c:376:6:lcd_init	8	static
lcd.c:494:6:_draw_circle_8	24	static
lcd.c:513:6:lcd_DrawCircle	48	static
lcd.c:561:6:lcd_ShowStr	56	static
lcd.c:590:6:lcd_StrCenter	48	static
lcd.c:596:6:DrawTestPage	32	static
lcd.c:605:6:lcd_ShowBackground	16	static
lcd.c:610:6:lcd_Display	16	static
