Archive member included to satisfy reference by file (symbol)

c:/st/stm32cubeide_1.7.0/stm32cubeide/plugins/com.st.stm32cube.ide.mcu.externaltools.gnu-tools-for-stm32.9-2020-q2-update.win32_2.0.0.202105311346/tools/bin/../lib/gcc/arm-none-eabi/9.3.1/../../../../arm-none-eabi/lib/thumb/v7e-m+fp/hard\libc_nano.a(lib_a-errno.o)
                              ./Core/Src/syscalls.o (__errno)
c:/st/stm32cubeide_1.7.0/stm32cubeide/plugins/com.st.stm32cube.ide.mcu.externaltools.gnu-tools-for-stm32.9-2020-q2-update.win32_2.0.0.202105311346/tools/bin/../lib/gcc/arm-none-eabi/9.3.1/../../../../arm-none-eabi/lib/thumb/v7e-m+fp/hard\libc_nano.a(lib_a-exit.o)
                              c:/st/stm32cubeide_1.7.0/stm32cubeide/plugins/com.st.stm32cube.ide.mcu.externaltools.gnu-tools-for-stm32.9-2020-q2-update.win32_2.0.0.202105311346/tools/bin/../lib/gcc/arm-none-eabi/9.3.1/../../../../arm-none-eabi/lib/thumb/v7e-m+fp/hard/crt0.o (exit)
c:/st/stm32cubeide_1.7.0/stm32cubeide/plugins/com.st.stm32cube.ide.mcu.externaltools.gnu-tools-for-stm32.9-2020-q2-update.win32_2.0.0.202105311346/tools/bin/../lib/gcc/arm-none-eabi/9.3.1/../../../../arm-none-eabi/lib/thumb/v7e-m+fp/hard\libc_nano.a(lib_a-impure.o)
                              c:/st/stm32cubeide_1.7.0/stm32cubeide/plugins/com.st.stm32cube.ide.mcu.externaltools.gnu-tools-for-stm32.9-2020-q2-update.win32_2.0.0.202105311346/tools/bin/../lib/gcc/arm-none-eabi/9.3.1/../../../../arm-none-eabi/lib/thumb/v7e-m+fp/hard\libc_nano.a(lib_a-exit.o) (_global_impure_ptr)
c:/st/stm32cubeide_1.7.0/stm32cubeide/plugins/com.st.stm32cube.ide.mcu.externaltools.gnu-tools-for-stm32.9-2020-q2-update.win32_2.0.0.202105311346/tools/bin/../lib/gcc/arm-none-eabi/9.3.1/../../../../arm-none-eabi/lib/thumb/v7e-m+fp/hard\libc_nano.a(lib_a-init.o)
                              c:/st/stm32cubeide_1.7.0/stm32cubeide/plugins/com.st.stm32cube.ide.mcu.externaltools.gnu-tools-for-stm32.9-2020-q2-update.win32_2.0.0.202105311346/tools/bin/../lib/gcc/arm-none-eabi/9.3.1/../../../../arm-none-eabi/lib/thumb/v7e-m+fp/hard/crt0.o (__libc_init_array)
c:/st/stm32cubeide_1.7.0/stm32cubeide/plugins/com.st.stm32cube.ide.mcu.externaltools.gnu-tools-for-stm32.9-2020-q2-update.win32_2.0.0.202105311346/tools/bin/../lib/gcc/arm-none-eabi/9.3.1/../../../../arm-none-eabi/lib/thumb/v7e-m+fp/hard\libc_nano.a(lib_a-memset.o)
                              c:/st/stm32cubeide_1.7.0/stm32cubeide/plugins/com.st.stm32cube.ide.mcu.externaltools.gnu-tools-for-stm32.9-2020-q2-update.win32_2.0.0.202105311346/tools/bin/../lib/gcc/arm-none-eabi/9.3.1/../../../../arm-none-eabi/lib/thumb/v7e-m+fp/hard/crt0.o (memset)
c:/st/stm32cubeide_1.7.0/stm32cubeide/plugins/com.st.stm32cube.ide.mcu.externaltools.gnu-tools-for-stm32.9-2020-q2-update.win32_2.0.0.202105311346/tools/bin/../lib/gcc/arm-none-eabi/9.3.1/../../../../arm-none-eabi/lib/thumb/v7e-m+fp/hard\libc_nano.a(lib_a-strlen.o)
                              ./Core/Src/lcd.o (strlen)
c:/st/stm32cubeide_1.7.0/stm32cubeide/plugins/com.st.stm32cube.ide.mcu.externaltools.gnu-tools-for-stm32.9-2020-q2-update.win32_2.0.0.202105311346/tools/bin/../lib/gcc/arm-none-eabi/9.3.1/thumb/v7e-m+fp/hard\libgcc.a(_aeabi_uldivmod.o)
                              ./Drivers/STM32F4xx_HAL_Driver/Src/stm32f4xx_hal_rcc.o (__aeabi_uldivmod)
c:/st/stm32cubeide_1.7.0/stm32cubeide/plugins/com.st.stm32cube.ide.mcu.externaltools.gnu-tools-for-stm32.9-2020-q2-update.win32_2.0.0.202105311346/tools/bin/../lib/gcc/arm-none-eabi/9.3.1/thumb/v7e-m+fp/hard\libgcc.a(_udivmoddi4.o)
                              c:/st/stm32cubeide_1.7.0/stm32cubeide/plugins/com.st.stm32cube.ide.mcu.externaltools.gnu-tools-for-stm32.9-2020-q2-update.win32_2.0.0.202105311346/tools/bin/../lib/gcc/arm-none-eabi/9.3.1/thumb/v7e-m+fp/hard\libgcc.a(_aeabi_uldivmod.o) (__udivmoddi4)
c:/st/stm32cubeide_1.7.0/stm32cubeide/plugins/com.st.stm32cube.ide.mcu.externaltools.gnu-tools-for-stm32.9-2020-q2-update.win32_2.0.0.202105311346/tools/bin/../lib/gcc/arm-none-eabi/9.3.1/thumb/v7e-m+fp/hard\libgcc.a(_dvmd_tls.o)
                              c:/st/stm32cubeide_1.7.0/stm32cubeide/plugins/com.st.stm32cube.ide.mcu.externaltools.gnu-tools-for-stm32.9-2020-q2-update.win32_2.0.0.202105311346/tools/bin/../lib/gcc/arm-none-eabi/9.3.1/thumb/v7e-m+fp/hard\libgcc.a(_aeabi_uldivmod.o) (__aeabi_ldiv0)

Allocating common symbols
Common symbol       size              file

uwTick              0x4               ./Drivers/STM32F4xx_HAL_Driver/Src/stm32f4xx_hal.o
pFlash              0x20              ./Drivers/STM32F4xx_HAL_Driver/Src/stm32f4xx_hal_flash.o
hsram1              0x50              ./Core/Src/fsmc.o
button_count        0x20              ./Core/Src/button.o
numberValue         0x2               ./Core/Src/main.o
lcddev              0x6               ./Core/Src/lcd.o
s                   0x32              ./Core/Src/lcd.o
hspi1               0x58              ./Core/Src/spi.o
htim2               0x48              ./Core/Src/tim.o

Discarded input sections

[...]
Memory Configuration

Name             Origin             Length             Attributes
CCMRAM           0x0000000010000000 0x0000000000010000 xrw
RAM              0x0000000020000000 0x0000000000020000 xrw
FLASH            0x0000000008000000 0x0000000000080000 xr
*default*        0x0000000000000000 0xffffffffffffffff

Linker script and memory map

LOAD c:/st/stm32cubeide_1.7.0/stm32cubeide/plugins/com.st.stm32cube.ide.mcu.externaltools.gnu-tools-for-stm32.9-2020-q2-update.win32_2.0.0.202105311346/tools/bin/../lib/gcc/arm-none-eabi/9.3.1/thumb/v7e-m+fp/hard/crti.o
LOAD c:/st/stm32cubeide_1.7.0/stm32cubeide/plugins/com.st.stm32cube.ide.mcu.externaltools.gnu-tools-for-stm32.9-2020-q2-update.win32_2.0.0.202105311346/tools/bin/../lib/gcc/arm-none-eabi/9.3.1/thumb/v7e-m+fp/hard/crtbegin.o
LOAD c:/st/stm32cubeide_1.7.0/stm32cubeide/plugins/com.st.stm32cube.ide.mcu.externaltools.gnu-tools-for-stm32.9-2020-q2-update.win32_2.0.0.202105311346/tools/bin/../lib/gcc/arm-none-eabi/9.3.1/../../../../arm-none-eabi/lib/thumb/v7e-m+fp/hard/crt0.o
LOAD ./Core/Src/button.o
LOAD ./Core/Src/fsmc.o
LOAD ./Core/Src/gpio.o
LOAD ./Core/Src/lcd.o
LOAD ./Core/Src/led7seg.o
LOAD ./Core/Src/main.o
LOAD ./Core/Src/picture.o
LOAD ./Core/Src/software_timer.o
LOAD ./Core/Src/spi.o
LOAD ./Core/Src/stm32f4xx_hal_msp.o
LOAD ./Core/Src/stm32f4xx_it.o
LOAD ./Core/Src/syscalls.o
LOAD ./Core/Src/sysmem.o
LOAD ./Core/Src/system_stm32f4xx.o
LOAD ./Core/Src/tim.o
LOAD ./Core/Startup/startup_stm32f407zetx.o
LOAD ./Drivers/STM32F4xx_HAL_Driver/Src/stm32f4xx_hal.o
LOAD ./Drivers/STM32F4xx_HAL_Driver/Src/stm32f4xx_hal_cortex.o
LOAD ./Drivers/STM32F4xx_HAL_Driver/Src/stm32f4xx_hal_dma.o
LOAD ./Drivers/STM32F4xx_HAL_Driver/Src/stm32f4xx_hal_dma_ex.o
LOAD ./Drivers/STM32F4xx_HAL_Driver/Src/stm32f4xx_hal_exti.o
LOAD ./Drivers/STM32F4xx_HAL_Driver/Src/stm32f4xx_hal_flash.o
LOAD ./Drivers/STM32F4xx_HAL_Driver/Src/stm32f4xx_hal_flash_ex.o
LOAD ./Drivers/STM32F4xx_HAL_Driver/Src/stm32f4xx_hal_flash_ramfunc.o
LOAD ./Drivers/STM32F4xx_HAL_Driver/Src/stm32f4xx_hal_gpio.o
LOAD ./Drivers/STM32F4xx_HAL_Driver/Src/stm32f4xx_hal_pwr.o
LOAD ./Drivers/STM32F4xx_HAL_Driver/Src/stm32f4xx_hal_pwr_ex.o
LOAD ./Drivers/STM32F4xx_HAL_Driver/Src/stm32f4xx_hal_rcc.o
LOAD ./Drivers/STM32F4xx_HAL_Driver/Src/stm32f4xx_hal_rcc_ex.o
LOAD ./Drivers/STM32F4xx_HAL_Driver/Src/stm32f4xx_hal_spi.o
LOAD ./Drivers/STM32F4xx_HAL_Driver/Src/stm32f4xx_hal_sram.o
LOAD ./Drivers/STM32F4xx_HAL_Driver/Src/stm32f4xx_hal_tim.o
LOAD ./Drivers/STM32F4xx_HAL_Driver/Src/stm32f4xx_hal_tim_ex.o
LOAD ./Drivers/STM32F4xx_HAL_Driver/Src/stm32f4xx_ll_fsmc.o
START GROUP
LOAD c:/st/stm32cubeide_1.7.0/stm32cubeide/plugins/com.st.stm32cube.ide.mcu.externaltools.gnu-tools-for-stm32.9-2020-q2-update.win32_2.0.0.202105311346/tools/bin/../lib/gcc/arm-none-eabi/9.3.1/../../../../arm-none-eabi/lib/thumb/v7e-m+fp/hard\libc_nano.a
LOAD c:/st/stm32cubeide_1.7.0/stm32cubeide/plugins/com.st.stm32cube.ide.mcu.externaltools.gnu-tools-for-stm32.9-2020-q2-update.win32_2.0.0.202105311346/tools/bin/../lib/gcc/arm-none-eabi/9.3.1/../../../../arm-none-eabi/lib/thumb/v7e-m+fp/hard\libm.a
END GROUP
START GROUP
LOAD c:/st/stm32cubeide_1.7.0/stm32cubeide/plugins/com.st.stm32cube.ide.mcu.externaltools.gnu-tools-for-stm32.9-2020-q2-update.win32_2.0.0.202105311346/tools/bin/../lib/gcc/arm-none-eabi/9.3.1/thumb/v7e-m+fp/hard\libgcc.a
LOAD c:/st/stm32cubeide_1.7.0/stm32cubeide/plugins/com.st.stm32cube.ide.mcu.externaltools.gnu-tools-for-stm32.9-2020-q2-update.win32_2.0.0.202105311346/tools/bin/../lib/gcc/arm-none-eabi/9.3.1/../../../../arm-none-eabi/lib/thumb/v7e-m+fp/hard\libc_nano.a
END GROUP
START GROUP
LOAD c:/st/stm32cubeide_1.7.0/stm32cubeide/plugins/com.st.stm32cube.ide.mcu.externaltools.gnu-tools-for-stm32.9-2020-q2-update.win32_2.0.0.202105311346/tools/bin/../lib/gcc/arm-none-eabi/9.3.1/thumb/v7e-m+fp/hard\libgcc.a
LOAD c:/st/stm32cubeide_1.7.0/stm32cubeide/plugins/com.st.stm32cube.ide.mcu.externaltools.gnu-tools-for-stm32.9-2020-q2-update.win32_2.0.0.202105311346/tools/bin/../lib/gcc/arm-none-eabi/9.3.1/../../../../arm-none-eabi/lib/thumb/v7e-m+fp/hard\libc_nano.a
LOAD c:/st/stm32cubeide_1.7.0/stm32cubeide/plugins/com.st.stm32cube.ide.mcu.externaltools.gnu-tools-for-stm32.9-2020-q2-update.win32_2.0.0.202105311346/tools/bin/../lib/gcc/arm-none-eabi/9.3.1/../../../../arm-none-eabi/lib/thumb/v7e-m+fp/hard\libnosys.a
END GROUP
START GROUP
LOAD c:/st/stm32cubeide_1.7.0/stm32cubeide/plugins/com.st.stm32cube.ide.mcu.externaltools.gnu-tools-for-stm32.9-2020-q2-update.win32_2.0.0.202105311346/tools/bin/../lib/gcc/arm-none-eabi/9.3.1/thumb/v7e-m+fp/hard\libgcc.a
LOAD c:/st/stm32cubeide_1.7.0/stm32cubeide/plugins/com.st.stm32cube.ide.mcu.externaltools.gnu-tools-for-stm32.9-2020-q2-update.win32_2.0.0.202105311346/tools/bin/../lib/gcc/arm-none-eabi/9.3.1/../../../../arm-none-eabi/lib/thumb/v7e-m+fp/hard\libc_nano.a
LOAD c:/st/stm32cubeide_1.7.0/stm32cubeide/plugins/com.st.stm32cube.ide.mcu.externaltools.gnu-tools-for-stm32.9-2020-q2-update.win32_2.0.0.202105311346/tools/bin/../lib/gcc/arm-none-eabi/9.3.1/../../../../arm-none-eabi/lib/thumb/v7e-m+fp/hard\libnosys.a
END GROUP
LOAD c:/st/stm32cubeide_1.7.0/stm32cubeide/plugins/com.st.stm32cube.ide.mcu.externaltools.gnu-tools-for-stm32.9-2020-q2-update.win32_2.0.0.202105311346/tools/bin/../lib/gcc/arm-none-eabi/9.3.1/thumb/v7e-m+fp/hard/crtend.o
LOAD c:/st/stm32cubeide_1.7.0/stm32cubeide/plugins/com.st.stm32cube.ide.mcu.externaltools.gnu-tools-for-stm32.9-2020-q2-update.win32_2.0.0.202105311346/tools/bin/../lib/gcc/arm-none-eabi/9.3.1/thumb/v7e-m+fp/hard/crtn.o
                0x0000000020020000                _estack = (ORIGIN (RAM) + LENGTH (RAM))
                0x0000000000000200                _Min_Heap_Size = 0x200
                0x0000000000000400                _Min_Stack_Size = 0x400

.isr_vector     0x0000000008000000      0x188
                0x0000000008000000                . = ALIGN (0x4)
 *(.isr_vector)
 .isr_vector    0x0000000008000000      0x188 ./Core/Startup/startup_stm32f407zetx.o
                0x0000000008000000                g_pfnVectors
                0x0000000008000188                . = ALIGN (0x4)

.text           0x0000000008000188     0x4178
                0x0000000008000188                . = ALIGN (0x4)
 *(.text)
 .text          0x0000000008000188       0x40 c:/st/stm32cubeide_1.7.0/stm32cubeide/plugins/com.st.stm32cube.ide.mcu.externaltools.gnu-tools-for-stm32.9-2020-q2-update.win32_2.0.0.202105311346/tools/bin/../lib/gcc/arm-none-eabi/9.3.1/thumb/v7e-m+fp/hard/crtbegin.o
 .text          0x00000000080001c8       0x30 c:/st/stm32cubeide_1.7.0/stm32cubeide/plugins/com.st.stm32cube.ide.mcu.externaltools.gnu-tools-for-stm32.9-2020-q2-update.win32_2.0.0.202105311346/tools/bin/../lib/gcc/arm-none-eabi/9.3.1/thumb/v7e-m+fp/hard\libgcc.a(_aeabi_uldivmod.o)
                0x00000000080001c8                __aeabi_uldivmod
 .text          0x00000000080001f8      0x2c4 c:/st/stm32cubeide_1.7.0/stm32cubeide/plugins/com.st.stm32cube.ide.mcu.externaltools.gnu-tools-for-stm32.9-2020-q2-update.win32_2.0.0.202105311346/tools/bin/../lib/gcc/arm-none-eabi/9.3.1/thumb/v7e-m+fp/hard\libgcc.a(_udivmoddi4.o)
                0x00000000080001f8                __udivmoddi4
 .text          0x00000000080004bc        0x4 c:/st/stm32cubeide_1.7.0/stm32cubeide/plugins/com.st.stm32cube.ide.mcu.externaltools.gnu-tools-for-stm32.9-2020-q2-update.win32_2.0.0.202105311346/tools/bin/../lib/gcc/arm-none-eabi/9.3.1/thumb/v7e-m+fp/hard\libgcc.a(_dvmd_tls.o)
                0x00000000080004bc                __aeabi_idiv0
                0x00000000080004bc                __aeabi_ldiv0
 *(.text*)
 .text.button_init
                0x00000000080004c0       0x18 ./Core/Src/button.o
                0x00000000080004c0                button_init
 .text.button_Scan
                0x00000000080004d8       0xd8 ./Core/Src/button.o
                0x00000000080004d8                button_Scan
 .text.MX_FSMC_Init
                0x00000000080005b0       0xf4 ./Core/Src/fsmc.o
                0x00000000080005b0                MX_FSMC_Init
 .text.HAL_FSMC_MspInit
                0x00000000080006a4       0x98 ./Core/Src/fsmc.o
 .text.HAL_SRAM_MspInit
                0x000000000800073c       0x14 ./Core/Src/fsmc.o
                0x000000000800073c                HAL_SRAM_MspInit
 .text.MX_GPIO_Init
                0x0000000008000750      0x1c0 ./Core/Src/gpio.o
                0x0000000008000750                MX_GPIO_Init
 .text.LCD_WR_REG
                0x0000000008000910       0x20 ./Core/Src/lcd.o
                0x0000000008000910                LCD_WR_REG
 .text.LCD_WR_DATA
                0x0000000008000930       0x20 ./Core/Src/lcd.o
                0x0000000008000930                LCD_WR_DATA
 .text.LCD_RD_DATA
                0x0000000008000950       0x24 ./Core/Src/lcd.o
                0x0000000008000950                LCD_RD_DATA
 .text.lcd_AddressSet
                0x0000000008000974       0x98 ./Core/Src/lcd.o
                0x0000000008000974                lcd_AddressSet
 .text.lcd_Clear
                0x0000000008000a0c       0x74 ./Core/Src/lcd.o
                0x0000000008000a0c                lcd_Clear
 .text.lcd_Fill
                0x0000000008000a80       0x6c ./Core/Src/lcd.o
                0x0000000008000a80                lcd_Fill
 .text.lcd_DrawPoint
                0x0000000008000aec       0x2e ./Core/Src/lcd.o
                0x0000000008000aec                lcd_DrawPoint
 *fill*         0x0000000008000b1a        0x2 
 .text.lcd_ShowChar
                0x0000000008000b1c      0x1a0 ./Core/Src/lcd.o
                0x0000000008000b1c                lcd_ShowChar
 .text.lcd_ShowPicture
                0x0000000008000cbc       0xac ./Core/Src/lcd.o
                0x0000000008000cbc                lcd_ShowPicture
 .text.lcd_SetDir
                0x0000000008000d68       0x48 ./Core/Src/lcd.o
                0x0000000008000d68                lcd_SetDir
 .text.lcd_init
                0x0000000008000db0      0x2c0 ./Core/Src/lcd.o
                0x0000000008000db0                lcd_init
 .text.lcd_ShowStr
                0x0000000008001070       0xc8 ./Core/Src/lcd.o
                0x0000000008001070                lcd_ShowStr
 .text.led7_init
                0x0000000008001138       0x18 ./Core/Src/led7seg.o
                0x0000000008001138                led7_init
 .text.led7_Scan
                0x0000000008001150      0x134 ./Core/Src/led7seg.o
                0x0000000008001150                led7_Scan
 .text.led7_SetDigit
                0x0000000008001284       0x48 ./Core/Src/led7seg.o
                0x0000000008001284                led7_SetDigit
 .text.led7_SetColon
                0x00000000080012cc       0x40 ./Core/Src/led7seg.o
                0x00000000080012cc                led7_SetColon
 .text.led_On   0x000000000800130c       0x44 ./Core/Src/led7seg.o
                0x000000000800130c                led_On
 .text.led_Off  0x0000000008001350       0x48 ./Core/Src/led7seg.o
                0x0000000008001350                led_Off
 .text.main     0x0000000008001398       0x84 ./Core/Src/main.o
                0x0000000008001398                main
 .text.SystemClock_Config
                0x000000000800141c       0xd4 ./Core/Src/main.o
                0x000000000800141c                SystemClock_Config
 .text.system_init
                0x00000000080014f0       0x48 ./Core/Src/main.o
                0x00000000080014f0                system_init
 .text.isButtonNumber
                0x0000000008001538       0x54 ./Core/Src/main.o
                0x0000000008001538                isButtonNumber
 .text.checkPassword
                0x000000000800158c       0x48 ./Core/Src/main.o
                0x000000000800158c                checkPassword
 .text.UnlockDoor
                0x00000000080015d4       0x98 ./Core/Src/main.o
                0x00000000080015d4                UnlockDoor
 .text.LockDoor
                0x000000000800166c       0x20 ./Core/Src/main.o
                0x000000000800166c                LockDoor
 .text.isButtonEnter
                0x000000000800168c       0x20 ./Core/Src/main.o
                0x000000000800168c                isButtonEnter
 .text.App_PasswordDoor
                0x00000000080016ac      0x270 ./Core/Src/main.o
                0x00000000080016ac                App_PasswordDoor
 .text.Error_Handler
                0x000000000800191c        0xa ./Core/Src/main.o
                0x000000000800191c                Error_Handler
 *fill*         0x0000000008001926        0x2 
 .text.timer_init
                0x0000000008001928       0x14 ./Core/Src/software_timer.o
                0x0000000008001928                timer_init
 .text.setTimer2
                0x000000000800193c       0x38 ./Core/Src/software_timer.o
                0x000000000800193c                setTimer2
 .text.HAL_TIM_PeriodElapsedCallback
                0x0000000008001974       0x54 ./Core/Src/software_timer.o
                0x0000000008001974                HAL_TIM_PeriodElapsedCallback
 .text.MX_SPI1_Init
                0x00000000080019c8       0x6c ./Core/Src/spi.o
                0x00000000080019c8                MX_SPI1_Init
 .text.HAL_SPI_MspInit
                0x0000000008001a34       0x90 ./Core/Src/spi.o
                0x0000000008001a34                HAL_SPI_MspInit
 .text.HAL_MspInit
                0x0000000008001ac4       0x50 ./Core/Src/stm32f4xx_hal_msp.o
                0x0000000008001ac4                HAL_MspInit
 .text.NMI_Handler
                0x0000000008001b14        0x6 ./Core/Src/stm32f4xx_it.o
                0x0000000008001b14                NMI_Handler
 .text.HardFault_Handler
                0x0000000008001b1a        0x6 ./Core/Src/stm32f4xx_it.o
                0x0000000008001b1a                HardFault_Handler
 .text.MemManage_Handler
                0x0000000008001b20        0x6 ./Core/Src/stm32f4xx_it.o
                0x0000000008001b20                MemManage_Handler
 .text.BusFault_Handler
                0x0000000008001b26        0x6 ./Core/Src/stm32f4xx_it.o
                0x0000000008001b26                BusFault_Handler
 .text.UsageFault_Handler
                0x0000000008001b2c        0x6 ./Core/Src/stm32f4xx_it.o
                0x0000000008001b2c                UsageFault_Handler
 .text.SVC_Handler
                0x0000000008001b32        0xe ./Core/Src/stm32f4xx_it.o
                0x0000000008001b32                SVC_Handler
 .text.DebugMon_Handler
                0x0000000008001b40        0xe ./Core/Src/stm32f4xx_it.o
                0x0000000008001b40                DebugMon_Handler
 .text.PendSV_Handler
                0x0000000008001b4e        0xe ./Core/Src/stm32f4xx_it.o
                0x0000000008001b4e                PendSV_Handler
 .text.SysTick_Handler
                0x0000000008001b5c        0xc ./Core/Src/stm32f4xx_it.o
                0x0000000008001b5c                SysTick_Handler
 .text.TIM2_IRQHandler
                0x0000000008001b68       0x14 ./Core/Src/stm32f4xx_it.o
                0x0000000008001b68                TIM2_IRQHandler
 .text.SystemInit
                0x0000000008001b7c       0x24 ./Core/Src/system_stm32f4xx.o
                0x0000000008001b7c                SystemInit
 .text.MX_TIM2_Init
                0x0000000008001ba0       0x98 ./Core/Src/tim.o
                0x0000000008001ba0                MX_TIM2_Init
 .text.HAL_TIM_Base_MspInit
                0x0000000008001c38       0x4c ./Core/Src/tim.o
                0x0000000008001c38                HAL_TIM_Base_MspInit
 .text.Reset_Handler
                0x0000000008001c84       0x50 ./Core/Startup/startup_stm32f407zetx.o
                0x0000000008001c84                Reset_Handler
 .text.Default_Handler
                0x0000000008001cd4        0x2 ./Core/Startup/startup_stm32f407zetx.o
                0x0000000008001cd4                RTC_Alarm_IRQHandler
                0x0000000008001cd4                HASH_RNG_IRQHandler
                0x0000000008001cd4                EXTI2_IRQHandler
                0x0000000008001cd4                TIM8_CC_IRQHandler
                0x0000000008001cd4                TIM1_CC_IRQHandler
                0x0000000008001cd4                DMA2_Stream5_IRQHandler
                0x0000000008001cd4                DMA1_Stream5_IRQHandler
                0x0000000008001cd4                PVD_IRQHandler
                0x0000000008001cd4                SDIO_IRQHandler
                0x0000000008001cd4                TAMP_STAMP_IRQHandler
                0x0000000008001cd4                CAN2_RX1_IRQHandler
                0x0000000008001cd4                EXTI3_IRQHandler
                0x0000000008001cd4                TIM8_TRG_COM_TIM14_IRQHandler
                0x0000000008001cd4                TIM1_UP_TIM10_IRQHandler
                0x0000000008001cd4                TIM8_UP_TIM13_IRQHandler
                0x0000000008001cd4                I2C3_ER_IRQHandler
                0x0000000008001cd4                EXTI0_IRQHandler
                0x0000000008001cd4                I2C2_EV_IRQHandler
                0x0000000008001cd4                DMA1_Stream2_IRQHandler
                0x0000000008001cd4                CAN1_RX0_IRQHandler
                0x0000000008001cd4                FPU_IRQHandler
                0x0000000008001cd4                OTG_HS_WKUP_IRQHandler
                0x0000000008001cd4                CAN2_SCE_IRQHandler
                0x0000000008001cd4                DMA2_Stream2_IRQHandler
                0x0000000008001cd4                SPI1_IRQHandler
                0x0000000008001cd4                TIM6_DAC_IRQHandler
                0x0000000008001cd4                TIM1_BRK_TIM9_IRQHandler
                0x0000000008001cd4                DCMI_IRQHandler
                0x0000000008001cd4                CAN2_RX0_IRQHandler
                0x0000000008001cd4                DMA2_Stream3_IRQHandler
                0x0000000008001cd4                USART6_IRQHandler
                0x0000000008001cd4                USART3_IRQHandler
                0x0000000008001cd4                CAN1_RX1_IRQHandler
                0x0000000008001cd4                UART5_IRQHandler
                0x0000000008001cd4                DMA2_Stream0_IRQHandler
                0x0000000008001cd4                TIM4_IRQHandler
                0x0000000008001cd4                I2C1_EV_IRQHandler
                0x0000000008001cd4                DMA1_Stream6_IRQHandler
                0x0000000008001cd4                DMA1_Stream1_IRQHandler
                0x0000000008001cd4                UART4_IRQHandler
                0x0000000008001cd4                TIM3_IRQHandler
                0x0000000008001cd4                RCC_IRQHandler
                0x0000000008001cd4                TIM8_BRK_TIM12_IRQHandler
                0x0000000008001cd4                Default_Handler
                0x0000000008001cd4                EXTI15_10_IRQHandler
                0x0000000008001cd4                ADC_IRQHandler
                0x0000000008001cd4                DMA1_Stream7_IRQHandler
                0x0000000008001cd4                TIM7_IRQHandler
                0x0000000008001cd4                CAN2_TX_IRQHandler
                0x0000000008001cd4                TIM5_IRQHandler
                0x0000000008001cd4                DMA2_Stream7_IRQHandler
                0x0000000008001cd4                I2C3_EV_IRQHandler
                0x0000000008001cd4                EXTI9_5_IRQHandler
                0x0000000008001cd4                RTC_WKUP_IRQHandler
                0x0000000008001cd4                ETH_WKUP_IRQHandler
                0x0000000008001cd4                SPI2_IRQHandler
                0x0000000008001cd4                OTG_HS_EP1_IN_IRQHandler
                0x0000000008001cd4                DMA1_Stream0_IRQHandler
                0x0000000008001cd4                CAN1_TX_IRQHandler
                0x0000000008001cd4                EXTI4_IRQHandler
                0x0000000008001cd4                FSMC_IRQHandler
                0x0000000008001cd4                ETH_IRQHandler
                0x0000000008001cd4                OTG_HS_EP1_OUT_IRQHandler
                0x0000000008001cd4                WWDG_IRQHandler
                0x0000000008001cd4                OTG_FS_WKUP_IRQHandler
                0x0000000008001cd4                TIM1_TRG_COM_TIM11_IRQHandler
                0x0000000008001cd4                OTG_HS_IRQHandler
                0x0000000008001cd4                EXTI1_IRQHandler
                0x0000000008001cd4                USART2_IRQHandler
                0x0000000008001cd4                I2C2_ER_IRQHandler
                0x0000000008001cd4                DMA2_Stream1_IRQHandler
                0x0000000008001cd4                CAN1_SCE_IRQHandler
                0x0000000008001cd4                FLASH_IRQHandler
                0x0000000008001cd4                DMA2_Stream4_IRQHandler
                0x0000000008001cd4                USART1_IRQHandler
                0x0000000008001cd4                OTG_FS_IRQHandler
                0x0000000008001cd4                SPI3_IRQHandler
                0x0000000008001cd4                DMA1_Stream4_IRQHandler
                0x0000000008001cd4                I2C1_ER_IRQHandler
                0x0000000008001cd4                DMA2_Stream6_IRQHandler
                0x0000000008001cd4                DMA1_Stream3_IRQHandler
 *fill*         0x0000000008001cd6        0x2 
 .text.HAL_Init
                0x0000000008001cd8       0x44 ./Drivers/STM32F4xx_HAL_Driver/Src/stm32f4xx_hal.o
                0x0000000008001cd8                HAL_Init
 .text.HAL_InitTick
                0x0000000008001d1c       0x60 ./Drivers/STM32F4xx_HAL_Driver/Src/stm32f4xx_hal.o
                0x0000000008001d1c                HAL_InitTick
 .text.HAL_IncTick
                0x0000000008001d7c       0x28 ./Drivers/STM32F4xx_HAL_Driver/Src/stm32f4xx_hal.o
                0x0000000008001d7c                HAL_IncTick
 .text.HAL_GetTick
                0x0000000008001da4       0x18 ./Drivers/STM32F4xx_HAL_Driver/Src/stm32f4xx_hal.o
                0x0000000008001da4                HAL_GetTick
 .text.HAL_Delay
                0x0000000008001dbc       0x48 ./Drivers/STM32F4xx_HAL_Driver/Src/stm32f4xx_hal.o
                0x0000000008001dbc                HAL_Delay
 .text.__NVIC_SetPriorityGrouping
                0x0000000008001e04       0x48 ./Drivers/STM32F4xx_HAL_Driver/Src/stm32f4xx_hal_cortex.o
 .text.__NVIC_GetPriorityGrouping
                0x0000000008001e4c       0x1c ./Drivers/STM32F4xx_HAL_Driver/Src/stm32f4xx_hal_cortex.o
 .text.__NVIC_EnableIRQ
                0x0000000008001e68       0x3c ./Drivers/STM32F4xx_HAL_Driver/Src/stm32f4xx_hal_cortex.o
 .text.__NVIC_SetPriority
                0x0000000008001ea4       0x54 ./Drivers/STM32F4xx_HAL_Driver/Src/stm32f4xx_hal_cortex.o
 .text.NVIC_EncodePriority
                0x0000000008001ef8       0x66 ./Drivers/STM32F4xx_HAL_Driver/Src/stm32f4xx_hal_cortex.o
 *fill*         0x0000000008001f5e        0x2 
 .text.SysTick_Config
                0x0000000008001f60       0x44 ./Drivers/STM32F4xx_HAL_Driver/Src/stm32f4xx_hal_cortex.o
 .text.HAL_NVIC_SetPriorityGrouping
                0x0000000008001fa4       0x16 ./Drivers/STM32F4xx_HAL_Driver/Src/stm32f4xx_hal_cortex.o
                0x0000000008001fa4                HAL_NVIC_SetPriorityGrouping
 .text.HAL_NVIC_SetPriority
                0x0000000008001fba       0x38 ./Drivers/STM32F4xx_HAL_Driver/Src/stm32f4xx_hal_cortex.o
                0x0000000008001fba                HAL_NVIC_SetPriority
 .text.HAL_NVIC_EnableIRQ
                0x0000000008001ff2       0x1c ./Drivers/STM32F4xx_HAL_Driver/Src/stm32f4xx_hal_cortex.o
                0x0000000008001ff2                HAL_NVIC_EnableIRQ
 .text.HAL_SYSTICK_Config
                0x000000000800200e       0x18 ./Drivers/STM32F4xx_HAL_Driver/Src/stm32f4xx_hal_cortex.o
                0x000000000800200e                HAL_SYSTICK_Config
 *fill*         0x0000000008002026        0x2 
 .text.HAL_GPIO_Init
                0x0000000008002028      0x338 ./Drivers/STM32F4xx_HAL_Driver/Src/stm32f4xx_hal_gpio.o
                0x0000000008002028                HAL_GPIO_Init
 .text.HAL_GPIO_WritePin
                0x0000000008002360       0x32 ./Drivers/STM32F4xx_HAL_Driver/Src/stm32f4xx_hal_gpio.o
                0x0000000008002360                HAL_GPIO_WritePin
 *fill*         0x0000000008002392        0x2 
 .text.HAL_RCC_OscConfig
                0x0000000008002394      0x4f0 ./Drivers/STM32F4xx_HAL_Driver/Src/stm32f4xx_hal_rcc.o
                0x0000000008002394                HAL_RCC_OscConfig
 .text.HAL_RCC_ClockConfig
                0x0000000008002884      0x1cc ./Drivers/STM32F4xx_HAL_Driver/Src/stm32f4xx_hal_rcc.o
                0x0000000008002884                HAL_RCC_ClockConfig
 .text.HAL_RCC_GetSysClockFreq
                0x0000000008002a50      0x1c4 ./Drivers/STM32F4xx_HAL_Driver/Src/stm32f4xx_hal_rcc.o
                0x0000000008002a50                HAL_RCC_GetSysClockFreq
 .text.HAL_SPI_Init
                0x0000000008002c14      0x112 ./Drivers/STM32F4xx_HAL_Driver/Src/stm32f4xx_hal_spi.o
                0x0000000008002c14                HAL_SPI_Init
 .text.HAL_SPI_Transmit
                0x0000000008002d26      0x278 ./Drivers/STM32F4xx_HAL_Driver/Src/stm32f4xx_hal_spi.o
                0x0000000008002d26                HAL_SPI_Transmit
 .text.HAL_SPI_Receive
                0x0000000008002f9e      0x222 ./Drivers/STM32F4xx_HAL_Driver/Src/stm32f4xx_hal_spi.o
                0x0000000008002f9e                HAL_SPI_Receive
 .text.HAL_SPI_TransmitReceive
                0x00000000080031c0      0x344 ./Drivers/STM32F4xx_HAL_Driver/Src/stm32f4xx_hal_spi.o
                0x00000000080031c0                HAL_SPI_TransmitReceive
 .text.SPI_WaitFlagStateUntilTimeout
                0x0000000008003504      0x110 ./Drivers/STM32F4xx_HAL_Driver/Src/stm32f4xx_hal_spi.o
 .text.SPI_EndRxTransaction
                0x0000000008003614       0xca ./Drivers/STM32F4xx_HAL_Driver/Src/stm32f4xx_hal_spi.o
 *fill*         0x00000000080036de        0x2 
 .text.SPI_EndRxTxTransaction
                0x00000000080036e0       0x84 ./Drivers/STM32F4xx_HAL_Driver/Src/stm32f4xx_hal_spi.o
 .text.HAL_SRAM_Init
                0x0000000008003764       0x88 ./Drivers/STM32F4xx_HAL_Driver/Src/stm32f4xx_hal_sram.o
                0x0000000008003764                HAL_SRAM_Init
 .text.HAL_TIM_Base_Init
                0x00000000080037ec       0x9e ./Drivers/STM32F4xx_HAL_Driver/Src/stm32f4xx_hal_tim.o
                0x00000000080037ec                HAL_TIM_Base_Init
 *fill*         0x000000000800388a        0x2 
 .text.HAL_TIM_Base_Start_IT
                0x000000000800388c       0xe0 ./Drivers/STM32F4xx_HAL_Driver/Src/stm32f4xx_hal_tim.o
                0x000000000800388c                HAL_TIM_Base_Start_IT
 .text.HAL_TIM_IRQHandler
                0x000000000800396c      0x210 ./Drivers/STM32F4xx_HAL_Driver/Src/stm32f4xx_hal_tim.o
                0x000000000800396c                HAL_TIM_IRQHandler
 .text.HAL_TIM_ConfigClockSource
                0x0000000008003b7c      0x18e ./Drivers/STM32F4xx_HAL_Driver/Src/stm32f4xx_hal_tim.o
                0x0000000008003b7c                HAL_TIM_ConfigClockSource
 .text.HAL_TIM_OC_DelayElapsedCallback
                0x0000000008003d0a       0x14 ./Drivers/STM32F4xx_HAL_Driver/Src/stm32f4xx_hal_tim.o
                0x0000000008003d0a                HAL_TIM_OC_DelayElapsedCallback
 .text.HAL_TIM_IC_CaptureCallback
                0x0000000008003d1e       0x14 ./Drivers/STM32F4xx_HAL_Driver/Src/stm32f4xx_hal_tim.o
                0x0000000008003d1e                HAL_TIM_IC_CaptureCallback
 .text.HAL_TIM_PWM_PulseFinishedCallback
                0x0000000008003d32       0x14 ./Drivers/STM32F4xx_HAL_Driver/Src/stm32f4xx_hal_tim.o
                0x0000000008003d32                HAL_TIM_PWM_PulseFinishedCallback
 .text.HAL_TIM_TriggerCallback
                0x0000000008003d46       0x14 ./Drivers/STM32F4xx_HAL_Driver/Src/stm32f4xx_hal_tim.o
                0x0000000008003d46                HAL_TIM_TriggerCallback
 *fill*         0x0000000008003d5a        0x2 
 .text.TIM_Base_SetConfig
                0x0000000008003d5c      0x140 ./Drivers/STM32F4xx_HAL_Driver/Src/stm32f4xx_hal_tim.o
                0x0000000008003d5c                TIM_Base_SetConfig
 .text.TIM_TI1_ConfigInputStage
                0x0000000008003e9c       0x5e ./Drivers/STM32F4xx_HAL_Driver/Src/stm32f4xx_hal_tim.o
 .text.TIM_TI2_ConfigInputStage
                0x0000000008003efa       0x60 ./Drivers/STM32F4xx_HAL_Driver/Src/stm32f4xx_hal_tim.o
 .text.TIM_ITRx_SetConfig
                0x0000000008003f5a       0x36 ./Drivers/STM32F4xx_HAL_Driver/Src/stm32f4xx_hal_tim.o
 .text.TIM_ETR_SetConfig
                0x0000000008003f90       0x40 ./Drivers/STM32F4xx_HAL_Driver/Src/stm32f4xx_hal_tim.o
                0x0000000008003f90                TIM_ETR_SetConfig
 .text.HAL_TIMEx_MasterConfigSynchronization
                0x0000000008003fd0       0xf8 ./Drivers/STM32F4xx_HAL_Driver/Src/stm32f4xx_hal_tim_ex.o
                0x0000000008003fd0                HAL_TIMEx_MasterConfigSynchronization
 .text.HAL_TIMEx_CommutCallback
                0x00000000080040c8       0x14 ./Drivers/STM32F4xx_HAL_Driver/Src/stm32f4xx_hal_tim_ex.o
                0x00000000080040c8                HAL_TIMEx_CommutCallback
 .text.HAL_TIMEx_BreakCallback
                0x00000000080040dc       0x14 ./Drivers/STM32F4xx_HAL_Driver/Src/stm32f4xx_hal_tim_ex.o
                0x00000000080040dc                HAL_TIMEx_BreakCallback
 .text.FSMC_NORSRAM_Init
                0x00000000080040f0       0xa4 ./Drivers/STM32F4xx_HAL_Driver/Src/stm32f4xx_ll_fsmc.o
                0x00000000080040f0                FSMC_NORSRAM_Init
 .text.FSMC_NORSRAM_Timing_Init
                0x0000000008004194       0x7a ./Drivers/STM32F4xx_HAL_Driver/Src/stm32f4xx_ll_fsmc.o
                0x0000000008004194                FSMC_NORSRAM_Timing_Init
 *fill*         0x000000000800420e        0x2 
 .text.FSMC_NORSRAM_Extended_Timing_Init
                0x0000000008004210       0x80 ./Drivers/STM32F4xx_HAL_Driver/Src/stm32f4xx_ll_fsmc.o
                0x0000000008004210                FSMC_NORSRAM_Extended_Timing_Init
 .text.__libc_init_array
                0x0000000008004290       0x48 c:/st/stm32cubeide_1.7.0/stm32cubeide/plugins/com.st.stm32cube.ide.mcu.externaltools.gnu-tools-for-stm32.9-2020-q2-update.win32_2.0.0.202105311346/tools/bin/../lib/gcc/arm-none-eabi/9.3.1/../../../../arm-none-eabi/lib/thumb/v7e-m+fp/hard\libc_nano.a(lib_a-init.o)
                0x0000000008004290                __libc_init_array
 .text.memset   0x00000000080042d8       0x10 c:/st/stm32cubeide_1.7.0/stm32cubeide/plugins/com.st.stm32cube.ide.mcu.externaltools.gnu-tools-for-stm32.9-2020-q2-update.win32_2.0.0.202105311346/tools/bin/../lib/gcc/arm-none-eabi/9.3.1/../../../../arm-none-eabi/lib/thumb/v7e-m+fp/hard\libc_nano.a(lib_a-memset.o)
                0x00000000080042d8                memset
 *(.glue_7)
 .glue_7        0x00000000080042e8        0x0 linker stubs
 *(.glue_7t)
 .glue_7t       0x00000000080042e8        0x0 linker stubs
 *(.eh_frame)
 .eh_frame      0x00000000080042e8        0x0 c:/st/stm32cubeide_1.7.0/stm32cubeide/plugins/com.st.stm32cube.ide.mcu.externaltools.gnu-tools-for-stm32.9-2020-q2-update.win32_2.0.0.202105311346/tools/bin/../lib/gcc/arm-none-eabi/9.3.1/thumb/v7e-m+fp/hard/crtbegin.o
 *(.init)
 .init          0x00000000080042e8        0x4 c:/st/stm32cubeide_1.7.0/stm32cubeide/plugins/com.st.stm32cube.ide.mcu.externaltools.gnu-tools-for-stm32.9-2020-q2-update.win32_2.0.0.202105311346/tools/bin/../lib/gcc/arm-none-eabi/9.3.1/thumb/v7e-m+fp/hard/crti.o
                0x00000000080042e8                _init
 .init          0x00000000080042ec        0x8 c:/st/stm32cubeide_1.7.0/stm32cubeide/plugins/com.st.stm32cube.ide.mcu.externaltools.gnu-tools-for-stm32.9-2020-q2-update.win32_2.0.0.202105311346/tools/bin/../lib/gcc/arm-none-eabi/9.3.1/thumb/v7e-m+fp/hard/crtn.o
 *(.fini)
 .fini          0x00000000080042f4        0x4 c:/st/stm32cubeide_1.7.0/stm32cubeide/plugins/com.st.stm32cube.ide.mcu.externaltools.gnu-tools-for-stm32.9-2020-q2-update.win32_2.0.0.202105311346/tools/bin/../lib/gcc/arm-none-eabi/9.3.1/thumb/v7e-m+fp/hard/crti.o
                0x00000000080042f4                _fini
 .fini          0x00000000080042f8        0x8 c:/st/stm32cubeide_1.7.0/stm32cubeide/plugins/com.st.stm32cube.ide.mcu.externaltools.gnu-tools-for-stm32.9-2020-q2-update.win32_2.0.0.202105311346/tools/bin/../lib/gcc/arm-none-eabi/9.3.1/thumb/v7e-m+fp/hard/crtn.o
                0x0000000008004300                . = ALIGN (0x4)
                0x0000000008004300                _etext = .

.vfp11_veneer   0x0000000008004300        0x0
 .vfp11_veneer  0x0000000008004300        0x0 linker stubs

.v4_bx          0x0000000008004300        0x0
 .v4_bx         0x0000000008004300        0x0 linker stubs

.iplt           0x0000000008004300        0x0
 .iplt          0x0000000008004300        0x0 c:/st/stm32cubeide_1.7.0/stm32cubeide/plugins/com.st.stm32cube.ide.mcu.externaltools.gnu-tools-for-stm32.9-2020-q2-update.win32_2.0.0.202105311346/tools/bin/../lib/gcc/arm-none-eabi/9.3.1/thumb/v7e-m+fp/hard/crtbegin.o

.rodata         0x0000000008004300    0x661dc
                0x0000000008004300                . = ALIGN (0x4)
 *(.rodata)
 .rodata        0x0000000008004300        0x2 ./Core/Src/main.o
 *(.rodata*)
 *fill*         0x0000000008004302        0x2 
 .rodata.ascii_1608
                0x0000000008004304      0x5f0 ./Core/Src/lcd.o
                0x0000000008004304                ascii_1608
 .rodata.ascii_2412
                0x00000000080048f4     0x11d0 ./Core/Src/lcd.o
                0x00000000080048f4                ascii_2412
 .rodata.ascii_3216
                0x0000000008005ac4     0x17c0 ./Core/Src/lcd.o
                0x0000000008005ac4                ascii_3216
 .rodata.gImage_bg
                0x0000000008007284    0x25800 ./Core/Src/picture.o
                0x0000000008007284                gImage_bg
 .rodata.gImage_protect
                0x000000000802ca84      0x780 ./Core/Src/picture.o
                0x000000000802ca84                gImage_protect
 .rodata.gImage_wrong
                0x000000000802d204     0x2d10 ./Core/Src/picture.o
                0x000000000802d204                gImage_wrong
 .rodata.gImage_PW
                0x000000000802ff14     0x3048 ./Core/Src/picture.o
                0x000000000802ff14                gImage_PW
 .rodata.gImage_press1
                0x0000000008032f5c     0x5078 ./Core/Src/picture.o
                0x0000000008032f5c                gImage_press1
 .rodata.gImage_enterPW
                0x0000000008037fd4     0x4d40 ./Core/Src/picture.o
                0x0000000008037fd4                gImage_enterPW
 .rodata.gImage_wrongPW
                0x000000000803cd14     0x554c ./Core/Src/picture.o
                0x000000000803cd14                gImage_wrongPW
 .rodata.gImage_door1
                0x0000000008042260     0x4e34 ./Core/Src/picture.o
                0x0000000008042260                gImage_door1
 .rodata.gImage_door2
                0x0000000008047094     0x4e34 ./Core/Src/picture.o
                0x0000000008047094                gImage_door2
 .rodata.gImage_door3
                0x000000000804bec8     0x4e34 ./Core/Src/picture.o
                0x000000000804bec8                gImage_door3
 .rodata.gImage_door4
                0x0000000008050cfc     0x5460 ./Core/Src/picture.o
                0x0000000008050cfc                gImage_door4
 .rodata.gImage_door5
                0x000000000805615c     0x6108 ./Core/Src/picture.o
                0x000000000805615c                gImage_door5
 .rodata.gImage_door6
                0x000000000805c264     0x69a8 ./Core/Src/picture.o
                0x000000000805c264                gImage_door6
 .rodata.gImage_door7
                0x0000000008062c0c     0x78c0 ./Core/Src/picture.o
                0x0000000008062c0c                gImage_door7
 .rodata.AHBPrescTable
                0x000000000806a4cc       0x10 ./Core/Src/system_stm32f4xx.o
                0x000000000806a4cc                AHBPrescTable
                0x000000000806a4dc                . = ALIGN (0x4)

.ARM.extab      0x000000000806a4dc        0x0
                0x000000000806a4dc                . = ALIGN (0x4)
 *(.ARM.extab* .gnu.linkonce.armextab.*)
                0x000000000806a4dc                . = ALIGN (0x4)

.ARM            0x000000000806a4dc        0x8
                0x000000000806a4dc                . = ALIGN (0x4)
                0x000000000806a4dc                __exidx_start = .
 *(.ARM.exidx*)
 .ARM.exidx     0x000000000806a4dc        0x8 c:/st/stm32cubeide_1.7.0/stm32cubeide/plugins/com.st.stm32cube.ide.mcu.externaltools.gnu-tools-for-stm32.9-2020-q2-update.win32_2.0.0.202105311346/tools/bin/../lib/gcc/arm-none-eabi/9.3.1/thumb/v7e-m+fp/hard\libgcc.a(_udivmoddi4.o)
                0x000000000806a4e4                __exidx_end = .
                0x000000000806a4e4                . = ALIGN (0x4)

.rel.dyn        0x000000000806a4e4        0x0
 .rel.iplt      0x000000000806a4e4        0x0 c:/st/stm32cubeide_1.7.0/stm32cubeide/plugins/com.st.stm32cube.ide.mcu.externaltools.gnu-tools-for-stm32.9-2020-q2-update.win32_2.0.0.202105311346/tools/bin/../lib/gcc/arm-none-eabi/9.3.1/thumb/v7e-m+fp/hard/crtbegin.o

.preinit_array  0x000000000806a4e4        0x0
                0x000000000806a4e4                . = ALIGN (0x4)
                0x000000000806a4e4                PROVIDE (__preinit_array_start = .)
 *(.preinit_array*)
                0x000000000806a4e4                PROVIDE (__preinit_array_end = .)
                0x000000000806a4e4                . = ALIGN (0x4)

.init_array     0x000000000806a4e4        0x4
                0x000000000806a4e4                . = ALIGN (0x4)
                0x000000000806a4e4                PROVIDE (__init_array_start = .)
 *(SORT_BY_NAME(.init_array.*))
 *(.init_array*)
 .init_array    0x000000000806a4e4        0x4 c:/st/stm32cubeide_1.7.0/stm32cubeide/plugins/com.st.stm32cube.ide.mcu.externaltools.gnu-tools-for-stm32.9-2020-q2-update.win32_2.0.0.202105311346/tools/bin/../lib/gcc/arm-none-eabi/9.3.1/thumb/v7e-m+fp/hard/crtbegin.o
                0x000000000806a4e8                PROVIDE (__init_array_end = .)
                0x000000000806a4e8                . = ALIGN (0x4)

.fini_array     0x000000000806a4e8        0x4
                0x000000000806a4e8                . = ALIGN (0x4)
                [!provide]                        PROVIDE (__fini_array_start = .)
 *(SORT_BY_NAME(.fini_array.*))
 *(.fini_array*)
 .fini_array    0x000000000806a4e8        0x4 c:/st/stm32cubeide_1.7.0/stm32cubeide/plugins/com.st.stm32cube.ide.mcu.externaltools.gnu-tools-for-stm32.9-2020-q2-update.win32_2.0.0.202105311346/tools/bin/../lib/gcc/arm-none-eabi/9.3.1/thumb/v7e-m+fp/hard/crtbegin.o
                [!provide]                        PROVIDE (__fini_array_end = .)
                0x000000000806a4ec                . = ALIGN (0x4)
                0x000000000806a4ec                _sidata = LOADADDR (.data)

.data           0x0000000020000000       0x2c load address 0x000000000806a4ec
                0x0000000020000000                . = ALIGN (0x4)
                0x0000000020000000                _sdata = .
 *(.data)
 *(.data*)
 .data.led7seg  0x0000000020000000        0x4 ./Core/Src/led7seg.o
                0x0000000020000000                led7seg
 .data.arrayOfNum
                0x0000000020000004        0xa ./Core/Src/led7seg.o
                0x0000000020000004                arrayOfNum
 .data.spi_buffer
                0x000000002000000e        0x2 ./Core/Src/led7seg.o
                0x000000002000000e                spi_buffer
 .data.arrayMapOfNumber
                0x0000000020000010        0xa ./Core/Src/main.o
                0x0000000020000010                arrayMapOfNumber
 *fill*         0x000000002000001a        0x2 
 .data.arrayMapOfPassword
                0x000000002000001c        0x4 ./Core/Src/main.o
                0x000000002000001c                arrayMapOfPassword
 .data.SystemCoreClock
                0x0000000020000020        0x4 ./Core/Src/system_stm32f4xx.o
                0x0000000020000020                SystemCoreClock
 .data.uwTickPrio
                0x0000000020000024        0x4 ./Drivers/STM32F4xx_HAL_Driver/Src/stm32f4xx_hal.o
                0x0000000020000024                uwTickPrio
 .data.uwTickFreq
                0x0000000020000028        0x1 ./Drivers/STM32F4xx_HAL_Driver/Src/stm32f4xx_hal.o
                0x0000000020000028                uwTickFreq
 *(.RamFunc)
 *(.RamFunc*)
                0x000000002000002c                . = ALIGN (0x4)
 *fill*         0x0000000020000029        0x3 
                0x000000002000002c                _edata = .
                0x000000000806a518                _siccmram = LOADADDR (.ccmram)

.igot.plt       0x000000002000002c        0x0 load address 0x000000000806a518
 .igot.plt      0x000000002000002c        0x0 c:/st/stm32cubeide_1.7.0/stm32cubeide/plugins/com.st.stm32cube.ide.mcu.externaltools.gnu-tools-for-stm32.9-2020-q2-update.win32_2.0.0.202105311346/tools/bin/../lib/gcc/arm-none-eabi/9.3.1/thumb/v7e-m+fp/hard/crtbegin.o

.ccmram         0x0000000010000000        0x0 load address 0x000000000806a518
                0x0000000010000000                . = ALIGN (0x4)
                0x0000000010000000                _sccmram = .
 *(.ccmram)
 *(.ccmram*)
                0x0000000010000000                . = ALIGN (0x4)
                0x0000000010000000                _eccmram = .
                0x0000000010000000                . = ALIGN (0x4)

.bss            0x000000002000002c      0x18c
                0x000000002000002c                _sbss = .
                0x000000002000002c                __bss_start__ = _sbss
 *(.bss)
 .bss           0x000000002000002c       0x1c c:/st/stm32cubeide_1.7.0/stm32cubeide/plugins/com.st.stm32cube.ide.mcu.externaltools.gnu-tools-for-stm32.9-2020-q2-update.win32_2.0.0.202105311346/tools/bin/../lib/gcc/arm-none-eabi/9.3.1/thumb/v7e-m+fp/hard/crtbegin.o
 *(.bss*)
 .bss.spi_button
                0x0000000020000048        0x2 ./Core/Src/button.o
                0x0000000020000048                spi_button
 *fill*         0x000000002000004a        0x2 
 .bss.FSMC_Initialized
                0x000000002000004c        0x4 ./Core/Src/fsmc.o
 .bss.led7_index
                0x0000000020000050        0x4 ./Core/Src/led7seg.o
                0x0000000020000050                led7_index
 .bss.arrayPassword
                0x0000000020000054        0x4 ./Core/Src/main.o
                0x0000000020000054                arrayPassword
 .bss.statusPassword
                0x0000000020000058        0x2 ./Core/Src/main.o
                0x0000000020000058                statusPassword
 .bss.indexOfNumber
                0x000000002000005a        0x2 ./Core/Src/main.o
                0x000000002000005a                indexOfNumber
 .bss.timeDelay
                0x000000002000005c        0x2 ./Core/Src/main.o
                0x000000002000005c                timeDelay
 .bss.flag_open
                0x000000002000005e        0x1 ./Core/Src/main.o
                0x000000002000005e                flag_open
 *fill*         0x000000002000005f        0x1 
 .bss.flag_timer2
                0x0000000020000060        0x2 ./Core/Src/software_timer.o
                0x0000000020000060                flag_timer2
 .bss.timer2_counter
                0x0000000020000062        0x2 ./Core/Src/software_timer.o
                0x0000000020000062                timer2_counter
 .bss.timer2_MUL
                0x0000000020000064        0x2 ./Core/Src/software_timer.o
                0x0000000020000064                timer2_MUL
 *(COMMON)
 *fill*         0x0000000020000066        0x2 
 COMMON         0x0000000020000068       0x20 ./Core/Src/button.o
                0x0000000020000068                button_count
 COMMON         0x0000000020000088       0x50 ./Core/Src/fsmc.o
                0x0000000020000088                hsram1
 COMMON         0x00000000200000d8       0x3a ./Core/Src/lcd.o
                0x00000000200000d8                lcddev
                0x00000000200000e0                s
 COMMON         0x0000000020000112        0x2 ./Core/Src/main.o
                0x0000000020000112                numberValue
 COMMON         0x0000000020000114       0x58 ./Core/Src/spi.o
                0x0000000020000114                hspi1
 COMMON         0x000000002000016c       0x48 ./Core/Src/tim.o
                0x000000002000016c                htim2
 COMMON         0x00000000200001b4        0x4 ./Drivers/STM32F4xx_HAL_Driver/Src/stm32f4xx_hal.o
                0x00000000200001b4                uwTick
                0x00000000200001b8                . = ALIGN (0x4)
                0x00000000200001b8                _ebss = .
                0x00000000200001b8                __bss_end__ = _ebss

._user_heap_stack
                0x00000000200001b8      0x600
                0x00000000200001b8                . = ALIGN (0x8)
                [!provide]                        PROVIDE (end = .)
                0x00000000200001b8                PROVIDE (_end = .)
                0x00000000200003b8                . = (. + _Min_Heap_Size)
 *fill*         0x00000000200001b8      0x200 
                0x00000000200007b8                . = (. + _Min_Stack_Size)
 *fill*         0x00000000200003b8      0x400 
                0x00000000200007b8                . = ALIGN (0x8)

/DISCARD/
 libc.a(*)
 libm.a(*)
 libgcc.a(*)

.ARM.attributes
                0x0000000000000000       0x30
 *(.ARM.attributes)
 .ARM.attributes
                0x0000000000000000       0x1e c:/st/stm32cubeide_1.7.0/stm32cubeide/plugins/com.st.stm32cube.ide.mcu.externaltools.gnu-tools-for-stm32.9-2020-q2-update.win32_2.0.0.202105311346/tools/bin/../lib/gcc/arm-none-eabi/9.3.1/thumb/v7e-m+fp/hard/crti.o
 .ARM.attributes
                0x000000000000001e       0x34 c:/st/stm32cubeide_1.7.0/stm32cubeide/plugins/com.st.stm32cube.ide.mcu.externaltools.gnu-tools-for-stm32.9-2020-q2-update.win32_2.0.0.202105311346/tools/bin/../lib/gcc/arm-none-eabi/9.3.1/thumb/v7e-m+fp/hard/crtbegin.o
 .ARM.attributes
                0x0000000000000052       0x34 ./Core/Src/button.o
 .ARM.attributes
                0x0000000000000086       0x34 ./Core/Src/fsmc.o
 .ARM.attributes
                0x00000000000000ba       0x34 ./Core/Src/gpio.o
 .ARM.attributes
                0x00000000000000ee       0x34 ./Core/Src/lcd.o
 .ARM.attributes
                0x0000000000000122       0x34 ./Core/Src/led7seg.o
 .ARM.attributes
                0x0000000000000156       0x34 ./Core/Src/main.o
 .ARM.attributes
                0x000000000000018a       0x39 ./Core/Src/picture.o
 .ARM.attributes
                0x00000000000001c3       0x34 ./Core/Src/software_timer.o
 .ARM.attributes
                0x00000000000001f7       0x34 ./Core/Src/spi.o
 .ARM.attributes
                0x000000000000022b       0x34 ./Core/Src/stm32f4xx_hal_msp.o
 .ARM.attributes
                0x000000000000025f       0x34 ./Core/Src/stm32f4xx_it.o
 .ARM.attributes
                0x0000000000000293       0x34 ./Core/Src/system_stm32f4xx.o
 .ARM.attributes
                0x00000000000002c7       0x34 ./Core/Src/tim.o
 .ARM.attributes
                0x00000000000002fb       0x21 ./Core/Startup/startup_stm32f407zetx.o
 .ARM.attributes
                0x000000000000031c       0x34 ./Drivers/STM32F4xx_HAL_Driver/Src/stm32f4xx_hal.o
 .ARM.attributes
                0x0000000000000350       0x34 ./Drivers/STM32F4xx_HAL_Driver/Src/stm32f4xx_hal_cortex.o
 .ARM.attributes
                0x0000000000000384       0x34 ./Drivers/STM32F4xx_HAL_Driver/Src/stm32f4xx_hal_gpio.o
 .ARM.attributes
                0x00000000000003b8       0x34 ./Drivers/STM32F4xx_HAL_Driver/Src/stm32f4xx_hal_rcc.o
 .ARM.attributes
                0x00000000000003ec       0x34 ./Drivers/STM32F4xx_HAL_Driver/Src/stm32f4xx_hal_spi.o
 .ARM.attributes
                0x0000000000000420       0x34 ./Drivers/STM32F4xx_HAL_Driver/Src/stm32f4xx_hal_sram.o
 .ARM.attributes
                0x0000000000000454       0x34 ./Drivers/STM32F4xx_HAL_Driver/Src/stm32f4xx_hal_tim.o
 .ARM.attributes
                0x0000000000000488       0x34 ./Drivers/STM32F4xx_HAL_Driver/Src/stm32f4xx_hal_tim_ex.o
 .ARM.attributes
                0x00000000000004bc       0x34 ./Drivers/STM32F4xx_HAL_Driver/Src/stm32f4xx_ll_fsmc.o
 .ARM.attributes
                0x00000000000004f0       0x34 c:/st/stm32cubeide_1.7.0/stm32cubeide/plugins/com.st.stm32cube.ide.mcu.externaltools.gnu-tools-for-stm32.9-2020-q2-update.win32_2.0.0.202105311346/tools/bin/../lib/gcc/arm-none-eabi/9.3.1/../../../../arm-none-eabi/lib/thumb/v7e-m+fp/hard\libc_nano.a(lib_a-init.o)
 .ARM.attributes
                0x0000000000000524       0x34 c:/st/stm32cubeide_1.7.0/stm32cubeide/plugins/com.st.stm32cube.ide.mcu.externaltools.gnu-tools-for-stm32.9-2020-q2-update.win32_2.0.0.202105311346/tools/bin/../lib/gcc/arm-none-eabi/9.3.1/../../../../arm-none-eabi/lib/thumb/v7e-m+fp/hard\libc_nano.a(lib_a-memset.o)
 .ARM.attributes
                0x0000000000000558       0x1e c:/st/stm32cubeide_1.7.0/stm32cubeide/plugins/com.st.stm32cube.ide.mcu.externaltools.gnu-tools-for-stm32.9-2020-q2-update.win32_2.0.0.202105311346/tools/bin/../lib/gcc/arm-none-eabi/9.3.1/thumb/v7e-m+fp/hard\libgcc.a(_aeabi_uldivmod.o)
 .ARM.attributes
                0x0000000000000576       0x34 c:/st/stm32cubeide_1.7.0/stm32cubeide/plugins/com.st.stm32cube.ide.mcu.externaltools.gnu-tools-for-stm32.9-2020-q2-update.win32_2.0.0.202105311346/tools/bin/../lib/gcc/arm-none-eabi/9.3.1/thumb/v7e-m+fp/hard\libgcc.a(_udivmoddi4.o)
 .ARM.attributes
                0x00000000000005aa       0x1e c:/st/stm32cubeide_1.7.0/stm32cubeide/plugins/com.st.stm32cube.ide.mcu.externaltools.gnu-tools-for-stm32.9-2020-q2-update.win32_2.0.0.202105311346/tools/bin/../lib/gcc/arm-none-eabi/9.3.1/thumb/v7e-m+fp/hard\libgcc.a(_dvmd_tls.o)
 .ARM.attributes
                0x00000000000005c8       0x1e c:/st/stm32cubeide_1.7.0/stm32cubeide/plugins/com.st.stm32cube.ide.mcu.externaltools.gnu-tools-for-stm32.9-2020-q2-update.win32_2.0.0.202105311346/tools/bin/../lib/gcc/arm-none-eabi/9.3.1/thumb/v7e-m+fp/hard/crtn.o
OUTPUT(Bai4_Lcd_Fsm_PasswordDoor.elf elf32-littlearm)
LOAD linker stubs
LOAD c:/st/stm32cubeide_1.7.0/stm32cubeide/plugins/com.st.stm32cube.ide.mcu.externaltools.gnu-tools-for-stm32.9-2020-q2-update.win32_2.0.0.202105311346/tools/bin/../lib/gcc/arm-none-eabi/9.3.1/../../../../arm-none-eabi/lib/thumb/v7e-m+fp/hard\libc.a
LOAD c:/st/stm32cubeide_1.7.0/stm32cubeide/plugins/com.st.stm32cube.ide.mcu.externaltools.gnu-tools-for-stm32.9-2020-q2-update.win32_2.0.0.202105311346/tools/bin/../lib/gcc/arm-none-eabi/9.3.1/../../../../arm-none-eabi/lib/thumb/v7e-m+fp/hard\libm.a
LOAD c:/st/stm32cubeide_1.7.0/stm32cubeide/plugins/com.st.stm32cube.ide.mcu.externaltools.gnu-tools-for-stm32.9-2020-q2-update.win32_2.0.0.202105311346/tools/bin/../lib/gcc/arm-none-eabi/9.3.1/thumb/v7e-m+fp/hard\libgcc.a

.debug_info     0x0000000000000000    0x1279c
 .debug_info    0x0000000000000000      0x7f4 ./Core/Src/button.o
 .debug_info    0x00000000000007f4      0xa96 ./Core/Src/fsmc.o
 .debug_info    0x000000000000128a      0x569 ./Core/Src/gpio.o
 .debug_info    0x00000000000017f3     0x1a65 ./Core/Src/lcd.o
 .debug_info    0x0000000000003258      0x89c ./Core/Src/led7seg.o
 .debug_info    0x0000000000003af4     0x1ded ./Core/Src/main.o
 .debug_info    0x00000000000058e1      0x37b ./Core/Src/picture.o
 .debug_info    0x0000000000005c5c      0x81e ./Core/Src/software_timer.o
 .debug_info    0x000000000000647a      0xa5a ./Core/Src/spi.o
 .debug_info    0x0000000000006ed4      0x394 ./Core/Src/stm32f4xx_hal_msp.o
 .debug_info    0x0000000000007268      0x801 ./Core/Src/stm32f4xx_it.o
 .debug_info    0x0000000000007a69      0x5a4 ./Core/Src/system_stm32f4xx.o
 .debug_info    0x000000000000800d      0xc88 ./Core/Src/tim.o
 .debug_info    0x0000000000008c95       0x22 ./Core/Startup/startup_stm32f407zetx.o
 .debug_info    0x0000000000008cb7      0x9b2 ./Drivers/STM32F4xx_HAL_Driver/Src/stm32f4xx_hal.o
 .debug_info    0x0000000000009669      0xed7 ./Drivers/STM32F4xx_HAL_Driver/Src/stm32f4xx_hal_cortex.o
 .debug_info    0x000000000000a540      0x83e ./Drivers/STM32F4xx_HAL_Driver/Src/stm32f4xx_hal_gpio.o
 .debug_info    0x000000000000ad7e      0x996 ./Drivers/STM32F4xx_HAL_Driver/Src/stm32f4xx_hal_rcc.o
 .debug_info    0x000000000000b714     0x17c0 ./Drivers/STM32F4xx_HAL_Driver/Src/stm32f4xx_hal_spi.o
 .debug_info    0x000000000000ced4      0xbab ./Drivers/STM32F4xx_HAL_Driver/Src/stm32f4xx_hal_sram.o
 .debug_info    0x000000000000da7f     0x2c22 ./Drivers/STM32F4xx_HAL_Driver/Src/stm32f4xx_hal_tim.o
 .debug_info    0x00000000000106a1     0x15a2 ./Drivers/STM32F4xx_HAL_Driver/Src/stm32f4xx_hal_tim_ex.o
 .debug_info    0x0000000000011c43      0xb59 ./Drivers/STM32F4xx_HAL_Driver/Src/stm32f4xx_ll_fsmc.o

.debug_abbrev   0x0000000000000000     0x2b7e
 .debug_abbrev  0x0000000000000000      0x1bf ./Core/Src/button.o
 .debug_abbrev  0x00000000000001bf      0x1e2 ./Core/Src/fsmc.o
 .debug_abbrev  0x00000000000003a1      0x14e ./Core/Src/gpio.o
 .debug_abbrev  0x00000000000004ef      0x3d8 ./Core/Src/lcd.o
 .debug_abbrev  0x00000000000008c7      0x1a9 ./Core/Src/led7seg.o
 .debug_abbrev  0x0000000000000a70      0x2f6 ./Core/Src/main.o
 .debug_abbrev  0x0000000000000d66       0x71 ./Core/Src/picture.o
 .debug_abbrev  0x0000000000000dd7      0x1e4 ./Core/Src/software_timer.o
 .debug_abbrev  0x0000000000000fbb      0x1bb ./Core/Src/spi.o
 .debug_abbrev  0x0000000000001176      0x11d ./Core/Src/stm32f4xx_hal_msp.o
 .debug_abbrev  0x0000000000001293      0x176 ./Core/Src/stm32f4xx_it.o
 .debug_abbrev  0x0000000000001409      0x145 ./Core/Src/system_stm32f4xx.o
 .debug_abbrev  0x000000000000154e      0x1bb ./Core/Src/tim.o
 .debug_abbrev  0x0000000000001709       0x12 ./Core/Startup/startup_stm32f407zetx.o
 .debug_abbrev  0x000000000000171b      0x1ed ./Drivers/STM32F4xx_HAL_Driver/Src/stm32f4xx_hal.o
 .debug_abbrev  0x0000000000001908      0x33c ./Drivers/STM32F4xx_HAL_Driver/Src/stm32f4xx_hal_cortex.o
 .debug_abbrev  0x0000000000001c44      0x1f1 ./Drivers/STM32F4xx_HAL_Driver/Src/stm32f4xx_hal_gpio.o
 .debug_abbrev  0x0000000000001e35      0x275 ./Drivers/STM32F4xx_HAL_Driver/Src/stm32f4xx_hal_rcc.o
 .debug_abbrev  0x00000000000020aa      0x26e ./Drivers/STM32F4xx_HAL_Driver/Src/stm32f4xx_hal_spi.o
 .debug_abbrev  0x0000000000002318      0x1f4 ./Drivers/STM32F4xx_HAL_Driver/Src/stm32f4xx_hal_sram.o
 .debug_abbrev  0x000000000000250c      0x25e ./Drivers/STM32F4xx_HAL_Driver/Src/stm32f4xx_hal_tim.o
 .debug_abbrev  0x000000000000276a      0x266 ./Drivers/STM32F4xx_HAL_Driver/Src/stm32f4xx_hal_tim_ex.o
 .debug_abbrev  0x00000000000029d0      0x1ae ./Drivers/STM32F4xx_HAL_Driver/Src/stm32f4xx_ll_fsmc.o

.debug_aranges  0x0000000000000000      0xee8
 .debug_aranges
                0x0000000000000000       0x28 ./Core/Src/button.o
 .debug_aranges
                0x0000000000000028       0x40 ./Core/Src/fsmc.o
 .debug_aranges
                0x0000000000000068       0x20 ./Core/Src/gpio.o
 .debug_aranges
                0x0000000000000088       0xf0 ./Core/Src/lcd.o
 .debug_aranges
                0x0000000000000178       0x48 ./Core/Src/led7seg.o
 .debug_aranges
                0x00000000000001c0       0x70 ./Core/Src/main.o
 .debug_aranges
                0x0000000000000230       0x18 ./Core/Src/picture.o
 .debug_aranges
                0x0000000000000248       0x30 ./Core/Src/software_timer.o
 .debug_aranges
                0x0000000000000278       0x30 ./Core/Src/spi.o
 .debug_aranges
                0x00000000000002a8       0x20 ./Core/Src/stm32f4xx_hal_msp.o
 .debug_aranges
                0x00000000000002c8       0x68 ./Core/Src/stm32f4xx_it.o
 .debug_aranges
                0x0000000000000330       0x28 ./Core/Src/system_stm32f4xx.o
 .debug_aranges
                0x0000000000000358       0x30 ./Core/Src/tim.o
 .debug_aranges
                0x0000000000000388       0x28 ./Core/Startup/startup_stm32f407zetx.o
 .debug_aranges
                0x00000000000003b0       0xf0 ./Drivers/STM32F4xx_HAL_Driver/Src/stm32f4xx_hal.o
 .debug_aranges
                0x00000000000004a0      0x118 ./Drivers/STM32F4xx_HAL_Driver/Src/stm32f4xx_hal_cortex.o
 .debug_aranges
                0x00000000000005b8       0x58 ./Drivers/STM32F4xx_HAL_Driver/Src/stm32f4xx_hal_gpio.o
 .debug_aranges
                0x0000000000000610       0x88 ./Drivers/STM32F4xx_HAL_Driver/Src/stm32f4xx_hal_rcc.o
 .debug_aranges
                0x0000000000000698      0x1d0 ./Drivers/STM32F4xx_HAL_Driver/Src/stm32f4xx_hal_spi.o
 .debug_aranges
                0x0000000000000868       0xa0 ./Drivers/STM32F4xx_HAL_Driver/Src/stm32f4xx_hal_sram.o
 .debug_aranges
                0x0000000000000908      0x3d0 ./Drivers/STM32F4xx_HAL_Driver/Src/stm32f4xx_hal_tim.o
 .debug_aranges
                0x0000000000000cd8      0x168 ./Drivers/STM32F4xx_HAL_Driver/Src/stm32f4xx_hal_tim_ex.o
 .debug_aranges
                0x0000000000000e40       0xa8 ./Drivers/STM32F4xx_HAL_Driver/Src/stm32f4xx_ll_fsmc.o

.debug_ranges   0x0000000000000000      0xd78
 .debug_ranges  0x0000000000000000       0x18 ./Core/Src/button.o
 .debug_ranges  0x0000000000000018       0x30 ./Core/Src/fsmc.o
 .debug_ranges  0x0000000000000048       0x10 ./Core/Src/gpio.o
 .debug_ranges  0x0000000000000058       0xe0 ./Core/Src/lcd.o
 .debug_ranges  0x0000000000000138       0x38 ./Core/Src/led7seg.o
 .debug_ranges  0x0000000000000170       0x60 ./Core/Src/main.o
 .debug_ranges  0x00000000000001d0       0x20 ./Core/Src/software_timer.o
 .debug_ranges  0x00000000000001f0       0x20 ./Core/Src/spi.o
 .debug_ranges  0x0000000000000210       0x10 ./Core/Src/stm32f4xx_hal_msp.o
 .debug_ranges  0x0000000000000220       0x58 ./Core/Src/stm32f4xx_it.o
 .debug_ranges  0x0000000000000278       0x18 ./Core/Src/system_stm32f4xx.o
 .debug_ranges  0x0000000000000290       0x20 ./Core/Src/tim.o
 .debug_ranges  0x00000000000002b0       0x20 ./Core/Startup/startup_stm32f407zetx.o
 .debug_ranges  0x00000000000002d0       0xe0 ./Drivers/STM32F4xx_HAL_Driver/Src/stm32f4xx_hal.o
 .debug_ranges  0x00000000000003b0      0x108 ./Drivers/STM32F4xx_HAL_Driver/Src/stm32f4xx_hal_cortex.o
 .debug_ranges  0x00000000000004b8       0x48 ./Drivers/STM32F4xx_HAL_Driver/Src/stm32f4xx_hal_gpio.o
 .debug_ranges  0x0000000000000500       0x78 ./Drivers/STM32F4xx_HAL_Driver/Src/stm32f4xx_hal_rcc.o
 .debug_ranges  0x0000000000000578      0x1c0 ./Drivers/STM32F4xx_HAL_Driver/Src/stm32f4xx_hal_spi.o
 .debug_ranges  0x0000000000000738       0x90 ./Drivers/STM32F4xx_HAL_Driver/Src/stm32f4xx_hal_sram.o
 .debug_ranges  0x00000000000007c8      0x3c0 ./Drivers/STM32F4xx_HAL_Driver/Src/stm32f4xx_hal_tim.o
 .debug_ranges  0x0000000000000b88      0x158 ./Drivers/STM32F4xx_HAL_Driver/Src/stm32f4xx_hal_tim_ex.o
 .debug_ranges  0x0000000000000ce0       0x98 ./Drivers/STM32F4xx_HAL_Driver/Src/stm32f4xx_ll_fsmc.o

.debug_macro    0x0000000000000000    0x224db
 .debug_macro   0x0000000000000000      0x216 ./Core/Src/button.o
 .debug_macro   0x0000000000000216      0xaa8 ./Core/Src/button.o
 .debug_macro   0x0000000000000cbe      0x2a1 ./Core/Src/button.o
 .debug_macro   0x0000000000000f5f       0x2e ./Core/Src/button.o
 .debug_macro   0x0000000000000f8d       0x2f ./Core/Src/button.o
 .debug_macro   0x0000000000000fbc       0x22 ./Core/Src/button.o
 .debug_macro   0x0000000000000fde       0x8e ./Core/Src/button.o
 .debug_macro   0x000000000000106c       0x51 ./Core/Src/button.o
 .debug_macro   0x00000000000010bd      0x103 ./Core/Src/button.o
 .debug_macro   0x00000000000011c0       0x6a ./Core/Src/button.o
 .debug_macro   0x000000000000122a      0x1df ./Core/Src/button.o
 .debug_macro   0x0000000000001409       0x1c ./Core/Src/button.o
 .debug_macro   0x0000000000001425       0x22 ./Core/Src/button.o
 .debug_macro   0x0000000000001447       0xdf ./Core/Src/button.o
 .debug_macro   0x0000000000001526     0x102d ./Core/Src/button.o
 .debug_macro   0x0000000000002553      0x11f ./Core/Src/button.o
 .debug_macro   0x0000000000002672    0x15e58 ./Core/Src/button.o
 .debug_macro   0x00000000000184ca       0x6d ./Core/Src/button.o
 .debug_macro   0x0000000000018537     0x3666 ./Core/Src/button.o
 .debug_macro   0x000000000001bb9d      0x174 ./Core/Src/button.o
 .debug_macro   0x000000000001bd11       0x5c ./Core/Src/button.o
 .debug_macro   0x000000000001bd6d      0x96b ./Core/Src/button.o
 .debug_macro   0x000000000001c6d8      0x9fe ./Core/Src/button.o
 .debug_macro   0x000000000001d0d6      0x116 ./Core/Src/button.o
 .debug_macro   0x000000000001d1ec      0x13e ./Core/Src/button.o
 .debug_macro   0x000000000001d32a       0xa5 ./Core/Src/button.o
 .debug_macro   0x000000000001d3cf      0x174 ./Core/Src/button.o
 .debug_macro   0x000000000001d543      0x287 ./Core/Src/button.o
 .debug_macro   0x000000000001d7ca       0x5f ./Core/Src/button.o
 .debug_macro   0x000000000001d829      0x236 ./Core/Src/button.o
 .debug_macro   0x000000000001da5f      0x12c ./Core/Src/button.o
 .debug_macro   0x000000000001db8b      0x21e ./Core/Src/button.o
 .debug_macro   0x000000000001dda9       0x2e ./Core/Src/button.o
 .debug_macro   0x000000000001ddd7      0x543 ./Core/Src/button.o
 .debug_macro   0x000000000001e31a      0x11a ./Core/Src/button.o
 .debug_macro   0x000000000001e434       0x7e ./Core/Src/button.o
 .debug_macro   0x000000000001e4b2       0x89 ./Core/Src/button.o
 .debug_macro   0x000000000001e53b      0x225 ./Core/Src/button.o
 .debug_macro   0x000000000001e760      0x8d1 ./Core/Src/button.o
 .debug_macro   0x000000000001f031       0x47 ./Core/Src/button.o
 .debug_macro   0x000000000001f078      0x12d ./Core/Src/button.o
 .debug_macro   0x000000000001f1a5       0x58 ./Core/Src/button.o
 .debug_macro   0x000000000001f1fd      0x202 ./Core/Src/fsmc.o
 .debug_macro   0x000000000001f3ff      0x202 ./Core/Src/gpio.o
 .debug_macro   0x000000000001f601      0x321 ./Core/Src/lcd.o
 .debug_macro   0x000000000001f922       0x18 ./Core/Src/lcd.o
 .debug_macro   0x000000000001f93a       0x52 ./Core/Src/lcd.o
 .debug_macro   0x000000000001f98c       0x3c ./Core/Src/lcd.o
 .debug_macro   0x000000000001f9c8       0x34 ./Core/Src/lcd.o
 .debug_macro   0x000000000001f9fc       0x16 ./Core/Src/lcd.o
 .debug_macro   0x000000000001fa12       0x35 ./Core/Src/lcd.o
 .debug_macro   0x000000000001fa47       0x16 ./Core/Src/lcd.o
 .debug_macro   0x000000000001fa5d       0x43 ./Core/Src/lcd.o
 .debug_macro   0x000000000001faa0       0x34 ./Core/Src/lcd.o
 .debug_macro   0x000000000001fad4       0x10 ./Core/Src/lcd.o
 .debug_macro   0x000000000001fae4       0x58 ./Core/Src/lcd.o
 .debug_macro   0x000000000001fb3c       0x71 ./Core/Src/lcd.o
 .debug_macro   0x000000000001fbad       0x1c ./Core/Src/lcd.o
 .debug_macro   0x000000000001fbc9      0x12a ./Core/Src/lcd.o
 .debug_macro   0x000000000001fcf3      0x333 ./Core/Src/lcd.o
 .debug_macro   0x0000000000020026       0x16 ./Core/Src/lcd.o
 .debug_macro   0x000000000002003c       0x29 ./Core/Src/lcd.o
 .debug_macro   0x0000000000020065       0x16 ./Core/Src/lcd.o
 .debug_macro   0x000000000002007b       0x20 ./Core/Src/lcd.o
 .debug_macro   0x000000000002009b       0xca ./Core/Src/lcd.o
 .debug_macro   0x0000000000020165      0x20c ./Core/Src/led7seg.o
 .debug_macro   0x0000000000020371      0x38b ./Core/Src/main.o
 .debug_macro   0x00000000000206fc       0x1b ./Core/Src/picture.o
 .debug_macro   0x0000000000020717      0x212 ./Core/Src/software_timer.o
 .debug_macro   0x0000000000020929      0x202 ./Core/Src/spi.o
 .debug_macro   0x0000000000020b2b      0x1f8 ./Core/Src/stm32f4xx_hal_msp.o
 .debug_macro   0x0000000000020d23      0x202 ./Core/Src/stm32f4xx_it.o
 .debug_macro   0x0000000000020f25      0x1e9 ./Core/Src/system_stm32f4xx.o
 .debug_macro   0x000000000002110e      0x202 ./Core/Src/tim.o
 .debug_macro   0x0000000000021310      0x249 ./Drivers/STM32F4xx_HAL_Driver/Src/stm32f4xx_hal.o
 .debug_macro   0x0000000000021559      0x1e9 ./Drivers/STM32F4xx_HAL_Driver/Src/stm32f4xx_hal_cortex.o
 .debug_macro   0x0000000000021742      0x1ef ./Drivers/STM32F4xx_HAL_Driver/Src/stm32f4xx_hal_gpio.o
 .debug_macro   0x0000000000021931      0x20d ./Drivers/STM32F4xx_HAL_Driver/Src/stm32f4xx_hal_rcc.o
 .debug_macro   0x0000000000021b3e      0x1f8 ./Drivers/STM32F4xx_HAL_Driver/Src/stm32f4xx_hal_spi.o
 .debug_macro   0x0000000000021d36      0x1e9 ./Drivers/STM32F4xx_HAL_Driver/Src/stm32f4xx_hal_sram.o
 .debug_macro   0x0000000000021f1f      0x1ea ./Drivers/STM32F4xx_HAL_Driver/Src/stm32f4xx_hal_tim.o
 .debug_macro   0x0000000000022109      0x1e9 ./Drivers/STM32F4xx_HAL_Driver/Src/stm32f4xx_hal_tim_ex.o
 .debug_macro   0x00000000000222f2      0x1e9 ./Drivers/STM32F4xx_HAL_Driver/Src/stm32f4xx_ll_fsmc.o

.debug_line     0x0000000000000000    0x11a95
 .debug_line    0x0000000000000000      0x780 ./Core/Src/button.o
 .debug_line    0x0000000000000780      0x7f5 ./Core/Src/fsmc.o
 .debug_line    0x0000000000000f75      0x73f ./Core/Src/gpio.o
 .debug_line    0x00000000000016b4     0x103a ./Core/Src/lcd.o
 .debug_line    0x00000000000026ee      0x7f1 ./Core/Src/led7seg.o
 .debug_line    0x0000000000002edf      0xb54 ./Core/Src/main.o
 .debug_line    0x0000000000003a33       0x4f ./Core/Src/picture.o
 .debug_line    0x0000000000003a82      0x75c ./Core/Src/software_timer.o
 .debug_line    0x00000000000041de      0x766 ./Core/Src/spi.o
 .debug_line    0x0000000000004944      0x6f5 ./Core/Src/stm32f4xx_hal_msp.o
 .debug_line    0x0000000000005039      0x7cf ./Core/Src/stm32f4xx_it.o
 .debug_line    0x0000000000005808      0x776 ./Core/Src/system_stm32f4xx.o
 .debug_line    0x0000000000005f7e      0x762 ./Core/Src/tim.o
 .debug_line    0x00000000000066e0       0x88 ./Core/Startup/startup_stm32f407zetx.o
 .debug_line    0x0000000000006768      0x9dc ./Drivers/STM32F4xx_HAL_Driver/Src/stm32f4xx_hal.o
 .debug_line    0x0000000000007144      0xc8b ./Drivers/STM32F4xx_HAL_Driver/Src/stm32f4xx_hal_cortex.o
 .debug_line    0x0000000000007dcf      0xb52 ./Drivers/STM32F4xx_HAL_Driver/Src/stm32f4xx_hal_gpio.o
 .debug_line    0x0000000000008921      0xd58 ./Drivers/STM32F4xx_HAL_Driver/Src/stm32f4xx_hal_rcc.o
 .debug_line    0x0000000000009679     0x1c64 ./Drivers/STM32F4xx_HAL_Driver/Src/stm32f4xx_hal_spi.o
 .debug_line    0x000000000000b2dd      0xb7e ./Drivers/STM32F4xx_HAL_Driver/Src/stm32f4xx_hal_sram.o
 .debug_line    0x000000000000be5b     0x36d0 ./Drivers/STM32F4xx_HAL_Driver/Src/stm32f4xx_hal_tim.o
 .debug_line    0x000000000000f52b     0x19d9 ./Drivers/STM32F4xx_HAL_Driver/Src/stm32f4xx_hal_tim_ex.o
 .debug_line    0x0000000000010f04      0xb91 ./Drivers/STM32F4xx_HAL_Driver/Src/stm32f4xx_ll_fsmc.o

.debug_str      0x0000000000000000    0xcd166
 .debug_str     0x0000000000000000    0xc5e83 ./Core/Src/button.o
                                      0xc618e (size before relaxing)
 .debug_str     0x00000000000c5e83      0x3e1 ./Core/Src/fsmc.o
                                      0xc638b (size before relaxing)
 .debug_str     0x00000000000c6264       0x3c ./Core/Src/gpio.o
                                      0xc5e69 (size before relaxing)
 .debug_str     0x00000000000c62a0     0x388d ./Core/Src/lcd.o
                                      0xc960c (size before relaxing)
 .debug_str     0x00000000000c9b2d       0x97 ./Core/Src/led7seg.o
                                      0xc61c9 (size before relaxing)
 .debug_str     0x00000000000c9bc4      0x55d ./Core/Src/main.o
                                      0xca058 (size before relaxing)
 .debug_str     0x00000000000ca121       0x16 ./Core/Src/picture.o
                                       0x2ee2 (size before relaxing)
 .debug_str     0x00000000000ca137       0x88 ./Core/Src/software_timer.o
                                      0xc6298 (size before relaxing)
 .debug_str     0x00000000000ca1bf       0x4b ./Core/Src/spi.o
                                      0xc62c6 (size before relaxing)
 .debug_str     0x00000000000ca20a       0x2c ./Core/Src/stm32f4xx_hal_msp.o
                                      0xc5dcc (size before relaxing)
 .debug_str     0x00000000000ca236       0xcd ./Core/Src/stm32f4xx_it.o
                                      0xc6291 (size before relaxing)
 .debug_str     0x00000000000ca303       0xaf ./Core/Src/system_stm32f4xx.o
                                      0xc5ce0 (size before relaxing)
 .debug_str     0x00000000000ca3b2      0x5c8 ./Core/Src/tim.o
                                      0xc68e9 (size before relaxing)
 .debug_str     0x00000000000ca97a       0x36 ./Core/Startup/startup_stm32f407zetx.o
                                         0x61 (size before relaxing)
 .debug_str     0x00000000000ca9b0      0x583 ./Drivers/STM32F4xx_HAL_Driver/Src/stm32f4xx_hal.o
                                      0xc67c2 (size before relaxing)
 .debug_str     0x00000000000caf33      0x392 ./Drivers/STM32F4xx_HAL_Driver/Src/stm32f4xx_hal_cortex.o
                                      0xc65b1 (size before relaxing)
 .debug_str     0x00000000000cb2c5      0x15a ./Drivers/STM32F4xx_HAL_Driver/Src/stm32f4xx_hal_gpio.o
                                      0xc5e87 (size before relaxing)
 .debug_str     0x00000000000cb41f      0x259 ./Drivers/STM32F4xx_HAL_Driver/Src/stm32f4xx_hal_rcc.o
                                      0xc60e2 (size before relaxing)
 .debug_str     0x00000000000cb678      0x57f ./Drivers/STM32F4xx_HAL_Driver/Src/stm32f4xx_hal_spi.o
                                      0xc6584 (size before relaxing)
 .debug_str     0x00000000000cbbf7      0x1b4 ./Drivers/STM32F4xx_HAL_Driver/Src/stm32f4xx_hal_sram.o
                                      0xc61fa (size before relaxing)
 .debug_str     0x00000000000cbdab      0xdc8 ./Drivers/STM32F4xx_HAL_Driver/Src/stm32f4xx_hal_tim.o
                                      0xc700f (size before relaxing)
 .debug_str     0x00000000000ccb73      0x4ee ./Drivers/STM32F4xx_HAL_Driver/Src/stm32f4xx_hal_tim_ex.o
                                      0xc67c0 (size before relaxing)
 .debug_str     0x00000000000cd061      0x105 ./Drivers/STM32F4xx_HAL_Driver/Src/stm32f4xx_ll_fsmc.o
                                      0xc60c1 (size before relaxing)

.comment        0x0000000000000000       0x53
 .comment       0x0000000000000000       0x53 ./Core/Src/button.o
                                         0x54 (size before relaxing)
 .comment       0x0000000000000053       0x54 ./Core/Src/fsmc.o
 .comment       0x0000000000000053       0x54 ./Core/Src/gpio.o
 .comment       0x0000000000000053       0x54 ./Core/Src/lcd.o
 .comment       0x0000000000000053       0x54 ./Core/Src/led7seg.o
 .comment       0x0000000000000053       0x54 ./Core/Src/main.o
 .comment       0x0000000000000053       0x54 ./Core/Src/picture.o
 .comment       0x0000000000000053       0x54 ./Core/Src/software_timer.o
 .comment       0x0000000000000053       0x54 ./Core/Src/spi.o
 .comment       0x0000000000000053       0x54 ./Core/Src/stm32f4xx_hal_msp.o
 .comment       0x0000000000000053       0x54 ./Core/Src/stm32f4xx_it.o
 .comment       0x0000000000000053       0x54 ./Core/Src/system_stm32f4xx.o
 .comment       0x0000000000000053       0x54 ./Core/Src/tim.o
 .comment       0x0000000000000053       0x54 ./Drivers/STM32F4xx_HAL_Driver/Src/stm32f4xx_hal.o
 .comment       0x0000000000000053       0x54 ./Drivers/STM32F4xx_HAL_Driver/Src/stm32f4xx_hal_cortex.o
 .comment       0x0000000000000053       0x54 ./Drivers/STM32F4xx_HAL_Driver/Src/stm32f4xx_hal_gpio.o
 .comment       0x0000000000000053       0x54 ./Drivers/STM32F4xx_HAL_Driver/Src/stm32f4xx_hal_rcc.o
 .comment       0x0000000000000053       0x54 ./Drivers/STM32F4xx_HAL_Driver/Src/stm32f4xx_hal_spi.o
 .comment       0x0000000000000053       0x54 ./Drivers/STM32F4xx_HAL_Driver/Src/stm32f4xx_hal_sram.o
 .comment       0x0000000000000053       0x54 ./Drivers/STM32F4xx_HAL_Driver/Src/stm32f4xx_hal_tim.o
 .comment       0x0000000000000053       0x54 ./Drivers/STM32F4xx_HAL_Driver/Src/stm32f4xx_hal_tim_ex.o
 .comment       0x0000000000000053       0x54 ./Drivers/STM32F4xx_HAL_Driver/Src/stm32f4xx_ll_fsmc.o

.debug_frame    0x0000000000000000     0x3c50
 .debug_frame   0x0000000000000000       0x50 ./Core/Src/button.o
 .debug_frame   0x0000000000000050       0xbc ./Core/Src/fsmc.o
 .debug_frame   0x000000000000010c       0x34 ./Core/Src/gpio.o
 .debug_frame   0x0000000000000140      0x404 ./Core/Src/lcd.o
 .debug_frame   0x0000000000000544       0xe8 ./Core/Src/led7seg.o
 .debug_frame   0x000000000000062c      0x17c ./Core/Src/main.o
 .debug_frame   0x00000000000007a8       0x78 ./Core/Src/software_timer.o
 .debug_frame   0x0000000000000820       0x74 ./Core/Src/spi.o
 .debug_frame   0x0000000000000894       0x38 ./Core/Src/stm32f4xx_hal_msp.o
 .debug_frame   0x00000000000008cc      0x120 ./Core/Src/stm32f4xx_it.o
 .debug_frame   0x00000000000009ec       0x58 ./Core/Src/system_stm32f4xx.o
 .debug_frame   0x0000000000000a44       0x7c ./Core/Src/tim.o
 .debug_frame   0x0000000000000ac0      0x374 ./Drivers/STM32F4xx_HAL_Driver/Src/stm32f4xx_hal.o
 .debug_frame   0x0000000000000e34      0x498 ./Drivers/STM32F4xx_HAL_Driver/Src/stm32f4xx_hal_cortex.o
 .debug_frame   0x00000000000012cc      0x14c ./Drivers/STM32F4xx_HAL_Driver/Src/stm32f4xx_hal_gpio.o
 .debug_frame   0x0000000000001418      0x1f0 ./Drivers/STM32F4xx_HAL_Driver/Src/stm32f4xx_hal_rcc.o
 .debug_frame   0x0000000000001608      0x824 ./Drivers/STM32F4xx_HAL_Driver/Src/stm32f4xx_hal_spi.o
 .debug_frame   0x0000000000001e2c      0x2a0 ./Drivers/STM32F4xx_HAL_Driver/Src/stm32f4xx_hal_sram.o
 .debug_frame   0x00000000000020cc     0x11c4 ./Drivers/STM32F4xx_HAL_Driver/Src/stm32f4xx_hal_tim.o
 .debug_frame   0x0000000000003290      0x638 ./Drivers/STM32F4xx_HAL_Driver/Src/stm32f4xx_hal_tim_ex.o
 .debug_frame   0x00000000000038c8      0x2dc ./Drivers/STM32F4xx_HAL_Driver/Src/stm32f4xx_ll_fsmc.o
 .debug_frame   0x0000000000003ba4       0x2c c:/st/stm32cubeide_1.7.0/stm32cubeide/plugins/com.st.stm32cube.ide.mcu.externaltools.gnu-tools-for-stm32.9-2020-q2-update.win32_2.0.0.202105311346/tools/bin/../lib/gcc/arm-none-eabi/9.3.1/../../../../arm-none-eabi/lib/thumb/v7e-m+fp/hard\libc_nano.a(lib_a-init.o)
 .debug_frame   0x0000000000003bd0       0x20 c:/st/stm32cubeide_1.7.0/stm32cubeide/plugins/com.st.stm32cube.ide.mcu.externaltools.gnu-tools-for-stm32.9-2020-q2-update.win32_2.0.0.202105311346/tools/bin/../lib/gcc/arm-none-eabi/9.3.1/../../../../arm-none-eabi/lib/thumb/v7e-m+fp/hard\libc_nano.a(lib_a-memset.o)
 .debug_frame   0x0000000000003bf0       0x2c c:/st/stm32cubeide_1.7.0/stm32cubeide/plugins/com.st.stm32cube.ide.mcu.externaltools.gnu-tools-for-stm32.9-2020-q2-update.win32_2.0.0.202105311346/tools/bin/../lib/gcc/arm-none-eabi/9.3.1/thumb/v7e-m+fp/hard\libgcc.a(_aeabi_uldivmod.o)
 .debug_frame   0x0000000000003c1c       0x34 c:/st/stm32cubeide_1.7.0/stm32cubeide/plugins/com.st.stm32cube.ide.mcu.externaltools.gnu-tools-for-stm32.9-2020-q2-update.win32_2.0.0.202105311346/tools/bin/../lib/gcc/arm-none-eabi/9.3.1/thumb/v7e-m+fp/hard\libgcc.a(_udivmoddi4.o)
