main.c:100:5:main	24	static
main.c:173:6:SystemClock_Config	88	static
main.c:213:6:system_init	8	static
main.c:225:6:test_LedDebug	8	static
main.c:232:9:isButtonUp	4	static
main.c:239:9:isButtonDown	4	static
main.c:246:9:isButtonStop	4	static
main.c:253:9:isBottomSwitch	4	static
main.c:261:9:isTopSwitch	4	static
main.c:269:6:FlagMovingDown	16	static
main.c:275:6:FlagMovingUp	16	static
main.c:281:6:FlagStopMoving	16	static
main.c:286:6:BaiTap_Flag	24	static
main.c:368:6:Error_Handler	4	static,ignoring_inline_asm
