main.c:128:5:main	24	static
main.c:201:6:SystemClock_Config	88	static
main.c:241:6:system_init	8	static
main.c:253:6:test_LedDebug	8	static
main.c:260:6:test_LedY0	8	static
main.c:269:6:test_LedY1	8	static
main.c:278:6:test_button	16	static
main.c:295:9:isButtonUp	4	static
main.c:301:9:isButtonDown	4	static
main.c:307:6:phase1Green	16	static
main.c:317:6:phase1Yellow	16	static
main.c:327:6:phase2Green	16	static
main.c:337:6:phase2Yellow	16	static
main.c:347:6:fsmTraffic	24	static
main.c:460:6:Error_Handler	4	static,ignoring_inline_asm
