main.c:129:5:main	24	static
main.c:202:6:SystemClock_Config	88	static
main.c:242:6:system_init	8	static
main.c:254:6:test_LedDebug	8	static
main.c:261:6:test_LedY0	8	static
main.c:270:6:test_LedY1	8	static
main.c:279:6:test_button	16	static
main.c:296:9:isButtonUp	4	static
main.c:302:9:isButtonDown	4	static
main.c:308:6:phase1Green	16	static
main.c:318:6:phase1Yellow	16	static
main.c:328:6:phase2Green	16	static
main.c:338:6:phase2Yellow	16	static
main.c:348:6:fsmTraffic	24	static
main.c:461:6:Error_Handler	4	static,ignoring_inline_asm
