17:20:23 **** Incremental Build of configuration Debug for project Bai4_Lcd_Fsm_PasswordDoor ****
make -j16 all 
arm-none-eabi-gcc "../Core/Src/main.c" -mcpu=cortex-m4 -std=gnu11 -g3 -DDEBUG -DUSE_HAL_DRIVER -DSTM32F407xx -c -I../Core/Inc -I../Drivers/STM32F4xx_HAL_Driver/Inc -I../Drivers/STM32F4xx_HAL_Driver/Inc/Legacy -I../Drivers/CMSIS/Device/ST/STM32F4xx/Include -I../Drivers/CMSIS/Include -O0 -ffunction-sections -fdata-sections -Wall -fstack-usage -MMD -MP -MF"Core/Src/main.d" -MT"Core/Src/main.o" --specs=nano.specs -mfpu=fpv4-sp-d16 -mfloat-abi=hard -mthumb -o "Core/Src/main.o"
../Core/Src/main.c: In function 'App_PasswordDoor':
../Core/Src/main.c:284:46: warning: pointer targets in passing argument 3 of 'lcd_ShowStr' differ in signedness [-Wpointer-sign]
  284 |    lcd_ShowStr(70 + indexOfNumber * 30, 242, "*", BLACK, LIGHTGRAY, 16, 0);
      |                                              ^~~
      |                                              |
      |                                              char *
In file included from ../Core/Src/main.c:32:
../Core/Inc/lcd.h:117:50: note: expected 'uint8_t *' {aka 'unsigned char *'} but argument is of type 'char *'
  117 | void lcd_ShowStr(uint16_t x, uint16_t y,uint8_t *str,uint16_t fc, uint16_t bc,uint8_t sizey,uint8_t mode);
      |                                         ~~~~~~~~~^~~
In file included from ../Core/Src/main.c:32:
../Core/Src/main.c: At top level:
../Core/Inc/lcd.h:92:17: warning: inline function 'LCD_RD_DATA' declared but never defined
   92 | inline uint16_t LCD_RD_DATA(void);
      |                 ^~~~~~~~~~~
../Core/Inc/lcd.h:91:13: warning: inline function 'LCD_WR_DATA' declared but never defined
   91 | inline void LCD_WR_DATA(uint16_t data);
      |             ^~~~~~~~~~~
arm-none-eabi-gcc -o "Bai4_Lcd_Fsm_PasswordDoor.elf" @"objects.list"   -mcpu=cortex-m4 -T"D:\abc\stm32\kitv2\Bai4_Lcd_Fsm_PasswordDoor\STM32F407ZETX_FLASH.ld" --specs=nosys.specs -Wl,-Map="Bai4_Lcd_Fsm_PasswordDoor.map" -Wl,--gc-sections -static --specs=nano.specs -mfpu=fpv4-sp-d16 -mfloat-abi=hard -mthumb -Wl,--start-group -lc -lm -Wl,--end-group
Finished building target: Bai4_Lcd_Fsm_PasswordDoor.elf
 
arm-none-eabi-size   Bai4_Lcd_Fsm_PasswordDoor.elf 
arm-none-eabi-objdump -h -S  Bai4_Lcd_Fsm_PasswordDoor.elf  > "Bai4_Lcd_Fsm_PasswordDoor.list"
arm-none-eabi-objcopy  -O binary  Bai4_Lcd_Fsm_PasswordDoor.elf  "Bai4_Lcd_Fsm_PasswordDoor.bin"
   text	   data	    bss	    dec	    hex	filename
 435428	     52	   1932	 437412	  6aca4	Bai4_Lcd_Fsm_PasswordDoor.elf
Finished building: default.size.stdout
 
Finished building: Bai4_Lcd_Fsm_PasswordDoor.bin
 
Finished building: Bai4_Lcd_Fsm_PasswordDoor.list
 

17:20:24 Build Finished. 0 errors, 3 warnings. (took 719ms)

