15:38:13 **** Incremental Build of configuration Debug for project Bai4_Lcd_Fsm ****
make -j16 all 
arm-none-eabi-size   Bai4_Lcd_Fsm.elf 
   text	   data	    bss	    dec	    hex	filename
 185896	     44	   1932	 187872	  2dde0	Bai4_Lcd_Fsm.elf
Finished building: default.size.stdout
 

15:38:13 Build Finished. 0 errors, 0 warnings. (took 242ms)

15:38:21 **** Incremental Build of configuration Debug for project Bai4_Lcd_Fsm ****
make -j16 all 
arm-none-eabi-size   Bai4_Lcd_Fsm.elf 
   text	   data	    bss	    dec	    hex	filename
 185896	     44	   1932	 187872	  2dde0	Bai4_Lcd_Fsm.elf
Finished building: default.size.stdout
 
15:39:14 **** Incremental Build of configuration Debug for project Bai5_I2c_Rtc ****
make -j16 all 
arm-none-eabi-size   Bai5_I2c_Rtc.elf 
   text	   data	    bss	    dec	    hex	filename
  51700	     36	   2020	  53756	   d1fc	Bai5_I2c_Rtc.elf
Finished building: default.size.stdout
 
15:44:01 **** Incremental Build of configuration Debug for project Bai5_I2c_Rtc ****
make -j16 all 
arm-none-eabi-gcc "../Core/Src/main.c" -mcpu=cortex-m4 -std=gnu11 -g3 -DDEBUG -DUSE_HAL_DRIVER -DSTM32F407xx -c -I../Core/Inc -I../Drivers/STM32F4xx_HAL_Driver/Inc -I../Drivers/STM32F4xx_HAL_Driver/Inc/Legacy -I../Drivers/CMSIS/Device/ST/STM32F4xx/Include -I../Drivers/CMSIS/Include -O0 -ffunction-sections -fdata-sections -Wall -fstack-usage -MMD -MP -MF"Core/Src/main.d" -MT"Core/Src/main.o" --specs=nano.specs -mfpu=fpv4-sp-d16 -mfloat-abi=hard -mthumb -o "Core/Src/main.o"
../Core/Src/main.c: In function 'main':
../Core/Src/main.c:167:23: warning: pointer targets in passing argument 3 of 'lcd_StrCenter' differ in signedness [-Wpointer-sign]
  167 |   lcd_StrCenter(0, 0, "Xin chao cac ban", WHITE, BLUE, 16, 0);
      |                       ^~~~~~~~~~~~~~~~~~
      |                       |
      |                       char *
In file included from ../Core/Src/main.c:33:
../Core/Inc/lcd.h:118:52: note: expected 'uint8_t *' {aka 'unsigned char *'} but argument is of type 'char *'
  118 | void lcd_StrCenter(uint16_t x, uint16_t y,uint8_t *str,uint16_t fc,uint16_t bc,uint8_t sizey,uint8_t mode);
      |                                           ~~~~~~~~~^~~
../Core/Src/main.c:168:23: warning: pointer targets in passing argument 3 of 'lcd_ShowStr' differ in signedness [-Wpointer-sign]
  168 |   lcd_ShowStr(30, 30, "Ten: Thinh", RED, YELLOW, 24, 0);
      |                       ^~~~~~~~~~~~
      |                       |
      |                       char *
In file included from ../Core/Src/main.c:33:
../Core/Inc/lcd.h:117:50: note: expected 'uint8_t *' {aka 'unsigned char *'} but argument is of type 'char *'
  117 | void lcd_ShowStr(uint16_t x, uint16_t y,uint8_t *str,uint16_t fc, uint16_t bc,uint8_t sizey,uint8_t mode);
      |                                         ~~~~~~~~~^~~
../Core/Src/main.c:169:23: warning: pointer targets in passing argument 3 of 'lcd_ShowStr' differ in signedness [-Wpointer-sign]
  169 |   lcd_ShowStr(30, 60, "Nam sinh:", GREEN, BLACK, 24, 0);
      |                       ^~~~~~~~~~~
      |                       |
      |                       char *
In file included from ../Core/Src/main.c:33:
../Core/Inc/lcd.h:117:50: note: expected 'uint8_t *' {aka 'unsigned char *'} but argument is of type 'char *'
  117 | void lcd_ShowStr(uint16_t x, uint16_t y,uint8_t *str,uint16_t fc, uint16_t bc,uint8_t sizey,uint8_t mode);
      |                                         ~~~~~~~~~^~~
../Core/Src/main.c:186:4: warning: implicit declaration of function 'test_Ds3231' [-Wimplicit-function-declaration]
  186 |    test_Ds3231();
      |    ^~~~~~~~~~~
../Core/Src/main.c: In function 'system_init':
../Core/Src/main.c:246:4: warning: implicit declaration of function 'ds3231_init' [-Wimplicit-function-declaration]
  246 |    ds3231_init();
      |    ^~~~~~~~~~~
../Core/Src/main.c: At top level:
../Core/Src/main.c:289:6: warning: conflicting types for 'test_Ds3231'
  289 | void test_Ds3231(){
      |      ^~~~~~~~~~~
../Core/Src/main.c:186:4: note: previous implicit declaration of 'test_Ds3231' was here
  186 |    test_Ds3231();
      |    ^~~~~~~~~~~
../Core/Src/main.c: In function 'test_Ds3231':
../Core/Src/main.c:290:2: warning: implicit declaration of function 'ds3231_ReadTime' [-Wimplicit-function-declaration]
  290 |  ds3231_ReadTime();
      |  ^~~~~~~~~~~~~~~
../Core/Src/main.c:291:25: warning: implicit declaration of function 'ds3231_GetHour' [-Wimplicit-function-declaration]
  291 |  lcd_ShowIntNum(10, 70, ds3231_GetHour(), 2, GREEN, BLACK, 16);
      |                         ^~~~~~~~~~~~~~
../Core/Src/main.c:293:25: warning: implicit declaration of function 'ds3231_GetMin' [-Wimplicit-function-declaration]
  293 |  lcd_ShowIntNum(30, 70, ds3231_GetMin(), 2, GREEN, BLACK, 16);
      |                         ^~~~~~~~~~~~~
../Core/Src/main.c:295:25: warning: implicit declaration of function 'ds3231_GetSec' [-Wimplicit-function-declaration]
  295 |  lcd_ShowIntNum(50, 70, ds3231_GetSec(), 2, GREEN, BLACK, 16);
      |                         ^~~~~~~~~~~~~
In file included from ../Core/Src/main.c:33:
../Core/Src/main.c: At top level:
../Core/Inc/lcd.h:92:17: warning: inline function 'LCD_RD_DATA' declared but never defined
   92 | inline uint16_t LCD_RD_DATA(void);
      |                 ^~~~~~~~~~~
../Core/Inc/lcd.h:91:13: warning: inline function 'LCD_WR_DATA' declared but never defined
   91 | inline void LCD_WR_DATA(uint16_t data);
      |             ^~~~~~~~~~~
arm-none-eabi-gcc -o "Bai5_I2c_Rtc.elf" @"objects.list"   -mcpu=cortex-m4 -T"D:\abc\stm32\kitv2\Bai5_I2c_Rtc\STM32F407ZETX_FLASH.ld" --specs=nosys.specs -Wl,-Map="Bai5_I2c_Rtc.map" -Wl,--gc-sections -static --specs=nano.specs -mfpu=fpv4-sp-d16 -mfloat-abi=hard -mthumb -Wl,--start-group -lc -lm -Wl,--end-group
Finished building target: Bai5_I2c_Rtc.elf
 
arm-none-eabi-size   Bai5_I2c_Rtc.elf 
arm-none-eabi-objdump -h -S  Bai5_I2c_Rtc.elf  > "Bai5_I2c_Rtc.list"
arm-none-eabi-objcopy  -O binary  Bai5_I2c_Rtc.elf  "Bai5_I2c_Rtc.bin"
   text	   data	    bss	    dec	    hex	filename
  53380	     36	   2020	  55436	   d88c	Bai5_I2c_Rtc.elf
Finished building: default.size.stdout
 
Finished building: Bai5_I2c_Rtc.bin
 
Finished building: Bai5_I2c_Rtc.list
 
15:44:07 **** Incremental Build of configuration Debug for project Bai5_I2c_Rtc ****
make -j16 all 
arm-none-eabi-size   Bai5_I2c_Rtc.elf 
   text	   data	    bss	    dec	    hex	filename
  53380	     36	   2020	  55436	   d88c	Bai5_I2c_Rtc.elf
Finished building: default.size.stdout
 
15:45:06 **** Incremental Build of configuration Debug for project Bai5_I2c_Rtc ****
make -j16 all 
arm-none-eabi-gcc "../Core/Src/main.c" -mcpu=cortex-m4 -std=gnu11 -g3 -DDEBUG -DUSE_HAL_DRIVER -DSTM32F407xx -c -I../Core/Inc -I../Drivers/STM32F4xx_HAL_Driver/Inc -I../Drivers/STM32F4xx_HAL_Driver/Inc/Legacy -I../Drivers/CMSIS/Device/ST/STM32F4xx/Include -I../Drivers/CMSIS/Include -O0 -ffunction-sections -fdata-sections -Wall -fstack-usage -MMD -MP -MF"Core/Src/main.d" -MT"Core/Src/main.o" --specs=nano.specs -mfpu=fpv4-sp-d16 -mfloat-abi=hard -mthumb -o "Core/Src/main.o"
../Core/Src/main.c: In function 'main':
../Core/Src/main.c:167:23: warning: pointer targets in passing argument 3 of 'lcd_StrCenter' differ in signedness [-Wpointer-sign]
  167 |   lcd_StrCenter(0, 0, "Xin chao cac ban", WHITE, BLUE, 16, 0);
      |                       ^~~~~~~~~~~~~~~~~~
      |                       |
      |                       char *
In file included from ../Core/Src/main.c:33:
../Core/Inc/lcd.h:118:52: note: expected 'uint8_t *' {aka 'unsigned char *'} but argument is of type 'char *'
  118 | void lcd_StrCenter(uint16_t x, uint16_t y,uint8_t *str,uint16_t fc,uint16_t bc,uint8_t sizey,uint8_t mode);
      |                                           ~~~~~~~~~^~~
../Core/Src/main.c:168:23: warning: pointer targets in passing argument 3 of 'lcd_ShowStr' differ in signedness [-Wpointer-sign]
  168 |   lcd_ShowStr(30, 30, "Ten: Thinh", RED, YELLOW, 24, 0);
      |                       ^~~~~~~~~~~~
      |                       |
      |                       char *
In file included from ../Core/Src/main.c:33:
../Core/Inc/lcd.h:117:50: note: expected 'uint8_t *' {aka 'unsigned char *'} but argument is of type 'char *'
  117 | void lcd_ShowStr(uint16_t x, uint16_t y,uint8_t *str,uint16_t fc, uint16_t bc,uint8_t sizey,uint8_t mode);
      |                                         ~~~~~~~~~^~~
../Core/Src/main.c:169:23: warning: pointer targets in passing argument 3 of 'lcd_ShowStr' differ in signedness [-Wpointer-sign]
  169 |   lcd_ShowStr(30, 60, "Nam sinh:", GREEN, BLACK, 24, 0);
      |                       ^~~~~~~~~~~
      |                       |
      |                       char *
In file included from ../Core/Src/main.c:33:
../Core/Inc/lcd.h:117:50: note: expected 'uint8_t *' {aka 'unsigned char *'} but argument is of type 'char *'
  117 | void lcd_ShowStr(uint16_t x, uint16_t y,uint8_t *str,uint16_t fc, uint16_t bc,uint8_t sizey,uint8_t mode);
      |                                         ~~~~~~~~~^~~
../Core/Src/main.c:186:4: warning: implicit declaration of function 'test_Ds3231' [-Wimplicit-function-declaration]
  186 |    test_Ds3231();
      |    ^~~~~~~~~~~
../Core/Src/main.c: In function 'system_init':
../Core/Src/main.c:246:4: warning: implicit declaration of function 'ds3231_init' [-Wimplicit-function-declaration]
  246 |    ds3231_init();
      |    ^~~~~~~~~~~
../Core/Src/main.c: At top level:
../Core/Src/main.c:289:6: warning: conflicting types for 'test_Ds3231'
  289 | void test_Ds3231(){
      |      ^~~~~~~~~~~
../Core/Src/main.c:186:4: note: previous implicit declaration of 'test_Ds3231' was here
  186 |    test_Ds3231();
      |    ^~~~~~~~~~~
../Core/Src/main.c: In function 'test_Ds3231':
../Core/Src/main.c:290:2: warning: implicit declaration of function 'ds3231_ReadTime' [-Wimplicit-function-declaration]
  290 |  ds3231_ReadTime();
      |  ^~~~~~~~~~~~~~~
../Core/Src/main.c:291:26: warning: implicit declaration of function 'ds3231_GetHour' [-Wimplicit-function-declaration]
  291 |  lcd_ShowIntNum(10, 100, ds3231_GetHour(), 2, GREEN, BLACK, 24);
      |                          ^~~~~~~~~~~~~~
../Core/Src/main.c:293:26: warning: implicit declaration of function 'ds3231_GetMin' [-Wimplicit-function-declaration]
  293 |  lcd_ShowIntNum(30, 100, ds3231_GetMin(), 2, GREEN, BLACK, 24);
      |                          ^~~~~~~~~~~~~
../Core/Src/main.c:295:26: warning: implicit declaration of function 'ds3231_GetSec' [-Wimplicit-function-declaration]
  295 |  lcd_ShowIntNum(50, 100, ds3231_GetSec(), 2, GREEN, BLACK, 24);
      |                          ^~~~~~~~~~~~~
In file included from ../Core/Src/main.c:33:
../Core/Src/main.c: At top level:
../Core/Inc/lcd.h:92:17: warning: inline function 'LCD_RD_DATA' declared but never defined
   92 | inline uint16_t LCD_RD_DATA(void);
      |                 ^~~~~~~~~~~
../Core/Inc/lcd.h:91:13: warning: inline function 'LCD_WR_DATA' declared but never defined
   91 | inline void LCD_WR_DATA(uint16_t data);
      |             ^~~~~~~~~~~
arm-none-eabi-gcc -o "Bai5_I2c_Rtc.elf" @"objects.list"   -mcpu=cortex-m4 -T"D:\abc\stm32\kitv2\Bai5_I2c_Rtc\STM32F407ZETX_FLASH.ld" --specs=nosys.specs -Wl,-Map="Bai5_I2c_Rtc.map" -Wl,--gc-sections -static --specs=nano.specs -mfpu=fpv4-sp-d16 -mfloat-abi=hard -mthumb -Wl,--start-group -lc -lm -Wl,--end-group
Finished building target: Bai5_I2c_Rtc.elf
 
arm-none-eabi-size   Bai5_I2c_Rtc.elf 
arm-none-eabi-objdump -h -S  Bai5_I2c_Rtc.elf  > "Bai5_I2c_Rtc.list"
arm-none-eabi-objcopy  -O binary  Bai5_I2c_Rtc.elf  "Bai5_I2c_Rtc.bin"
   text	   data	    bss	    dec	    hex	filename
  53380	     36	   2020	  55436	   d88c	Bai5_I2c_Rtc.elf
Finished building: default.size.stdout
 
Finished building: Bai5_I2c_Rtc.bin
 
Finished building: Bai5_I2c_Rtc.list
 
15:45:11 **** Incremental Build of configuration Debug for project Bai5_I2c_Rtc ****
make -j16 all 
arm-none-eabi-size   Bai5_I2c_Rtc.elf 
   text	   data	    bss	    dec	    hex	filename
  53380	     36	   2020	  55436	   d88c	Bai5_I2c_Rtc.elf
Finished building: default.size.stdout
 
15:46:08 **** Incremental Build of configuration Debug for project Bai5_I2c_Rtc ****
make -j16 all 
arm-none-eabi-gcc "../Core/Src/main.c" -mcpu=cortex-m4 -std=gnu11 -g3 -DDEBUG -DUSE_HAL_DRIVER -DSTM32F407xx -c -I../Core/Inc -I../Drivers/STM32F4xx_HAL_Driver/Inc -I../Drivers/STM32F4xx_HAL_Driver/Inc/Legacy -I../Drivers/CMSIS/Device/ST/STM32F4xx/Include -I../Drivers/CMSIS/Include -O0 -ffunction-sections -fdata-sections -Wall -fstack-usage -MMD -MP -MF"Core/Src/main.d" -MT"Core/Src/main.o" --specs=nano.specs -mfpu=fpv4-sp-d16 -mfloat-abi=hard -mthumb -o "Core/Src/main.o"
../Core/Src/main.c: In function 'main':
../Core/Src/main.c:167:23: warning: pointer targets in passing argument 3 of 'lcd_StrCenter' differ in signedness [-Wpointer-sign]
  167 |   lcd_StrCenter(0, 0, "Xin chao cac ban", WHITE, BLUE, 16, 0);
      |                       ^~~~~~~~~~~~~~~~~~
      |                       |
      |                       char *
In file included from ../Core/Src/main.c:33:
../Core/Inc/lcd.h:118:52: note: expected 'uint8_t *' {aka 'unsigned char *'} but argument is of type 'char *'
  118 | void lcd_StrCenter(uint16_t x, uint16_t y,uint8_t *str,uint16_t fc,uint16_t bc,uint8_t sizey,uint8_t mode);
      |                                           ~~~~~~~~~^~~
../Core/Src/main.c:168:23: warning: pointer targets in passing argument 3 of 'lcd_ShowStr' differ in signedness [-Wpointer-sign]
  168 |   lcd_ShowStr(30, 30, "Ten: Thinh", RED, YELLOW, 24, 0);
      |                       ^~~~~~~~~~~~
      |                       |
      |                       char *
In file included from ../Core/Src/main.c:33:
../Core/Inc/lcd.h:117:50: note: expected 'uint8_t *' {aka 'unsigned char *'} but argument is of type 'char *'
  117 | void lcd_ShowStr(uint16_t x, uint16_t y,uint8_t *str,uint16_t fc, uint16_t bc,uint8_t sizey,uint8_t mode);
      |                                         ~~~~~~~~~^~~
../Core/Src/main.c:169:23: warning: pointer targets in passing argument 3 of 'lcd_ShowStr' differ in signedness [-Wpointer-sign]
  169 |   lcd_ShowStr(30, 60, "Nam sinh:", GREEN, BLACK, 24, 0);
      |                       ^~~~~~~~~~~
      |                       |
      |                       char *
In file included from ../Core/Src/main.c:33:
../Core/Inc/lcd.h:117:50: note: expected 'uint8_t *' {aka 'unsigned char *'} but argument is of type 'char *'
  117 | void lcd_ShowStr(uint16_t x, uint16_t y,uint8_t *str,uint16_t fc, uint16_t bc,uint8_t sizey,uint8_t mode);
      |                                         ~~~~~~~~~^~~
../Core/Src/main.c:186:4: warning: implicit declaration of function 'test_Ds3231' [-Wimplicit-function-declaration]
  186 |    test_Ds3231();
      |    ^~~~~~~~~~~
../Core/Src/main.c: In function 'system_init':
../Core/Src/main.c:246:4: warning: implicit declaration of function 'ds3231_init' [-Wimplicit-function-declaration]
  246 |    ds3231_init();
      |    ^~~~~~~~~~~
../Core/Src/main.c: At top level:
../Core/Src/main.c:289:6: warning: conflicting types for 'test_Ds3231'
  289 | void test_Ds3231(){
      |      ^~~~~~~~~~~
../Core/Src/main.c:186:4: note: previous implicit declaration of 'test_Ds3231' was here
  186 |    test_Ds3231();
      |    ^~~~~~~~~~~
../Core/Src/main.c: In function 'test_Ds3231':
../Core/Src/main.c:290:2: warning: implicit declaration of function 'ds3231_ReadTime' [-Wimplicit-function-declaration]
  290 |  ds3231_ReadTime();
      |  ^~~~~~~~~~~~~~~
../Core/Src/main.c:291:26: warning: implicit declaration of function 'ds3231_GetHour' [-Wimplicit-function-declaration]
  291 |  lcd_ShowIntNum(10, 100, ds3231_GetHour(), 2, GREEN, BLACK, 24);
      |                          ^~~~~~~~~~~~~~
../Core/Src/main.c:293:26: warning: implicit declaration of function 'ds3231_GetMin' [-Wimplicit-function-declaration]
  293 |  lcd_ShowIntNum(50, 100, ds3231_GetMin(), 2, GREEN, BLACK, 24);
      |                          ^~~~~~~~~~~~~
../Core/Src/main.c:295:26: warning: implicit declaration of function 'ds3231_GetSec' [-Wimplicit-function-declaration]
  295 |  lcd_ShowIntNum(90, 100, ds3231_GetSec(), 2, GREEN, BLACK, 24);
      |                          ^~~~~~~~~~~~~
In file included from ../Core/Src/main.c:33:
../Core/Src/main.c: At top level:
../Core/Inc/lcd.h:92:17: warning: inline function 'LCD_RD_DATA' declared but never defined
   92 | inline uint16_t LCD_RD_DATA(void);
      |                 ^~~~~~~~~~~
../Core/Inc/lcd.h:91:13: warning: inline function 'LCD_WR_DATA' declared but never defined
   91 | inline void LCD_WR_DATA(uint16_t data);
      |             ^~~~~~~~~~~
arm-none-eabi-gcc -o "Bai5_I2c_Rtc.elf" @"objects.list"   -mcpu=cortex-m4 -T"D:\abc\stm32\kitv2\Bai5_I2c_Rtc\STM32F407ZETX_FLASH.ld" --specs=nosys.specs -Wl,-Map="Bai5_I2c_Rtc.map" -Wl,--gc-sections -static --specs=nano.specs -mfpu=fpv4-sp-d16 -mfloat-abi=hard -mthumb -Wl,--start-group -lc -lm -Wl,--end-group
Finished building target: Bai5_I2c_Rtc.elf
 
arm-none-eabi-size   Bai5_I2c_Rtc.elf 
arm-none-eabi-objdump -h -S  Bai5_I2c_Rtc.elf  > "Bai5_I2c_Rtc.list"
arm-none-eabi-objcopy  -O binary  Bai5_I2c_Rtc.elf  "Bai5_I2c_Rtc.bin"
   text	   data	    bss	    dec	    hex	filename
  53380	     36	   2020	  55436	   d88c	Bai5_I2c_Rtc.elf
Finished building: default.size.stdout
 
Finished building: Bai5_I2c_Rtc.bin
 
Finished building: Bai5_I2c_Rtc.list
 
15:47:29 **** Incremental Build of configuration Debug for project Bai5_I2c_Rtc ****
make -j16 all 
arm-none-eabi-gcc "../Core/Src/main.c" -mcpu=cortex-m4 -std=gnu11 -g3 -DDEBUG -DUSE_HAL_DRIVER -DSTM32F407xx -c -I../Core/Inc -I../Drivers/STM32F4xx_HAL_Driver/Inc -I../Drivers/STM32F4xx_HAL_Driver/Inc/Legacy -I../Drivers/CMSIS/Device/ST/STM32F4xx/Include -I../Drivers/CMSIS/Include -O0 -ffunction-sections -fdata-sections -Wall -fstack-usage -MMD -MP -MF"Core/Src/main.d" -MT"Core/Src/main.o" --specs=nano.specs -mfpu=fpv4-sp-d16 -mfloat-abi=hard -mthumb -o "Core/Src/main.o"
../Core/Src/main.c: In function 'main':
../Core/Src/main.c:167:23: warning: pointer targets in passing argument 3 of 'lcd_StrCenter' differ in signedness [-Wpointer-sign]
  167 |   lcd_StrCenter(0, 0, "Xin chao cac ban", WHITE, BLUE, 16, 0);
      |                       ^~~~~~~~~~~~~~~~~~
      |                       |
      |                       char *
In file included from ../Core/Src/main.c:33:
../Core/Inc/lcd.h:118:52: note: expected 'uint8_t *' {aka 'unsigned char *'} but argument is of type 'char *'
  118 | void lcd_StrCenter(uint16_t x, uint16_t y,uint8_t *str,uint16_t fc,uint16_t bc,uint8_t sizey,uint8_t mode);
      |                                           ~~~~~~~~~^~~
../Core/Src/main.c:168:23: warning: pointer targets in passing argument 3 of 'lcd_ShowStr' differ in signedness [-Wpointer-sign]
  168 |   lcd_ShowStr(30, 30, "Ten: Thinh", RED, YELLOW, 24, 0);
      |                       ^~~~~~~~~~~~
      |                       |
      |                       char *
In file included from ../Core/Src/main.c:33:
../Core/Inc/lcd.h:117:50: note: expected 'uint8_t *' {aka 'unsigned char *'} but argument is of type 'char *'
  117 | void lcd_ShowStr(uint16_t x, uint16_t y,uint8_t *str,uint16_t fc, uint16_t bc,uint8_t sizey,uint8_t mode);
      |                                         ~~~~~~~~~^~~
../Core/Src/main.c:169:23: warning: pointer targets in passing argument 3 of 'lcd_ShowStr' differ in signedness [-Wpointer-sign]
  169 |   lcd_ShowStr(30, 60, "Nam sinh:", GREEN, BLACK, 24, 0);
      |                       ^~~~~~~~~~~
      |                       |
      |                       char *
In file included from ../Core/Src/main.c:33:
../Core/Inc/lcd.h:117:50: note: expected 'uint8_t *' {aka 'unsigned char *'} but argument is of type 'char *'
  117 | void lcd_ShowStr(uint16_t x, uint16_t y,uint8_t *str,uint16_t fc, uint16_t bc,uint8_t sizey,uint8_t mode);
      |                                         ~~~~~~~~~^~~
../Core/Src/main.c:186:4: warning: implicit declaration of function 'test_Ds3231' [-Wimplicit-function-declaration]
  186 |    test_Ds3231();
      |    ^~~~~~~~~~~
../Core/Src/main.c: In function 'system_init':
../Core/Src/main.c:246:4: warning: implicit declaration of function 'ds3231_init' [-Wimplicit-function-declaration]
  246 |    ds3231_init();
      |    ^~~~~~~~~~~
../Core/Src/main.c: At top level:
../Core/Src/main.c:289:6: warning: conflicting types for 'test_Ds3231'
  289 | void test_Ds3231(){
      |      ^~~~~~~~~~~
../Core/Src/main.c:186:4: note: previous implicit declaration of 'test_Ds3231' was here
  186 |    test_Ds3231();
      |    ^~~~~~~~~~~
../Core/Src/main.c: In function 'test_Ds3231':
../Core/Src/main.c:290:2: warning: implicit declaration of function 'ds3231_ReadTime' [-Wimplicit-function-declaration]
  290 |  ds3231_ReadTime();
      |  ^~~~~~~~~~~~~~~
../Core/Src/main.c:291:26: warning: implicit declaration of function 'ds3231_GetHour' [-Wimplicit-function-declaration]
  291 |  lcd_ShowIntNum(10, 100, ds3231_GetHour(), 2, GREEN, BLACK, 24);
      |                          ^~~~~~~~~~~~~~
../Core/Src/main.c:293:26: warning: implicit declaration of function 'ds3231_GetMin' [-Wimplicit-function-declaration]
  293 |  lcd_ShowIntNum(50, 100, ds3231_GetMin(), 2, GREEN, BLACK, 24);
      |                          ^~~~~~~~~~~~~
../Core/Src/main.c:295:26: warning: implicit declaration of function 'ds3231_GetSec' [-Wimplicit-function-declaration]
  295 |  lcd_ShowIntNum(90, 100, ds3231_GetSec(), 2, GREEN, BLACK, 24);
      |                          ^~~~~~~~~~~~~
In file included from ../Core/Src/main.c:33:
../Core/Src/main.c: At top level:
../Core/Inc/lcd.h:92:17: warning: inline function 'LCD_RD_DATA' declared but never defined
   92 | inline uint16_t LCD_RD_DATA(void);
      |                 ^~~~~~~~~~~
../Core/Inc/lcd.h:91:13: warning: inline function 'LCD_WR_DATA' declared but never defined
   91 | inline void LCD_WR_DATA(uint16_t data);
      |             ^~~~~~~~~~~
arm-none-eabi-gcc -o "Bai5_I2c_Rtc.elf" @"objects.list"   -mcpu=cortex-m4 -T"D:\abc\stm32\kitv2\Bai5_I2c_Rtc\STM32F407ZETX_FLASH.ld" --specs=nosys.specs -Wl,-Map="Bai5_I2c_Rtc.map" -Wl,--gc-sections -static --specs=nano.specs -mfpu=fpv4-sp-d16 -mfloat-abi=hard -mthumb -Wl,--start-group -lc -lm -Wl,--end-group
Finished building target: Bai5_I2c_Rtc.elf
 
arm-none-eabi-size   Bai5_I2c_Rtc.elf 
arm-none-eabi-objdump -h -S  Bai5_I2c_Rtc.elf  > "Bai5_I2c_Rtc.list"
arm-none-eabi-objcopy  -O binary  Bai5_I2c_Rtc.elf  "Bai5_I2c_Rtc.bin"
   text	   data	    bss	    dec	    hex	filename
  53380	     36	   2020	  55436	   d88c	Bai5_I2c_Rtc.elf
Finished building: default.size.stdout
 
Finished building: Bai5_I2c_Rtc.bin
 
Finished building: Bai5_I2c_Rtc.list
 
15:47:49 **** Incremental Build of configuration Debug for project Bai5_I2c_Rtc ****
make -j16 all 
arm-none-eabi-gcc "../Core/Src/main.c" -mcpu=cortex-m4 -std=gnu11 -g3 -DDEBUG -DUSE_HAL_DRIVER -DSTM32F407xx -c -I../Core/Inc -I../Drivers/STM32F4xx_HAL_Driver/Inc -I../Drivers/STM32F4xx_HAL_Driver/Inc/Legacy -I../Drivers/CMSIS/Device/ST/STM32F4xx/Include -I../Drivers/CMSIS/Include -O0 -ffunction-sections -fdata-sections -Wall -fstack-usage -MMD -MP -MF"Core/Src/main.d" -MT"Core/Src/main.o" --specs=nano.specs -mfpu=fpv4-sp-d16 -mfloat-abi=hard -mthumb -o "Core/Src/main.o"
../Core/Src/main.c: In function 'main':
../Core/Src/main.c:167:23: warning: pointer targets in passing argument 3 of 'lcd_StrCenter' differ in signedness [-Wpointer-sign]
  167 |   lcd_StrCenter(0, 0, "Xin chao cac ban", WHITE, BLUE, 16, 0);
      |                       ^~~~~~~~~~~~~~~~~~
      |                       |
      |                       char *
In file included from ../Core/Src/main.c:33:
../Core/Inc/lcd.h:118:52: note: expected 'uint8_t *' {aka 'unsigned char *'} but argument is of type 'char *'
  118 | void lcd_StrCenter(uint16_t x, uint16_t y,uint8_t *str,uint16_t fc,uint16_t bc,uint8_t sizey,uint8_t mode);
      |                                           ~~~~~~~~~^~~
../Core/Src/main.c:168:23: warning: pointer targets in passing argument 3 of 'lcd_ShowStr' differ in signedness [-Wpointer-sign]
  168 |   lcd_ShowStr(30, 30, "Ten: Thinh", RED, YELLOW, 24, 0);
      |                       ^~~~~~~~~~~~
      |                       |
      |                       char *
In file included from ../Core/Src/main.c:33:
../Core/Inc/lcd.h:117:50: note: expected 'uint8_t *' {aka 'unsigned char *'} but argument is of type 'char *'
  117 | void lcd_ShowStr(uint16_t x, uint16_t y,uint8_t *str,uint16_t fc, uint16_t bc,uint8_t sizey,uint8_t mode);
      |                                         ~~~~~~~~~^~~
../Core/Src/main.c:169:23: warning: pointer targets in passing argument 3 of 'lcd_ShowStr' differ in signedness [-Wpointer-sign]
  169 |   lcd_ShowStr(30, 60, "Nam sinh:", GREEN, BLACK, 24, 0);
      |                       ^~~~~~~~~~~
      |                       |
      |                       char *
In file included from ../Core/Src/main.c:33:
../Core/Inc/lcd.h:117:50: note: expected 'uint8_t *' {aka 'unsigned char *'} but argument is of type 'char *'
  117 | void lcd_ShowStr(uint16_t x, uint16_t y,uint8_t *str,uint16_t fc, uint16_t bc,uint8_t sizey,uint8_t mode);
      |                                         ~~~~~~~~~^~~
../Core/Src/main.c:186:4: warning: implicit declaration of function 'test_Ds3231' [-Wimplicit-function-declaration]
  186 |    test_Ds3231();
      |    ^~~~~~~~~~~
../Core/Src/main.c: In function 'system_init':
../Core/Src/main.c:246:4: warning: implicit declaration of function 'ds3231_init' [-Wimplicit-function-declaration]
  246 |    ds3231_init();
      |    ^~~~~~~~~~~
../Core/Src/main.c: At top level:
../Core/Src/main.c:289:6: warning: conflicting types for 'test_Ds3231'
  289 | void test_Ds3231(){
      |      ^~~~~~~~~~~
../Core/Src/main.c:186:4: note: previous implicit declaration of 'test_Ds3231' was here
  186 |    test_Ds3231();
      |    ^~~~~~~~~~~
../Core/Src/main.c: In function 'test_Ds3231':
../Core/Src/main.c:290:2: warning: implicit declaration of function 'ds3231_ReadTime' [-Wimplicit-function-declaration]
  290 |  ds3231_ReadTime();
      |  ^~~~~~~~~~~~~~~
../Core/Src/main.c:291:26: warning: implicit declaration of function 'ds3231_GetHour' [-Wimplicit-function-declaration]
  291 |  lcd_ShowIntNum(10, 100, ds3231_GetHour(), 2, GREEN, BLACK, 24);
      |                          ^~~~~~~~~~~~~~
../Core/Src/main.c:293:26: warning: implicit declaration of function 'ds3231_GetMin' [-Wimplicit-function-declaration]
  293 |  lcd_ShowIntNum(50, 100, ds3231_GetMin(), 2, GREEN, BLACK, 24);
      |                          ^~~~~~~~~~~~~
../Core/Src/main.c:295:26: warning: implicit declaration of function 'ds3231_GetSec' [-Wimplicit-function-declaration]
  295 |  lcd_ShowIntNum(90, 100, ds3231_GetSec(), 2, GREEN, BLACK, 24);
      |                          ^~~~~~~~~~~~~
In file included from ../Core/Src/main.c:33:
../Core/Src/main.c: At top level:
../Core/Inc/lcd.h:92:17: warning: inline function 'LCD_RD_DATA' declared but never defined
   92 | inline uint16_t LCD_RD_DATA(void);
      |                 ^~~~~~~~~~~
../Core/Inc/lcd.h:91:13: warning: inline function 'LCD_WR_DATA' declared but never defined
   91 | inline void LCD_WR_DATA(uint16_t data);
      |             ^~~~~~~~~~~
arm-none-eabi-gcc -o "Bai5_I2c_Rtc.elf" @"objects.list"   -mcpu=cortex-m4 -T"D:\abc\stm32\kitv2\Bai5_I2c_Rtc\STM32F407ZETX_FLASH.ld" --specs=nosys.specs -Wl,-Map="Bai5_I2c_Rtc.map" -Wl,--gc-sections -static --specs=nano.specs -mfpu=fpv4-sp-d16 -mfloat-abi=hard -mthumb -Wl,--start-group -lc -lm -Wl,--end-group
Finished building target: Bai5_I2c_Rtc.elf
 
arm-none-eabi-size   Bai5_I2c_Rtc.elf 
arm-none-eabi-objdump -h -S  Bai5_I2c_Rtc.elf  > "Bai5_I2c_Rtc.list"
arm-none-eabi-objcopy  -O binary  Bai5_I2c_Rtc.elf  "Bai5_I2c_Rtc.bin"
   text	   data	    bss	    dec	    hex	filename
  53380	     36	   2020	  55436	   d88c	Bai5_I2c_Rtc.elf
Finished building: default.size.stdout
 
Finished building: Bai5_I2c_Rtc.bin
 
Finished building: Bai5_I2c_Rtc.list
 
15:48:39 **** Incremental Build of configuration Debug for project Bai5_I2c_Rtc ****
make -j16 all 
arm-none-eabi-gcc "../Core/Src/main.c" -mcpu=cortex-m4 -std=gnu11 -g3 -DDEBUG -DUSE_HAL_DRIVER -DSTM32F407xx -c -I../Core/Inc -I../Drivers/STM32F4xx_HAL_Driver/Inc -I../Drivers/STM32F4xx_HAL_Driver/Inc/Legacy -I../Drivers/CMSIS/Device/ST/STM32F4xx/Include -I../Drivers/CMSIS/Include -O0 -ffunction-sections -fdata-sections -Wall -fstack-usage -MMD -MP -MF"Core/Src/main.d" -MT"Core/Src/main.o" --specs=nano.specs -mfpu=fpv4-sp-d16 -mfloat-abi=hard -mthumb -o "Core/Src/main.o"
../Core/Src/main.c: In function 'main':
../Core/Src/main.c:167:23: warning: pointer targets in passing argument 3 of 'lcd_StrCenter' differ in signedness [-Wpointer-sign]
  167 |   lcd_StrCenter(0, 0, "Xin chao cac ban", WHITE, BLUE, 16, 0);
      |                       ^~~~~~~~~~~~~~~~~~
      |                       |
      |                       char *
In file included from ../Core/Src/main.c:33:
../Core/Inc/lcd.h:118:52: note: expected 'uint8_t *' {aka 'unsigned char *'} but argument is of type 'char *'
  118 | void lcd_StrCenter(uint16_t x, uint16_t y,uint8_t *str,uint16_t fc,uint16_t bc,uint8_t sizey,uint8_t mode);
      |                                           ~~~~~~~~~^~~
../Core/Src/main.c:168:23: warning: pointer targets in passing argument 3 of 'lcd_ShowStr' differ in signedness [-Wpointer-sign]
  168 |   lcd_ShowStr(30, 30, "Ten: Thinh", RED, YELLOW, 24, 0);
      |                       ^~~~~~~~~~~~
      |                       |
      |                       char *
In file included from ../Core/Src/main.c:33:
../Core/Inc/lcd.h:117:50: note: expected 'uint8_t *' {aka 'unsigned char *'} but argument is of type 'char *'
  117 | void lcd_ShowStr(uint16_t x, uint16_t y,uint8_t *str,uint16_t fc, uint16_t bc,uint8_t sizey,uint8_t mode);
      |                                         ~~~~~~~~~^~~
../Core/Src/main.c:169:23: warning: pointer targets in passing argument 3 of 'lcd_ShowStr' differ in signedness [-Wpointer-sign]
  169 |   lcd_ShowStr(30, 60, "Nam sinh:", GREEN, BLACK, 24, 0);
      |                       ^~~~~~~~~~~
      |                       |
      |                       char *
In file included from ../Core/Src/main.c:33:
../Core/Inc/lcd.h:117:50: note: expected 'uint8_t *' {aka 'unsigned char *'} but argument is of type 'char *'
  117 | void lcd_ShowStr(uint16_t x, uint16_t y,uint8_t *str,uint16_t fc, uint16_t bc,uint8_t sizey,uint8_t mode);
      |                                         ~~~~~~~~~^~~
../Core/Src/main.c:186:4: warning: implicit declaration of function 'test_Ds3231' [-Wimplicit-function-declaration]
  186 |    test_Ds3231();
      |    ^~~~~~~~~~~
../Core/Src/main.c: In function 'system_init':
../Core/Src/main.c:246:4: warning: implicit declaration of function 'ds3231_init' [-Wimplicit-function-declaration]
  246 |    ds3231_init();
      |    ^~~~~~~~~~~
../Core/Src/main.c: At top level:
../Core/Src/main.c:289:6: warning: conflicting types for 'test_Ds3231'
  289 | void test_Ds3231(){
      |      ^~~~~~~~~~~
../Core/Src/main.c:186:4: note: previous implicit declaration of 'test_Ds3231' was here
  186 |    test_Ds3231();
      |    ^~~~~~~~~~~
../Core/Src/main.c: In function 'test_Ds3231':
../Core/Src/main.c:290:2: warning: implicit declaration of function 'ds3231_ReadTime' [-Wimplicit-function-declaration]
  290 |  ds3231_ReadTime();
      |  ^~~~~~~~~~~~~~~
../Core/Src/main.c:291:26: warning: implicit declaration of function 'ds3231_GetHour' [-Wimplicit-function-declaration]
  291 |  lcd_ShowIntNum(10, 100, ds3231_GetHour(), 2, GREEN, BLACK, 24);
      |                          ^~~~~~~~~~~~~~
../Core/Src/main.c:293:26: warning: implicit declaration of function 'ds3231_GetMin' [-Wimplicit-function-declaration]
  293 |  lcd_ShowIntNum(50, 100, ds3231_GetMin(), 2, GREEN, BLACK, 24);
      |                          ^~~~~~~~~~~~~
../Core/Src/main.c:295:26: warning: implicit declaration of function 'ds3231_GetSec' [-Wimplicit-function-declaration]
  295 |  lcd_ShowIntNum(90, 100, ds3231_GetSec(), 2, GREEN, BLACK, 24);
      |                          ^~~~~~~~~~~~~
In file included from ../Core/Src/main.c:33:
../Core/Src/main.c: At top level:
../Core/Inc/lcd.h:92:17: warning: inline function 'LCD_RD_DATA' declared but never defined
   92 | inline uint16_t LCD_RD_DATA(void);
      |                 ^~~~~~~~~~~
../Core/Inc/lcd.h:91:13: warning: inline function 'LCD_WR_DATA' declared but never defined
   91 | inline void LCD_WR_DATA(uint16_t data);
      |             ^~~~~~~~~~~
arm-none-eabi-gcc -o "Bai5_I2c_Rtc.elf" @"objects.list"   -mcpu=cortex-m4 -T"D:\abc\stm32\kitv2\Bai5_I2c_Rtc\STM32F407ZETX_FLASH.ld" --specs=nosys.specs -Wl,-Map="Bai5_I2c_Rtc.map" -Wl,--gc-sections -static --specs=nano.specs -mfpu=fpv4-sp-d16 -mfloat-abi=hard -mthumb -Wl,--start-group -lc -lm -Wl,--end-group
Finished building target: Bai5_I2c_Rtc.elf
 
arm-none-eabi-size   Bai5_I2c_Rtc.elf 
arm-none-eabi-objdump -h -S  Bai5_I2c_Rtc.elf  > "Bai5_I2c_Rtc.list"
arm-none-eabi-objcopy  -O binary  Bai5_I2c_Rtc.elf  "Bai5_I2c_Rtc.bin"
   text	   data	    bss	    dec	    hex	filename
  53380	     36	   2020	  55436	   d88c	Bai5_I2c_Rtc.elf
Finished building: default.size.stdout
 
Finished building: Bai5_I2c_Rtc.bin
 
Finished building: Bai5_I2c_Rtc.list
 
15:49:42 **** Incremental Build of configuration Debug for project Bai5_I2c_Rtc ****
make -j16 all 
arm-none-eabi-gcc "../Core/Src/main.c" -mcpu=cortex-m4 -std=gnu11 -g3 -DDEBUG -DUSE_HAL_DRIVER -DSTM32F407xx -c -I../Core/Inc -I../Drivers/STM32F4xx_HAL_Driver/Inc -I../Drivers/STM32F4xx_HAL_Driver/Inc/Legacy -I../Drivers/CMSIS/Device/ST/STM32F4xx/Include -I../Drivers/CMSIS/Include -O0 -ffunction-sections -fdata-sections -Wall -fstack-usage -MMD -MP -MF"Core/Src/main.d" -MT"Core/Src/main.o" --specs=nano.specs -mfpu=fpv4-sp-d16 -mfloat-abi=hard -mthumb -o "Core/Src/main.o"
../Core/Src/main.c: In function 'main':
../Core/Src/main.c:167:23: warning: pointer targets in passing argument 3 of 'lcd_StrCenter' differ in signedness [-Wpointer-sign]
  167 |   lcd_StrCenter(0, 0, "Xin chao cac ban", WHITE, BLUE, 16, 0);
      |                       ^~~~~~~~~~~~~~~~~~
      |                       |
      |                       char *
In file included from ../Core/Src/main.c:33:
../Core/Inc/lcd.h:118:52: note: expected 'uint8_t *' {aka 'unsigned char *'} but argument is of type 'char *'
  118 | void lcd_StrCenter(uint16_t x, uint16_t y,uint8_t *str,uint16_t fc,uint16_t bc,uint8_t sizey,uint8_t mode);
      |                                           ~~~~~~~~~^~~
../Core/Src/main.c:168:23: warning: pointer targets in passing argument 3 of 'lcd_ShowStr' differ in signedness [-Wpointer-sign]
  168 |   lcd_ShowStr(30, 30, "Ten: Thinh", RED, YELLOW, 24, 0);
      |                       ^~~~~~~~~~~~
      |                       |
      |                       char *
In file included from ../Core/Src/main.c:33:
../Core/Inc/lcd.h:117:50: note: expected 'uint8_t *' {aka 'unsigned char *'} but argument is of type 'char *'
  117 | void lcd_ShowStr(uint16_t x, uint16_t y,uint8_t *str,uint16_t fc, uint16_t bc,uint8_t sizey,uint8_t mode);
      |                                         ~~~~~~~~~^~~
../Core/Src/main.c:169:23: warning: pointer targets in passing argument 3 of 'lcd_ShowStr' differ in signedness [-Wpointer-sign]
  169 |   lcd_ShowStr(30, 60, "Nam sinh:", GREEN, BLACK, 24, 0);
      |                       ^~~~~~~~~~~
      |                       |
      |                       char *
In file included from ../Core/Src/main.c:33:
../Core/Inc/lcd.h:117:50: note: expected 'uint8_t *' {aka 'unsigned char *'} but argument is of type 'char *'
  117 | void lcd_ShowStr(uint16_t x, uint16_t y,uint8_t *str,uint16_t fc, uint16_t bc,uint8_t sizey,uint8_t mode);
      |                                         ~~~~~~~~~^~~
../Core/Src/main.c:186:4: warning: implicit declaration of function 'test_Ds3231' [-Wimplicit-function-declaration]
  186 |    test_Ds3231();
      |    ^~~~~~~~~~~
../Core/Src/main.c: In function 'system_init':
../Core/Src/main.c:246:4: warning: implicit declaration of function 'ds3231_init' [-Wimplicit-function-declaration]
  246 |    ds3231_init();
      |    ^~~~~~~~~~~
../Core/Src/main.c: At top level:
../Core/Src/main.c:289:6: warning: conflicting types for 'test_Ds3231'
  289 | void test_Ds3231(){
      |      ^~~~~~~~~~~
../Core/Src/main.c:186:4: note: previous implicit declaration of 'test_Ds3231' was here
  186 |    test_Ds3231();
      |    ^~~~~~~~~~~
../Core/Src/main.c: In function 'test_Ds3231':
../Core/Src/main.c:290:2: warning: implicit declaration of function 'ds3231_ReadTime' [-Wimplicit-function-declaration]
  290 |  ds3231_ReadTime();
      |  ^~~~~~~~~~~~~~~
../Core/Src/main.c:291:26: warning: implicit declaration of function 'ds3231_GetHour' [-Wimplicit-function-declaration]
  291 |  lcd_ShowIntNum(70, 100, ds3231_GetHour(), 2, GREEN, BLACK, 24);
      |                          ^~~~~~~~~~~~~~
../Core/Src/main.c:293:27: warning: implicit declaration of function 'ds3231_GetMin' [-Wimplicit-function-declaration]
  293 |  lcd_ShowIntNum(110, 100, ds3231_GetMin(), 2, GREEN, BLACK, 24);
      |                           ^~~~~~~~~~~~~
../Core/Src/main.c:295:27: warning: implicit declaration of function 'ds3231_GetSec' [-Wimplicit-function-declaration]
  295 |  lcd_ShowIntNum(150, 100, ds3231_GetSec(), 2, GREEN, BLACK, 24);
      |                           ^~~~~~~~~~~~~
In file included from ../Core/Src/main.c:33:
../Core/Src/main.c: At top level:
../Core/Inc/lcd.h:92:17: warning: inline function 'LCD_RD_DATA' declared but never defined
   92 | inline uint16_t LCD_RD_DATA(void);
      |                 ^~~~~~~~~~~
../Core/Inc/lcd.h:91:13: warning: inline function 'LCD_WR_DATA' declared but never defined
   91 | inline void LCD_WR_DATA(uint16_t data);
      |             ^~~~~~~~~~~
arm-none-eabi-gcc -o "Bai5_I2c_Rtc.elf" @"objects.list"   -mcpu=cortex-m4 -T"D:\abc\stm32\kitv2\Bai5_I2c_Rtc\STM32F407ZETX_FLASH.ld" --specs=nosys.specs -Wl,-Map="Bai5_I2c_Rtc.map" -Wl,--gc-sections -static --specs=nano.specs -mfpu=fpv4-sp-d16 -mfloat-abi=hard -mthumb -Wl,--start-group -lc -lm -Wl,--end-group
Finished building target: Bai5_I2c_Rtc.elf
 
arm-none-eabi-size   Bai5_I2c_Rtc.elf 
arm-none-eabi-objdump -h -S  Bai5_I2c_Rtc.elf  > "Bai5_I2c_Rtc.list"
arm-none-eabi-objcopy  -O binary  Bai5_I2c_Rtc.elf  "Bai5_I2c_Rtc.bin"
   text	   data	    bss	    dec	    hex	filename
  53380	     36	   2020	  55436	   d88c	Bai5_I2c_Rtc.elf
Finished building: default.size.stdout
 
Finished building: Bai5_I2c_Rtc.bin
 
Finished building: Bai5_I2c_Rtc.list
 
15:55:37 **** Incremental Build of configuration Debug for project Bai5_I2c_Rtc ****
make -j16 all 
arm-none-eabi-gcc "../Core/Src/lcd.c" -mcpu=cortex-m4 -std=gnu11 -g3 -DDEBUG -DUSE_HAL_DRIVER -DSTM32F407xx -c -I../Core/Inc -I../Drivers/STM32F4xx_HAL_Driver/Inc -I../Drivers/STM32F4xx_HAL_Driver/Inc/Legacy -I../Drivers/CMSIS/Device/ST/STM32F4xx/Include -I../Drivers/CMSIS/Include -O0 -ffunction-sections -fdata-sections -Wall -fstack-usage -MMD -MP -MF"Core/Src/lcd.d" -MT"Core/Src/lcd.o" --specs=nano.specs -mfpu=fpv4-sp-d16 -mfloat-abi=hard -mthumb -o "Core/Src/lcd.o"
In file included from ../Core/Src/lcd.c:15:
../Core/Inc/lcdfont.h:432:29: warning: missing braces around initializer [-Wmissing-braces]
  432 | const typFNT_GB16 tfont16[]={
      |                             ^
  433 | "ff",0x80,0x00,0x80,0x00,0x80,0x00,0x80,0x00,0xFC,0x1F,0x84,0x10,0x84,0x10,0x84,0x10,
      | {    {
  434 | 0x84,0x10,0x84,0x10,0xFC,0x1F,0x84,0x10,0x80,0x00,0x80,0x00,0x80,0x00,0x80,0x00,/*"��",0*/
      |                                                                                }}
  435 | "ff",0xF8,0x0F,0x08,0x08,0xF8,0x0F,0x08,0x08,0xF8,0x0F,0x80,0x00,0xFF,0x7F,0x00,0x00,
      | {    {
  436 | 0xF8,0x0F,0x08,0x08,0x08,0x08,0xF8,0x0F,0x80,0x00,0x84,0x10,0xA2,0x20,0x40,0x00,/*"��",1*/
      |                                                                                }}
  437 | "ff",0x00,0x00,0xFE,0x3F,0x02,0x20,0xF2,0x27,0x02,0x20,0x02,0x20,0xFA,0x2F,0x22,0x21,
      | {    {
  438 | 0x22,0x21,0x22,0x21,0x12,0x29,0x12,0x29,0x0A,0x2E,0x02,0x20,0xFE,0x3F,0x02,0x20,/*"԰",2*/
      |                                                                                }}
  439 | "ff",0x80,0x00,0x80,0x00,0x80,0x00,0xFC,0x1F,0x84,0x10,0x84,0x10,0x84,0x10,0xFC,0x1F,
      | {    {
  440 | 0x84,0x10,0x84,0x10,0x84,0x10,0xFC,0x1F,0x84,0x50,0x80,0x40,0x80,0x40,0x00,0x7F,/*"��",3*/
      |                                                                                }}
  441 | "ff",0x00,0x00,0xFE,0x1F,0x00,0x08,0x00,0x04,0x00,0x02,0x80,0x01,0x80,0x00,0xFF,0x7F,
      | {    {
  442 | 0x80,0x00,0x80,0x00,0x80,0x00,0x80,0x00,0x80,0x00,0x80,0x00,0xA0,0x00,0x40,0x00,/*"��",4*/
      |                                                                                }}
  443 | "ff",0x08,0x04,0x08,0x04,0x08,0x04,0xC8,0x7F,0x3F,0x04,0x08,0x04,0x08,0x04,0xA8,0x3F,
      | {    {
  444 | 0x18,0x21,0x0C,0x11,0x0B,0x12,0x08,0x0A,0x08,0x04,0x08,0x0A,0x8A,0x11,0x64,0x60,/*"��",0*/
      |                                                                                }}
  445 | "ff",0x80,0x00,0x80,0x04,0x80,0x08,0x80,0x08,0xFE,0x3F,0xC0,0x01,0xA0,0x02,0xA0,0x02,
      | {    {
  446 | 0x90,0x04,0x88,0x08,0x84,0x10,0x82,0x20,0x81,0x40,0x80,0x00,0x80,0x00,0x80,0x00,/*"��",1*/
      |                                                                                }}
  447 | "ff",0x40,0x00,0x40,0x00,0xFF,0x7F,0x20,0x00,0x20,0x00,0xF0,0x0F,0x10,0x08,0x18,0x08,
      | {    {
  448 | 0xF4,0x0F,0x12,0x08,0x11,0x08,0xF0,0x0F,0x10,0x08,0x10,0x08,0x10,0x0A,0x10,0x04,/*"��",2*/
      |                                                                                }}
  449 | "ff",0x00,0x00,0xDE,0x1F,0x52,0x10,0x4A,0x10,0xCA,0x1F,0x46,0x10,0x4A,0x10,0xD2,0x1F,
      | {    {
  450 | 0x52,0x22,0x52,0x12,0x56,0x0C,0x4A,0x04,0x42,0x08,0x42,0x11,0xC2,0x60,0x42,0x00,/*"��",3*/
      |                                                                                }}
  451 | "ff",0x00,0x01,0x20,0x01,0x20,0x01,0x10,0x02,0x10,0x02,0x08,0x04,0x04,0x08,0x42,0x10,
      | {    {
  452 | 0x41,0x60,0x20,0x00,0x20,0x02,0x10,0x04,0x08,0x04,0xFC,0x0F,0x08,0x08,0x00,0x00,/*"��",4*/
      |                                                                                }}
  453 | "ff",0x00,0x00,0xFC,0x1F,0x00,0x10,0x00,0x10,0xFE,0x17,0x00,0x10,0x00,0x10,0xF8,0x11,
      | {    {
  454 | 0x08,0x11,0x08,0x11,0x08,0x11,0x08,0x11,0xF8,0x11,0x08,0x11,0x00,0x14,0x00,0x08,/*"˾",5*/
      |                                                                                }}
  455 | "ff",0x00,0x01,0x00,0x01,0x3F,0x01,0x20,0x3F,0xA0,0x20,0x92,0x10,0x54,0x02,0x28,0x02,
      | {    {
  456 | 0x08,0x02,0x14,0x05,0x24,0x05,0xA2,0x08,0x81,0x08,0x40,0x10,0x20,0x20,0x10,0x40,/*"��",6*/
      |                                                                                }}
  457 | "ff",0x00,0x00,0x04,0x01,0xC8,0x3C,0x48,0x24,0x40,0x24,0x40,0x24,0x4F,0x24,0x48,0x24,
      | {    {
  458 | 0x48,0x24,0x48,0x2D,0xC8,0x14,0x48,0x04,0x08,0x04,0x14,0x04,0xE2,0x7F,0x00,0x00,/*"ӭ",7*/
      |                                                                                }}
  459 | "ff",0x90,0x00,0x90,0x00,0x88,0x3F,0x4C,0x20,0x2A,0x12,0x99,0x0A,0x88,0x12,0x48,0x22,
      | {    {
  460 | 0x28,0x22,0x88,0x02,0x08,0x01,0x40,0x00,0x8A,0x20,0x8A,0x48,0x09,0x48,0xF0,0x0F,/*"��",8*/
      |                                                                                }}
  461 | "ff",0x08,0x02,0x08,0x02,0x04,0x02,0xC4,0x3F,0x12,0x02,0x5F,0x12,0x48,0x12,0x44,0x12,
      | {    {
  462 | 0x42,0x12,0xDF,0x1F,0x02,0x12,0x00,0x02,0x18,0x42,0x07,0x42,0x02,0x7C,0x00,0x00,/*"��",9*/
      |                                                                                }}
  463 | "ff",0x10,0x00,0x10,0x00,0xF8,0x07,0x04,0x04,0x02,0x02,0xFD,0x1F,0x84,0x10,0x84,0x10,
      | {    {
  464 | 0x84,0x10,0xFC,0x1F,0x04,0x00,0x04,0x40,0x04,0x40,0x04,0x40,0xF8,0x7F,0x00,0x00,/*"ɫ",10*/
      |                                                                                }}
  465 | "ff",0x04,0x02,0x04,0x02,0xE4,0x3F,0x04,0x02,0xC4,0x1F,0x5F,0x10,0xC4,0x1F,0x44,0x10,
      | {    {
  466 | 0xC4,0x1F,0x44,0x10,0xC4,0x1F,0x5C,0x10,0xF7,0x7F,0x82,0x08,0x40,0x10,0x20,0x20,/*"��",11*/
      |                                                                                }}
  467 | "ff",0x40,0x00,0x80,0x00,0xFF,0x7F,0x20,0x00,0x20,0x00,0x10,0x04,0x08,0x08,0xFC,0x1F,
      | {    {
  468 | 0x20,0x12,0x20,0x02,0x20,0x02,0x20,0x02,0x10,0x22,0x10,0x22,0x08,0x22,0x06,0x3C,/*"��",12*/
      |                                                                                }}
  469 | "ff",0x04,0x00,0x84,0x7F,0xBC,0x00,0x8A,0x00,0x89,0x00,0x88,0x3F,0x88,0x20,0xFF,0x20,
      | {    {
  470 | 0x88,0x20,0x88,0x20,0x88,0x3F,0x94,0x00,0xA4,0x00,0xA2,0x00,0x82,0x7F,0x01,0x00,/*"��",13*/
      |                                                                                }}
  471 | "ff",0x00,0x00,0xFE,0x21,0x48,0x20,0x48,0x10,0x48,0x08,0x48,0x44,0x48,0x40,0xFF,0x23,
      | {    {
  472 | 0x48,0x10,0x48,0x08,0x48,0x44,0x48,0x40,0x44,0x20,0x44,0x10,0x42,0x08,0x41,0x06,/*"��",14*/
      |                                                                                }}
  473 | "ff",0x00,0x00,0xFF,0x7F,0x00,0x00,0x00,0x00,0xF2,0x27,0x92,0x24,0x92,0x24,0xF2,0x27,
      | {    {
  474 | 0x92,0x24,0x92,0x24,0x92,0x24,0xF2,0x27,0x02,0x20,0x02,0x20,0xFE,0x3F,0x00,0x20,/*"��",15*/
      |                                                                                }}
  475 | "ff",0x00,0x00,0xFE,0x3F,0x02,0x20,0xF2,0x27,0x12,0x24,0xF2,0x27,0x02,0x20,0xFA,0x2F,
      | {    {
  476 | 0x0A,0x28,0x8A,0x28,0x8A,0x28,0x4A,0x29,0x22,0x22,0x12,0x24,0xFE,0x3F,0x02,0x20,/*"Բ",16*/
      |                                                                                }}
  477 | "ff",0x00,0x00,0xFE,0x3F,0x42,0x20,0x42,0x20,0xE2,0x27,0x32,0x22,0x4A,0x21,0x82,0x20,
      | {    {
  478 | 0x62,0x23,0x1E,0x3C,0xC2,0x20,0x02,0x21,0x62,0x20,0x82,0x21,0xFE,0x3F,0x02,0x20,/*"ͼ",17*/
      |                                                                                }}
  479 | "ff",0x00,0x02,0x08,0x02,0x08,0x02,0x08,0x02,0x08,0x02,0xF8,0x3F,0x08,0x00,0x08,0x00,
      | {    {
  480 | 0x08,0x00,0xF8,0x07,0x08,0x04,0x08,0x04,0x08,0x04,0x04,0x04,0x04,0x04,0x02,0x04,/*"Ƭ",18*/
      |                                                                                }}
  481 | "ff",0x00,0x00,0xF8,0x0F,0x08,0x08,0x08,0x08,0xF8,0x0F,0x08,0x08,0x08,0x08,0xF8,0x0F,
      | {    {
  482 | 0x20,0x02,0x22,0x22,0x24,0x22,0x28,0x12,0x28,0x0A,0x20,0x02,0xFF,0x7F,0x00,0x00,/*"��",19*/
      |                                                                                }}
  483 | "ff",0x00,0x00,0xFC,0x1F,0x00,0x00,0x00,0x00,0x00,0x00,0x00,0x00,0xFF,0x7F,0x80,0x00,
      | {    {
  484 | 0x80,0x00,0x88,0x08,0x88,0x10,0x84,0x20,0x82,0x40,0x81,0x40,0xA0,0x00,0x40,0x00,/*"ʾ",20*/
      |                                                                                }}
  485 | "ff",0x10,0x04,0x10,0x04,0xFF,0x7F,0x10,0x04,0x00,0x08,0x00,0x1F,0xFC,0x00,0x88,0x08,
      | {    {
  486 | 0x10,0x04,0x80,0x00,0xFE,0x3F,0xA0,0x02,0x90,0x04,0x8C,0x18,0x83,0x60,0x80,0x00,/*"��",21*/
      |                                                                                }}
  487 | "ff",0x08,0x08,0x10,0x04,0x20,0x02,0xFC,0x1F,0x84,0x10,0x84,0x10,0xFC,0x1F,0x84,0x10,
      | {    {
  488 | 0x84,0x10,0xFC,0x1F,0x80,0x00,0x80,0x00,0xFF,0x7F,0x80,0x00,0x80,0x00,0x80,0x00,/*"��",22*/
      |                                                                                }}
  489 | "ff",0x10,0x04,0x10,0x04,0xFF,0x7F,0x10,0x04,0x80,0x00,0x80,0x00,0xF8,0x0F,0x88,0x08,
      | {    {
  490 | 0x88,0x08,0x88,0x08,0xFF,0x7F,0x40,0x01,0x20,0x02,0x10,0x04,0x0C,0x18,0x03,0x60,/*"Ӣ",23*/
      |                                                                                }}
  491 | "ff",0x40,0x00,0x80,0x00,0x80,0x00,0xFF,0x7F,0x08,0x08,0x08,0x08,0x10,0x04,0x10,0x04,
      | {    {
  492 | 0x20,0x02,0x40,0x01,0x80,0x00,0x40,0x01,0x20,0x02,0x10,0x04,0x0C,0x18,0x03,0x60,/*"��",24*/
      |                                                                                }}
  493 | "ff",0x08,0x02,0x08,0x04,0xC4,0x7F,0x44,0x40,0x12,0x00,0x9F,0x3F,0x08,0x00,0x04,0x00,
      | {    {
  494 | 0xC2,0x7F,0x1F,0x04,0x82,0x14,0x80,0x24,0x58,0x44,0x27,0x44,0x02,0x05,0x00,0x02,/*"��",25*/
      |                                                                                }}
  495 | "ff",0x80,0x00,0x80,0x00,0x40,0x01,0x20,0x02,0x10,0x04,0x0C,0x18,0xF3,0x67,0x00,0x00,
      | {    {
  496 | 0x00,0x00,0xF8,0x0F,0x08,0x08,0x08,0x08,0x08,0x08,0x08,0x08,0xF8,0x0F,0x08,0x08,/*"��",26*/
      |                                                                                }}
  497 | "ff",0x40,0x00,0x80,0x00,0xFE,0x3F,0x00,0x00,0xF8,0x0F,0x08,0x08,0xF8,0x0F,0x00,0x00,
      | {    {
  498 | 0xFE,0x7F,0x02,0x40,0xF1,0x27,0x10,0x04,0x10,0x04,0x08,0x44,0x04,0x44,0x03,0x78,/*"��",27*/
      |                                                                                }}
  499 | "ff",0x80,0x00,0x00,0x01,0xFC,0x7F,0x44,0x04,0x44,0x04,0xFC,0x3F,0x44,0x04,0x44,0x04,
      | {    {
  500 | 0xC4,0x07,0x04,0x00,0xF4,0x0F,0x24,0x08,0x42,0x04,0x82,0x03,0x61,0x0C,0x1C,0x70,/*"��",28*/
      |                                                                                }}
  501 | "ff",0x00,0x20,0xE4,0x23,0x28,0x22,0x28,0x2A,0xA1,0x2A,0xA2,0x2A,0xA2,0x2A,0xA8,0x2A,
      | {    {
  502 | 0xA8,0x2A,0xA4,0x2A,0xA7,0x2A,0x84,0x20,0x44,0x21,0x44,0x22,0x24,0x28,0x10,0x10,/*"��",29*/
      |                                                                                }}
  503 | "ff",0x00,0x14,0x04,0x24,0x08,0x24,0x08,0x04,0xE0,0x7F,0x00,0x04,0x0F,0x04,0xE8,0x07,
      | {    {
  504 | 0x88,0x04,0x88,0x08,0x88,0x08,0xA8,0x08,0x98,0x53,0xE8,0x50,0x40,0x60,0x00,0x40,/*"��",30*/
      |                                                                                }}
  505 | "ff",0x10,0x00,0xB8,0x3F,0x8F,0x20,0x88,0x20,0x88,0x20,0xBF,0x3F,0x08,0x00,0x0C,0x00,
      | {    {
  506 | 0x9C,0x7F,0x2A,0x04,0x2A,0x04,0x89,0x3F,0x08,0x04,0x08,0x04,0xC8,0x7F,0x08,0x00,/*"��",31*/
      |                                                                                }}
  507 | "ff",0x80,0x00,0x00,0x01,0xFC,0x7F,0x04,0x00,0xC4,0x1F,0x04,0x08,0x04,0x05,0x04,0x02,
      | {    {
  508 | 0xF4,0x7F,0x04,0x42,0x04,0x22,0x04,0x02,0x02,0x02,0x02,0x02,0x81,0x02,0x00,0x01,/*"��",32*/
      |                                                                                }}
  509 | "ff",0x00,0x00,0xE2,0x3F,0x24,0x22,0x24,0x22,0xA0,0x2F,0x20,0x22,0x27,0x22,0xE4,0x3F,
      | {    {
  510 | 0x24,0x20,0xA4,0x2F,0xA4,0x28,0xB4,0x28,0xAC,0x2F,0x24,0x20,0x20,0x28,0x10,0x10,/*"��",33*/
      |                                                                                }}
  511 | "ff",0x80,0x00,0x84,0x10,0x88,0x10,0x90,0x08,0x90,0x04,0x80,0x00,0xFF,0x7F,0x20,0x02,
      | {    {
  512 | 0x20,0x02,0x20,0x02,0x20,0x02,0x10,0x42,0x10,0x42,0x08,0x42,0x04,0x7C,0x03,0x00,/*"��",34*/
      |                                                                                }}
  513 | "ff",0x10,0x10,0x12,0x38,0x92,0x07,0x92,0x00,0x92,0x00,0xBE,0x3F,0x82,0x22,0x82,0x22,
      | {    {
  514 | 0x9E,0x22,0x92,0x14,0x92,0x14,0x92,0x08,0x92,0x08,0x52,0x14,0x52,0x22,0x31,0x41,/*"��",35*/
      |                                                                                }}
  515 | "ff",0x08,0x00,0xC8,0x3F,0x88,0x20,0x88,0x20,0xBF,0x20,0x08,0x11,0x0C,0x11,0x1C,0x11,
      | {    {
  516 | 0x2A,0x0A,0x2A,0x0A,0x09,0x04,0x08,0x04,0x08,0x0A,0x08,0x11,0x88,0x20,0x68,0x40,/*"Ȩ",36*/
      |                                                                                }}
  517 | "ff",0x40,0x10,0xE0,0x38,0x1C,0x07,0x04,0x01,0x04,0x01,0x7C,0x01,0x44,0x7F,0x44,0x11,
      | {    {
  518 | 0x44,0x11,0x7C,0x11,0x04,0x11,0x04,0x11,0x82,0x10,0x82,0x10,0x41,0x10,0x20,0x10,/*"��",37*/
  519 | };
      | }}
../Core/Inc/lcdfont.h:529:29: warning: missing braces around initializer [-Wmissing-braces]
  529 | const typFNT_GB24 tfont24[]={
      |                             ^
  530 | 
  531 | "ff",0x00,0x00,0x00,0x00,0x00,0x00,0x00,0x18,0x00,0x00,0x08,0x00,0x00,0x08,0x00,0x00,
      | {    {
......
  535 | 0x18,0x00,0x00,0x18,0x00,0x00,0x00,0x00,/*"��",0*/
      |                                        }}
  536 | 
  537 | "ff",0x00,0x00,0x00,0x00,0x00,0x00,0x40,0x00,0x06,0xC0,0xFF,0x07,0x40,0x00,0x06,0xC0,
      | {    {
......
  541 | 0x1E,0x30,0x00,0x1C,0x00,0x00,0x00,0x00,/*"��",1*/
      |                                        }}
  542 | 
  543 | "ff",0x00,0x00,0x00,0x00,0x00,0x00,0x08,0x00,0x30,0xF8,0xFF,0x1F,0x08,0x00,0x10,0x08,
      | {    {
......
  547 | 0xFF,0x1F,0x08,0x00,0x10,0x00,0x00,0x00,/*"԰",2*/
      |                                        }}
  548 | 
  549 | "ff",0x00,0x00,0x00,0x00,0x00,0x00,0x00,0x18,0x00,0x00,0x08,0x00,0x00,0x08,0x00,0x00,
      | {    {
......
  553 | 0x18,0x30,0x00,0xF0,0x1F,0x00,0x00,0x00,/*"��",3*/
      |                                        }}
  554 | 
  555 | "ff",0x00,0x00,0x00,0x00,0x00,0x00,0x00,0x00,0x04,0xF0,0xFF,0x0F,0x00,0x00,0x06,0x00,
      | {    {
......
  561 | };
      | }}
../Core/Inc/lcdfont.h:571:29: warning: missing braces around initializer [-Wmissing-braces]
  571 | const typFNT_GB32 tfont32[]={
      |                             ^
  572 | "ff",0x00,0x00,0x00,0x00,0x00,0x00,0x00,0x00,0x00,0x80,0x00,0x00,0x00,0x80,0x01,0x00,
      | {    {
......
  579 | 0x00,0x80,0x01,0x00,0x00,0x80,0x01,0x00,0x00,0x80,0x00,0x00,0x00,0x00,0x00,0x00,/*"��",0*/
      |                                                                                }}
  580 | "ff",0x00,0x00,0x00,0x00,0x00,0x00,0x00,0x00,0x00,0x00,0x00,0x00,0x00,0x01,0x80,0x01,
      | {    {
......
  587 | 0x18,0x98,0x01,0x1C,0x04,0xE0,0x01,0x18,0x00,0xC0,0x00,0x00,0x00,0x00,0x00,0x00,/*"��",1*/
      |                                                                                }}
  588 | "ff",0x00,0x00,0x00,0x00,0x00,0x00,0x00,0x00,0x00,0x00,0x00,0x08,0xF0,0xFF,0xFF,0x1F,
      | {    {
......
  595 | 0xF0,0xFF,0xFF,0x0F,0x30,0x00,0x00,0x0C,0x10,0x00,0x00,0x04,0x00,0x00,0x00,0x00,/*"԰",2*/
      |                                                                                }}
  596 | "ff",0x00,0x00,0x00,0x00,0x00,0x00,0x00,0x00,0x00,0xC0,0x00,0x00,0x00,0xC0,0x01,0x00,
      | {    {
......
  603 | 0x00,0xC0,0x01,0x38,0x00,0x80,0xFF,0x1F,0x00,0x00,0x00,0x00,0x00,0x00,0x00,0x00,/*"��",3*/
      |                                                                                }}
  604 | "ff",0x00,0x00,0x00,0x00,0x00,0x00,0x00,0x00,0x00,0x00,0x00,0x00,0x00,0x00,0x00,0x03,
      | {    {
......
  612 | };
      | }}
../Core/Src/lcd.c: In function 'lcd_Clear':
../Core/Src/lcd.c:109:10: warning: variable 'buffer' set but not used [-Wunused-but-set-variable]
  109 |  uint8_t buffer[2];
      |          ^~~~~~
../Core/Src/lcd.c: In function 'DrawTestPage':
../Core/Src/lcd.c:601:35: warning: pointer targets in passing argument 3 of 'lcd_StrCenter' differ in signedness [-Wpointer-sign]
  601 |  lcd_StrCenter(0,lcddev.height-18,"Test page",WHITE,BLUE,16,1);
      |                                   ^~~~~~~~~~~
      |                                   |
      |                                   char *
../Core/Src/lcd.c:590:52: note: expected 'uint8_t *' {aka 'unsigned char *'} but argument is of type 'char *'
  590 | void lcd_StrCenter(uint16_t x, uint16_t y,uint8_t *str,uint16_t fc,uint16_t bc,uint8_t sizey,uint8_t mode)
      |                                           ~~~~~~~~~^~~
../Core/Src/lcd.c: In function 'lcd_ShowBackground':
../Core/Src/lcd.c:606:17: warning: pointer targets in passing argument 1 of 'DrawTestPage' differ in signedness [-Wpointer-sign]
  606 |    DrawTestPage("Test Kit");
      |                 ^~~~~~~~~~
      |                 |
      |                 char *
../Core/Src/lcd.c:596:28: note: expected 'uint8_t *' {aka 'unsigned char *'} but argument is of type 'char *'
  596 | void DrawTestPage(uint8_t *str)
      |                   ~~~~~~~~~^~~
../Core/Src/lcd.c: In function 'lcd_Display':
../Core/Src/lcd.c:612:10: warning: unused variable 'buffer' [-Wunused-variable]
  612 |  uint8_t buffer[2];
      |          ^~~~~~
../Core/Src/lcd.c:624:4: warning: 'send' may be used uninitialized in this function [-Wmaybe-uninitialized]
  624 |    LCD_WR_DATA(send);
      |    ^~~~~~~~~~~~~~~~~
arm-none-eabi-gcc -o "Bai5_I2c_Rtc.elf" @"objects.list"   -mcpu=cortex-m4 -T"D:\abc\stm32\kitv2\Bai5_I2c_Rtc\STM32F407ZETX_FLASH.ld" --specs=nosys.specs -Wl,-Map="Bai5_I2c_Rtc.map" -Wl,--gc-sections -static --specs=nano.specs -mfpu=fpv4-sp-d16 -mfloat-abi=hard -mthumb -Wl,--start-group -lc -lm -Wl,--end-group
Finished building target: Bai5_I2c_Rtc.elf
 
arm-none-eabi-size   Bai5_I2c_Rtc.elf 
arm-none-eabi-objdump -h -S  Bai5_I2c_Rtc.elf  > "Bai5_I2c_Rtc.list"
arm-none-eabi-objcopy  -O binary  Bai5_I2c_Rtc.elf  "Bai5_I2c_Rtc.bin"
   text	   data	    bss	    dec	    hex	filename
  53376	     36	   2020	  55432	   d888	Bai5_I2c_Rtc.elf
Finished building: default.size.stdout
 
Finished building: Bai5_I2c_Rtc.bin
 
Finished building: Bai5_I2c_Rtc.list
 
15:55:59 **** Incremental Build of configuration Debug for project Bai5_I2c_Rtc ****
make -j16 all 
arm-none-eabi-gcc "../Core/Src/lcd.c" -mcpu=cortex-m4 -std=gnu11 -g3 -DDEBUG -DUSE_HAL_DRIVER -DSTM32F407xx -c -I../Core/Inc -I../Drivers/STM32F4xx_HAL_Driver/Inc -I../Drivers/STM32F4xx_HAL_Driver/Inc/Legacy -I../Drivers/CMSIS/Device/ST/STM32F4xx/Include -I../Drivers/CMSIS/Include -O0 -ffunction-sections -fdata-sections -Wall -fstack-usage -MMD -MP -MF"Core/Src/lcd.d" -MT"Core/Src/lcd.o" --specs=nano.specs -mfpu=fpv4-sp-d16 -mfloat-abi=hard -mthumb -o "Core/Src/lcd.o"
In file included from ../Core/Src/lcd.c:15:
../Core/Inc/lcdfont.h:432:29: warning: missing braces around initializer [-Wmissing-braces]
  432 | const typFNT_GB16 tfont16[]={
      |                             ^
  433 | "ff",0x80,0x00,0x80,0x00,0x80,0x00,0x80,0x00,0xFC,0x1F,0x84,0x10,0x84,0x10,0x84,0x10,
      | {    {
  434 | 0x84,0x10,0x84,0x10,0xFC,0x1F,0x84,0x10,0x80,0x00,0x80,0x00,0x80,0x00,0x80,0x00,/*"��",0*/
      |                                                                                }}
  435 | "ff",0xF8,0x0F,0x08,0x08,0xF8,0x0F,0x08,0x08,0xF8,0x0F,0x80,0x00,0xFF,0x7F,0x00,0x00,
      | {    {
  436 | 0xF8,0x0F,0x08,0x08,0x08,0x08,0xF8,0x0F,0x80,0x00,0x84,0x10,0xA2,0x20,0x40,0x00,/*"��",1*/
      |                                                                                }}
  437 | "ff",0x00,0x00,0xFE,0x3F,0x02,0x20,0xF2,0x27,0x02,0x20,0x02,0x20,0xFA,0x2F,0x22,0x21,
      | {    {
  438 | 0x22,0x21,0x22,0x21,0x12,0x29,0x12,0x29,0x0A,0x2E,0x02,0x20,0xFE,0x3F,0x02,0x20,/*"԰",2*/
      |                                                                                }}
  439 | "ff",0x80,0x00,0x80,0x00,0x80,0x00,0xFC,0x1F,0x84,0x10,0x84,0x10,0x84,0x10,0xFC,0x1F,
      | {    {
  440 | 0x84,0x10,0x84,0x10,0x84,0x10,0xFC,0x1F,0x84,0x50,0x80,0x40,0x80,0x40,0x00,0x7F,/*"��",3*/
      |                                                                                }}
  441 | "ff",0x00,0x00,0xFE,0x1F,0x00,0x08,0x00,0x04,0x00,0x02,0x80,0x01,0x80,0x00,0xFF,0x7F,
      | {    {
  442 | 0x80,0x00,0x80,0x00,0x80,0x00,0x80,0x00,0x80,0x00,0x80,0x00,0xA0,0x00,0x40,0x00,/*"��",4*/
      |                                                                                }}
  443 | "ff",0x08,0x04,0x08,0x04,0x08,0x04,0xC8,0x7F,0x3F,0x04,0x08,0x04,0x08,0x04,0xA8,0x3F,
      | {    {
  444 | 0x18,0x21,0x0C,0x11,0x0B,0x12,0x08,0x0A,0x08,0x04,0x08,0x0A,0x8A,0x11,0x64,0x60,/*"��",0*/
      |                                                                                }}
  445 | "ff",0x80,0x00,0x80,0x04,0x80,0x08,0x80,0x08,0xFE,0x3F,0xC0,0x01,0xA0,0x02,0xA0,0x02,
      | {    {
  446 | 0x90,0x04,0x88,0x08,0x84,0x10,0x82,0x20,0x81,0x40,0x80,0x00,0x80,0x00,0x80,0x00,/*"��",1*/
      |                                                                                }}
  447 | "ff",0x40,0x00,0x40,0x00,0xFF,0x7F,0x20,0x00,0x20,0x00,0xF0,0x0F,0x10,0x08,0x18,0x08,
      | {    {
  448 | 0xF4,0x0F,0x12,0x08,0x11,0x08,0xF0,0x0F,0x10,0x08,0x10,0x08,0x10,0x0A,0x10,0x04,/*"��",2*/
      |                                                                                }}
  449 | "ff",0x00,0x00,0xDE,0x1F,0x52,0x10,0x4A,0x10,0xCA,0x1F,0x46,0x10,0x4A,0x10,0xD2,0x1F,
      | {    {
  450 | 0x52,0x22,0x52,0x12,0x56,0x0C,0x4A,0x04,0x42,0x08,0x42,0x11,0xC2,0x60,0x42,0x00,/*"��",3*/
      |                                                                                }}
  451 | "ff",0x00,0x01,0x20,0x01,0x20,0x01,0x10,0x02,0x10,0x02,0x08,0x04,0x04,0x08,0x42,0x10,
      | {    {
  452 | 0x41,0x60,0x20,0x00,0x20,0x02,0x10,0x04,0x08,0x04,0xFC,0x0F,0x08,0x08,0x00,0x00,/*"��",4*/
      |                                                                                }}
  453 | "ff",0x00,0x00,0xFC,0x1F,0x00,0x10,0x00,0x10,0xFE,0x17,0x00,0x10,0x00,0x10,0xF8,0x11,
      | {    {
  454 | 0x08,0x11,0x08,0x11,0x08,0x11,0x08,0x11,0xF8,0x11,0x08,0x11,0x00,0x14,0x00,0x08,/*"˾",5*/
      |                                                                                }}
  455 | "ff",0x00,0x01,0x00,0x01,0x3F,0x01,0x20,0x3F,0xA0,0x20,0x92,0x10,0x54,0x02,0x28,0x02,
      | {    {
  456 | 0x08,0x02,0x14,0x05,0x24,0x05,0xA2,0x08,0x81,0x08,0x40,0x10,0x20,0x20,0x10,0x40,/*"��",6*/
      |                                                                                }}
  457 | "ff",0x00,0x00,0x04,0x01,0xC8,0x3C,0x48,0x24,0x40,0x24,0x40,0x24,0x4F,0x24,0x48,0x24,
      | {    {
  458 | 0x48,0x24,0x48,0x2D,0xC8,0x14,0x48,0x04,0x08,0x04,0x14,0x04,0xE2,0x7F,0x00,0x00,/*"ӭ",7*/
      |                                                                                }}
  459 | "ff",0x90,0x00,0x90,0x00,0x88,0x3F,0x4C,0x20,0x2A,0x12,0x99,0x0A,0x88,0x12,0x48,0x22,
      | {    {
  460 | 0x28,0x22,0x88,0x02,0x08,0x01,0x40,0x00,0x8A,0x20,0x8A,0x48,0x09,0x48,0xF0,0x0F,/*"��",8*/
      |                                                                                }}
  461 | "ff",0x08,0x02,0x08,0x02,0x04,0x02,0xC4,0x3F,0x12,0x02,0x5F,0x12,0x48,0x12,0x44,0x12,
      | {    {
  462 | 0x42,0x12,0xDF,0x1F,0x02,0x12,0x00,0x02,0x18,0x42,0x07,0x42,0x02,0x7C,0x00,0x00,/*"��",9*/
      |                                                                                }}
  463 | "ff",0x10,0x00,0x10,0x00,0xF8,0x07,0x04,0x04,0x02,0x02,0xFD,0x1F,0x84,0x10,0x84,0x10,
      | {    {
  464 | 0x84,0x10,0xFC,0x1F,0x04,0x00,0x04,0x40,0x04,0x40,0x04,0x40,0xF8,0x7F,0x00,0x00,/*"ɫ",10*/
      |                                                                                }}
  465 | "ff",0x04,0x02,0x04,0x02,0xE4,0x3F,0x04,0x02,0xC4,0x1F,0x5F,0x10,0xC4,0x1F,0x44,0x10,
      | {    {
  466 | 0xC4,0x1F,0x44,0x10,0xC4,0x1F,0x5C,0x10,0xF7,0x7F,0x82,0x08,0x40,0x10,0x20,0x20,/*"��",11*/
      |                                                                                }}
  467 | "ff",0x40,0x00,0x80,0x00,0xFF,0x7F,0x20,0x00,0x20,0x00,0x10,0x04,0x08,0x08,0xFC,0x1F,
      | {    {
  468 | 0x20,0x12,0x20,0x02,0x20,0x02,0x20,0x02,0x10,0x22,0x10,0x22,0x08,0x22,0x06,0x3C,/*"��",12*/
      |                                                                                }}
  469 | "ff",0x04,0x00,0x84,0x7F,0xBC,0x00,0x8A,0x00,0x89,0x00,0x88,0x3F,0x88,0x20,0xFF,0x20,
      | {    {
  470 | 0x88,0x20,0x88,0x20,0x88,0x3F,0x94,0x00,0xA4,0x00,0xA2,0x00,0x82,0x7F,0x01,0x00,/*"��",13*/
      |                                                                                }}
  471 | "ff",0x00,0x00,0xFE,0x21,0x48,0x20,0x48,0x10,0x48,0x08,0x48,0x44,0x48,0x40,0xFF,0x23,
      | {    {
  472 | 0x48,0x10,0x48,0x08,0x48,0x44,0x48,0x40,0x44,0x20,0x44,0x10,0x42,0x08,0x41,0x06,/*"��",14*/
      |                                                                                }}
  473 | "ff",0x00,0x00,0xFF,0x7F,0x00,0x00,0x00,0x00,0xF2,0x27,0x92,0x24,0x92,0x24,0xF2,0x27,
      | {    {
  474 | 0x92,0x24,0x92,0x24,0x92,0x24,0xF2,0x27,0x02,0x20,0x02,0x20,0xFE,0x3F,0x00,0x20,/*"��",15*/
      |                                                                                }}
  475 | "ff",0x00,0x00,0xFE,0x3F,0x02,0x20,0xF2,0x27,0x12,0x24,0xF2,0x27,0x02,0x20,0xFA,0x2F,
      | {    {
  476 | 0x0A,0x28,0x8A,0x28,0x8A,0x28,0x4A,0x29,0x22,0x22,0x12,0x24,0xFE,0x3F,0x02,0x20,/*"Բ",16*/
      |                                                                                }}
  477 | "ff",0x00,0x00,0xFE,0x3F,0x42,0x20,0x42,0x20,0xE2,0x27,0x32,0x22,0x4A,0x21,0x82,0x20,
      | {    {
  478 | 0x62,0x23,0x1E,0x3C,0xC2,0x20,0x02,0x21,0x62,0x20,0x82,0x21,0xFE,0x3F,0x02,0x20,/*"ͼ",17*/
      |                                                                                }}
  479 | "ff",0x00,0x02,0x08,0x02,0x08,0x02,0x08,0x02,0x08,0x02,0xF8,0x3F,0x08,0x00,0x08,0x00,
      | {    {
  480 | 0x08,0x00,0xF8,0x07,0x08,0x04,0x08,0x04,0x08,0x04,0x04,0x04,0x04,0x04,0x02,0x04,/*"Ƭ",18*/
      |                                                                                }}
  481 | "ff",0x00,0x00,0xF8,0x0F,0x08,0x08,0x08,0x08,0xF8,0x0F,0x08,0x08,0x08,0x08,0xF8,0x0F,
      | {    {
  482 | 0x20,0x02,0x22,0x22,0x24,0x22,0x28,0x12,0x28,0x0A,0x20,0x02,0xFF,0x7F,0x00,0x00,/*"��",19*/
      |                                                                                }}
  483 | "ff",0x00,0x00,0xFC,0x1F,0x00,0x00,0x00,0x00,0x00,0x00,0x00,0x00,0xFF,0x7F,0x80,0x00,
      | {    {
  484 | 0x80,0x00,0x88,0x08,0x88,0x10,0x84,0x20,0x82,0x40,0x81,0x40,0xA0,0x00,0x40,0x00,/*"ʾ",20*/
      |                                                                                }}
  485 | "ff",0x10,0x04,0x10,0x04,0xFF,0x7F,0x10,0x04,0x00,0x08,0x00,0x1F,0xFC,0x00,0x88,0x08,
      | {    {
  486 | 0x10,0x04,0x80,0x00,0xFE,0x3F,0xA0,0x02,0x90,0x04,0x8C,0x18,0x83,0x60,0x80,0x00,/*"��",21*/
      |                                                                                }}
  487 | "ff",0x08,0x08,0x10,0x04,0x20,0x02,0xFC,0x1F,0x84,0x10,0x84,0x10,0xFC,0x1F,0x84,0x10,
      | {    {
  488 | 0x84,0x10,0xFC,0x1F,0x80,0x00,0x80,0x00,0xFF,0x7F,0x80,0x00,0x80,0x00,0x80,0x00,/*"��",22*/
      |                                                                                }}
  489 | "ff",0x10,0x04,0x10,0x04,0xFF,0x7F,0x10,0x04,0x80,0x00,0x80,0x00,0xF8,0x0F,0x88,0x08,
      | {    {
  490 | 0x88,0x08,0x88,0x08,0xFF,0x7F,0x40,0x01,0x20,0x02,0x10,0x04,0x0C,0x18,0x03,0x60,/*"Ӣ",23*/
      |                                                                                }}
  491 | "ff",0x40,0x00,0x80,0x00,0x80,0x00,0xFF,0x7F,0x08,0x08,0x08,0x08,0x10,0x04,0x10,0x04,
      | {    {
  492 | 0x20,0x02,0x40,0x01,0x80,0x00,0x40,0x01,0x20,0x02,0x10,0x04,0x0C,0x18,0x03,0x60,/*"��",24*/
      |                                                                                }}
  493 | "ff",0x08,0x02,0x08,0x04,0xC4,0x7F,0x44,0x40,0x12,0x00,0x9F,0x3F,0x08,0x00,0x04,0x00,
      | {    {
  494 | 0xC2,0x7F,0x1F,0x04,0x82,0x14,0x80,0x24,0x58,0x44,0x27,0x44,0x02,0x05,0x00,0x02,/*"��",25*/
      |                                                                                }}
  495 | "ff",0x80,0x00,0x80,0x00,0x40,0x01,0x20,0x02,0x10,0x04,0x0C,0x18,0xF3,0x67,0x00,0x00,
      | {    {
  496 | 0x00,0x00,0xF8,0x0F,0x08,0x08,0x08,0x08,0x08,0x08,0x08,0x08,0xF8,0x0F,0x08,0x08,/*"��",26*/
      |                                                                                }}
  497 | "ff",0x40,0x00,0x80,0x00,0xFE,0x3F,0x00,0x00,0xF8,0x0F,0x08,0x08,0xF8,0x0F,0x00,0x00,
      | {    {
  498 | 0xFE,0x7F,0x02,0x40,0xF1,0x27,0x10,0x04,0x10,0x04,0x08,0x44,0x04,0x44,0x03,0x78,/*"��",27*/
      |                                                                                }}
  499 | "ff",0x80,0x00,0x00,0x01,0xFC,0x7F,0x44,0x04,0x44,0x04,0xFC,0x3F,0x44,0x04,0x44,0x04,
      | {    {
  500 | 0xC4,0x07,0x04,0x00,0xF4,0x0F,0x24,0x08,0x42,0x04,0x82,0x03,0x61,0x0C,0x1C,0x70,/*"��",28*/
      |                                                                                }}
  501 | "ff",0x00,0x20,0xE4,0x23,0x28,0x22,0x28,0x2A,0xA1,0x2A,0xA2,0x2A,0xA2,0x2A,0xA8,0x2A,
      | {    {
  502 | 0xA8,0x2A,0xA4,0x2A,0xA7,0x2A,0x84,0x20,0x44,0x21,0x44,0x22,0x24,0x28,0x10,0x10,/*"��",29*/
      |                                                                                }}
  503 | "ff",0x00,0x14,0x04,0x24,0x08,0x24,0x08,0x04,0xE0,0x7F,0x00,0x04,0x0F,0x04,0xE8,0x07,
      | {    {
  504 | 0x88,0x04,0x88,0x08,0x88,0x08,0xA8,0x08,0x98,0x53,0xE8,0x50,0x40,0x60,0x00,0x40,/*"��",30*/
      |                                                                                }}
  505 | "ff",0x10,0x00,0xB8,0x3F,0x8F,0x20,0x88,0x20,0x88,0x20,0xBF,0x3F,0x08,0x00,0x0C,0x00,
      | {    {
  506 | 0x9C,0x7F,0x2A,0x04,0x2A,0x04,0x89,0x3F,0x08,0x04,0x08,0x04,0xC8,0x7F,0x08,0x00,/*"��",31*/
      |                                                                                }}
  507 | "ff",0x80,0x00,0x00,0x01,0xFC,0x7F,0x04,0x00,0xC4,0x1F,0x04,0x08,0x04,0x05,0x04,0x02,
      | {    {
  508 | 0xF4,0x7F,0x04,0x42,0x04,0x22,0x04,0x02,0x02,0x02,0x02,0x02,0x81,0x02,0x00,0x01,/*"��",32*/
      |                                                                                }}
  509 | "ff",0x00,0x00,0xE2,0x3F,0x24,0x22,0x24,0x22,0xA0,0x2F,0x20,0x22,0x27,0x22,0xE4,0x3F,
      | {    {
  510 | 0x24,0x20,0xA4,0x2F,0xA4,0x28,0xB4,0x28,0xAC,0x2F,0x24,0x20,0x20,0x28,0x10,0x10,/*"��",33*/
      |                                                                                }}
  511 | "ff",0x80,0x00,0x84,0x10,0x88,0x10,0x90,0x08,0x90,0x04,0x80,0x00,0xFF,0x7F,0x20,0x02,
      | {    {
  512 | 0x20,0x02,0x20,0x02,0x20,0x02,0x10,0x42,0x10,0x42,0x08,0x42,0x04,0x7C,0x03,0x00,/*"��",34*/
      |                                                                                }}
  513 | "ff",0x10,0x10,0x12,0x38,0x92,0x07,0x92,0x00,0x92,0x00,0xBE,0x3F,0x82,0x22,0x82,0x22,
      | {    {
  514 | 0x9E,0x22,0x92,0x14,0x92,0x14,0x92,0x08,0x92,0x08,0x52,0x14,0x52,0x22,0x31,0x41,/*"��",35*/
      |                                                                                }}
  515 | "ff",0x08,0x00,0xC8,0x3F,0x88,0x20,0x88,0x20,0xBF,0x20,0x08,0x11,0x0C,0x11,0x1C,0x11,
      | {    {
  516 | 0x2A,0x0A,0x2A,0x0A,0x09,0x04,0x08,0x04,0x08,0x0A,0x08,0x11,0x88,0x20,0x68,0x40,/*"Ȩ",36*/
      |                                                                                }}
  517 | "ff",0x40,0x10,0xE0,0x38,0x1C,0x07,0x04,0x01,0x04,0x01,0x7C,0x01,0x44,0x7F,0x44,0x11,
      | {    {
  518 | 0x44,0x11,0x7C,0x11,0x04,0x11,0x04,0x11,0x82,0x10,0x82,0x10,0x41,0x10,0x20,0x10,/*"��",37*/
  519 | };
      | }}
../Core/Inc/lcdfont.h:529:29: warning: missing braces around initializer [-Wmissing-braces]
  529 | const typFNT_GB24 tfont24[]={
      |                             ^
  530 | 
  531 | "ff",0x00,0x00,0x00,0x00,0x00,0x00,0x00,0x18,0x00,0x00,0x08,0x00,0x00,0x08,0x00,0x00,
      | {    {
......
  535 | 0x18,0x00,0x00,0x18,0x00,0x00,0x00,0x00,/*"��",0*/
      |                                        }}
  536 | 
  537 | "ff",0x00,0x00,0x00,0x00,0x00,0x00,0x40,0x00,0x06,0xC0,0xFF,0x07,0x40,0x00,0x06,0xC0,
      | {    {
......
  541 | 0x1E,0x30,0x00,0x1C,0x00,0x00,0x00,0x00,/*"��",1*/
      |                                        }}
  542 | 
  543 | "ff",0x00,0x00,0x00,0x00,0x00,0x00,0x08,0x00,0x30,0xF8,0xFF,0x1F,0x08,0x00,0x10,0x08,
      | {    {
......
  547 | 0xFF,0x1F,0x08,0x00,0x10,0x00,0x00,0x00,/*"԰",2*/
      |                                        }}
  548 | 
  549 | "ff",0x00,0x00,0x00,0x00,0x00,0x00,0x00,0x18,0x00,0x00,0x08,0x00,0x00,0x08,0x00,0x00,
      | {    {
......
  553 | 0x18,0x30,0x00,0xF0,0x1F,0x00,0x00,0x00,/*"��",3*/
      |                                        }}
  554 | 
  555 | "ff",0x00,0x00,0x00,0x00,0x00,0x00,0x00,0x00,0x04,0xF0,0xFF,0x0F,0x00,0x00,0x06,0x00,
      | {    {
......
  561 | };
      | }}
../Core/Inc/lcdfont.h:571:29: warning: missing braces around initializer [-Wmissing-braces]
  571 | const typFNT_GB32 tfont32[]={
      |                             ^
  572 | "ff",0x00,0x00,0x00,0x00,0x00,0x00,0x00,0x00,0x00,0x80,0x00,0x00,0x00,0x80,0x01,0x00,
      | {    {
......
  579 | 0x00,0x80,0x01,0x00,0x00,0x80,0x01,0x00,0x00,0x80,0x00,0x00,0x00,0x00,0x00,0x00,/*"��",0*/
      |                                                                                }}
  580 | "ff",0x00,0x00,0x00,0x00,0x00,0x00,0x00,0x00,0x00,0x00,0x00,0x00,0x00,0x01,0x80,0x01,
      | {    {
......
  587 | 0x18,0x98,0x01,0x1C,0x04,0xE0,0x01,0x18,0x00,0xC0,0x00,0x00,0x00,0x00,0x00,0x00,/*"��",1*/
      |                                                                                }}
  588 | "ff",0x00,0x00,0x00,0x00,0x00,0x00,0x00,0x00,0x00,0x00,0x00,0x08,0xF0,0xFF,0xFF,0x1F,
      | {    {
......
  595 | 0xF0,0xFF,0xFF,0x0F,0x30,0x00,0x00,0x0C,0x10,0x00,0x00,0x04,0x00,0x00,0x00,0x00,/*"԰",2*/
      |                                                                                }}
  596 | "ff",0x00,0x00,0x00,0x00,0x00,0x00,0x00,0x00,0x00,0xC0,0x00,0x00,0x00,0xC0,0x01,0x00,
      | {    {
......
  603 | 0x00,0xC0,0x01,0x38,0x00,0x80,0xFF,0x1F,0x00,0x00,0x00,0x00,0x00,0x00,0x00,0x00,/*"��",3*/
      |                                                                                }}
  604 | "ff",0x00,0x00,0x00,0x00,0x00,0x00,0x00,0x00,0x00,0x00,0x00,0x00,0x00,0x00,0x00,0x03,
      | {    {
......
  612 | };
      | }}
../Core/Src/lcd.c: In function 'lcd_Clear':
../Core/Src/lcd.c:109:10: warning: variable 'buffer' set but not used [-Wunused-but-set-variable]
  109 |  uint8_t buffer[2];
      |          ^~~~~~
../Core/Src/lcd.c: In function 'DrawTestPage':
../Core/Src/lcd.c:601:35: warning: pointer targets in passing argument 3 of 'lcd_StrCenter' differ in signedness [-Wpointer-sign]
  601 |  lcd_StrCenter(0,lcddev.height-18,"Test page",WHITE,BLUE,16,1);
      |                                   ^~~~~~~~~~~
      |                                   |
      |                                   char *
../Core/Src/lcd.c:590:52: note: expected 'uint8_t *' {aka 'unsigned char *'} but argument is of type 'char *'
  590 | void lcd_StrCenter(uint16_t x, uint16_t y,uint8_t *str,uint16_t fc,uint16_t bc,uint8_t sizey,uint8_t mode)
      |                                           ~~~~~~~~~^~~
../Core/Src/lcd.c: In function 'lcd_ShowBackground':
../Core/Src/lcd.c:606:17: warning: pointer targets in passing argument 1 of 'DrawTestPage' differ in signedness [-Wpointer-sign]
  606 |    DrawTestPage("Test Kit");
      |                 ^~~~~~~~~~
      |                 |
      |                 char *
../Core/Src/lcd.c:596:28: note: expected 'uint8_t *' {aka 'unsigned char *'} but argument is of type 'char *'
  596 | void DrawTestPage(uint8_t *str)
      |                   ~~~~~~~~~^~~
../Core/Src/lcd.c: In function 'lcd_Display':
../Core/Src/lcd.c:612:10: warning: unused variable 'buffer' [-Wunused-variable]
  612 |  uint8_t buffer[2];
      |          ^~~~~~
../Core/Src/lcd.c:624:4: warning: 'send' may be used uninitialized in this function [-Wmaybe-uninitialized]
  624 |    LCD_WR_DATA(send);
      |    ^~~~~~~~~~~~~~~~~
arm-none-eabi-gcc -o "Bai5_I2c_Rtc.elf" @"objects.list"   -mcpu=cortex-m4 -T"D:\abc\stm32\kitv2\Bai5_I2c_Rtc\STM32F407ZETX_FLASH.ld" --specs=nosys.specs -Wl,-Map="Bai5_I2c_Rtc.map" -Wl,--gc-sections -static --specs=nano.specs -mfpu=fpv4-sp-d16 -mfloat-abi=hard -mthumb -Wl,--start-group -lc -lm -Wl,--end-group
Finished building target: Bai5_I2c_Rtc.elf
 
arm-none-eabi-size   Bai5_I2c_Rtc.elf 
arm-none-eabi-objdump -h -S  Bai5_I2c_Rtc.elf  > "Bai5_I2c_Rtc.list"
arm-none-eabi-objcopy  -O binary  Bai5_I2c_Rtc.elf  "Bai5_I2c_Rtc.bin"
   text	   data	    bss	    dec	    hex	filename
  53380	     36	   2020	  55436	   d88c	Bai5_I2c_Rtc.elf
Finished building: default.size.stdout
 
Finished building: Bai5_I2c_Rtc.bin
 
Finished building: Bai5_I2c_Rtc.list
 
15:57:22 **** Incremental Build of configuration Debug for project Bai5_I2c_Rtc ****
make -j16 all 
arm-none-eabi-gcc "../Core/Src/lcd.c" -mcpu=cortex-m4 -std=gnu11 -g3 -DDEBUG -DUSE_HAL_DRIVER -DSTM32F407xx -c -I../Core/Inc -I../Drivers/STM32F4xx_HAL_Driver/Inc -I../Drivers/STM32F4xx_HAL_Driver/Inc/Legacy -I../Drivers/CMSIS/Device/ST/STM32F4xx/Include -I../Drivers/CMSIS/Include -O0 -ffunction-sections -fdata-sections -Wall -fstack-usage -MMD -MP -MF"Core/Src/lcd.d" -MT"Core/Src/lcd.o" --specs=nano.specs -mfpu=fpv4-sp-d16 -mfloat-abi=hard -mthumb -o "Core/Src/lcd.o"
In file included from ../Core/Src/lcd.c:15:
../Core/Inc/lcdfont.h:432:29: warning: missing braces around initializer [-Wmissing-braces]
  432 | const typFNT_GB16 tfont16[]={
      |                             ^
  433 | "ff",0x80,0x00,0x80,0x00,0x80,0x00,0x80,0x00,0xFC,0x1F,0x84,0x10,0x84,0x10,0x84,0x10,
      | {    {
  434 | 0x84,0x10,0x84,0x10,0xFC,0x1F,0x84,0x10,0x80,0x00,0x80,0x00,0x80,0x00,0x80,0x00,/*"��",0*/
      |                                                                                }}
  435 | "ff",0xF8,0x0F,0x08,0x08,0xF8,0x0F,0x08,0x08,0xF8,0x0F,0x80,0x00,0xFF,0x7F,0x00,0x00,
      | {    {
  436 | 0xF8,0x0F,0x08,0x08,0x08,0x08,0xF8,0x0F,0x80,0x00,0x84,0x10,0xA2,0x20,0x40,0x00,/*"��",1*/
      |                                                                                }}
  437 | "ff",0x00,0x00,0xFE,0x3F,0x02,0x20,0xF2,0x27,0x02,0x20,0x02,0x20,0xFA,0x2F,0x22,0x21,
      | {    {
  438 | 0x22,0x21,0x22,0x21,0x12,0x29,0x12,0x29,0x0A,0x2E,0x02,0x20,0xFE,0x3F,0x02,0x20,/*"԰",2*/
      |                                                                                }}
  439 | "ff",0x80,0x00,0x80,0x00,0x80,0x00,0xFC,0x1F,0x84,0x10,0x84,0x10,0x84,0x10,0xFC,0x1F,
      | {    {
  440 | 0x84,0x10,0x84,0x10,0x84,0x10,0xFC,0x1F,0x84,0x50,0x80,0x40,0x80,0x40,0x00,0x7F,/*"��",3*/
      |                                                                                }}
  441 | "ff",0x00,0x00,0xFE,0x1F,0x00,0x08,0x00,0x04,0x00,0x02,0x80,0x01,0x80,0x00,0xFF,0x7F,
      | {    {
  442 | 0x80,0x00,0x80,0x00,0x80,0x00,0x80,0x00,0x80,0x00,0x80,0x00,0xA0,0x00,0x40,0x00,/*"��",4*/
      |                                                                                }}
  443 | "ff",0x08,0x04,0x08,0x04,0x08,0x04,0xC8,0x7F,0x3F,0x04,0x08,0x04,0x08,0x04,0xA8,0x3F,
      | {    {
  444 | 0x18,0x21,0x0C,0x11,0x0B,0x12,0x08,0x0A,0x08,0x04,0x08,0x0A,0x8A,0x11,0x64,0x60,/*"��",0*/
      |                                                                                }}
  445 | "ff",0x80,0x00,0x80,0x04,0x80,0x08,0x80,0x08,0xFE,0x3F,0xC0,0x01,0xA0,0x02,0xA0,0x02,
      | {    {
  446 | 0x90,0x04,0x88,0x08,0x84,0x10,0x82,0x20,0x81,0x40,0x80,0x00,0x80,0x00,0x80,0x00,/*"��",1*/
      |                                                                                }}
  447 | "ff",0x40,0x00,0x40,0x00,0xFF,0x7F,0x20,0x00,0x20,0x00,0xF0,0x0F,0x10,0x08,0x18,0x08,
      | {    {
  448 | 0xF4,0x0F,0x12,0x08,0x11,0x08,0xF0,0x0F,0x10,0x08,0x10,0x08,0x10,0x0A,0x10,0x04,/*"��",2*/
      |                                                                                }}
  449 | "ff",0x00,0x00,0xDE,0x1F,0x52,0x10,0x4A,0x10,0xCA,0x1F,0x46,0x10,0x4A,0x10,0xD2,0x1F,
      | {    {
  450 | 0x52,0x22,0x52,0x12,0x56,0x0C,0x4A,0x04,0x42,0x08,0x42,0x11,0xC2,0x60,0x42,0x00,/*"��",3*/
      |                                                                                }}
  451 | "ff",0x00,0x01,0x20,0x01,0x20,0x01,0x10,0x02,0x10,0x02,0x08,0x04,0x04,0x08,0x42,0x10,
[...]
  297 |  lcd_ShowIntNum(70, 130, ds3231_GetDate(), 2, YELLOW, BLACK, 24);
      |                          ^~~~~~~~~~~~~~
../Core/Src/main.c:299:27: warning: implicit declaration of function 'ds3231_GetMonth' [-Wimplicit-function-declaration]
  299 |  lcd_ShowIntNum(110, 130, ds3231_GetMonth(), 2, YELLOW, BLACK, 24);
      |                           ^~~~~~~~~~~~~~~
../Core/Src/main.c:301:27: warning: implicit declaration of function 'ds3231_GetYear' [-Wimplicit-function-declaration]
  301 |  lcd_ShowIntNum(150, 130, ds3231_GetYear(), 4, YELLOW, BLACK, 24);
      |                           ^~~~~~~~~~~~~~
In file included from ../Core/Src/main.c:33:
../Core/Src/main.c: At top level:
../Core/Inc/lcd.h:92:17: warning: inline function 'LCD_RD_DATA' declared but never defined
   92 | inline uint16_t LCD_RD_DATA(void);
      |                 ^~~~~~~~~~~
../Core/Inc/lcd.h:91:13: warning: inline function 'LCD_WR_DATA' declared but never defined
   91 | inline void LCD_WR_DATA(uint16_t data);
      |             ^~~~~~~~~~~
arm-none-eabi-gcc -o "Bai5_I2c_Rtc.elf" @"objects.list"   -mcpu=cortex-m4 -T"D:\abc\stm32\kitv2\Bai5_I2c_Rtc\STM32F407ZETX_FLASH.ld" --specs=nosys.specs -Wl,-Map="Bai5_I2c_Rtc.map" -Wl,--gc-sections -static --specs=nano.specs -mfpu=fpv4-sp-d16 -mfloat-abi=hard -mthumb -Wl,--start-group -lc -lm -Wl,--end-group
Finished building target: Bai5_I2c_Rtc.elf
 
arm-none-eabi-size   Bai5_I2c_Rtc.elf 
arm-none-eabi-objdump -h -S  Bai5_I2c_Rtc.elf  > "Bai5_I2c_Rtc.list"
arm-none-eabi-objcopy  -O binary  Bai5_I2c_Rtc.elf  "Bai5_I2c_Rtc.bin"
   text	   data	    bss	    dec	    hex	filename
  52636	     36	   2020	  54692	   d5a4	Bai5_I2c_Rtc.elf
Finished building: default.size.stdout
 
Finished building: Bai5_I2c_Rtc.bin
 
Finished building: Bai5_I2c_Rtc.list
 
16:29:13 **** Incremental Build of configuration Debug for project Bai5_I2c_Rtc ****
make -j16 all 
arm-none-eabi-gcc "../Core/Src/main.c" -mcpu=cortex-m4 -std=gnu11 -g3 -DDEBUG -DUSE_HAL_DRIVER -DSTM32F407xx -c -I../Core/Inc -I../Drivers/STM32F4xx_HAL_Driver/Inc -I../Drivers/STM32F4xx_HAL_Driver/Inc/Legacy -I../Drivers/CMSIS/Device/ST/STM32F4xx/Include -I../Drivers/CMSIS/Include -O0 -ffunction-sections -fdata-sections -Wall -fstack-usage -MMD -MP -MF"Core/Src/main.d" -MT"Core/Src/main.o" --specs=nano.specs -mfpu=fpv4-sp-d16 -mfloat-abi=hard -mthumb -o "Core/Src/main.o"
../Core/Src/main.c: In function 'main':
../Core/Src/main.c:167:23: warning: pointer targets in passing argument 3 of 'lcd_StrCenter' differ in signedness [-Wpointer-sign]
  167 |   lcd_StrCenter(0, 0, "Xin chao cac ban", WHITE, BLUE, 16, 0);
      |                       ^~~~~~~~~~~~~~~~~~
      |                       |
      |                       char *
In file included from ../Core/Src/main.c:33:
../Core/Inc/lcd.h:118:52: note: expected 'uint8_t *' {aka 'unsigned char *'} but argument is of type 'char *'
  118 | void lcd_StrCenter(uint16_t x, uint16_t y,uint8_t *str,uint16_t fc,uint16_t bc,uint8_t sizey,uint8_t mode);
      |                                           ~~~~~~~~~^~~
../Core/Src/main.c:168:23: warning: pointer targets in passing argument 3 of 'lcd_ShowStr' differ in signedness [-Wpointer-sign]
  168 |   lcd_ShowStr(30, 30, "Ten: Thinh", RED, YELLOW, 24, 0);
      |                       ^~~~~~~~~~~~
      |                       |
      |                       char *
In file included from ../Core/Src/main.c:33:
../Core/Inc/lcd.h:117:50: note: expected 'uint8_t *' {aka 'unsigned char *'} but argument is of type 'char *'
  117 | void lcd_ShowStr(uint16_t x, uint16_t y,uint8_t *str,uint16_t fc, uint16_t bc,uint8_t sizey,uint8_t mode);
      |                                         ~~~~~~~~~^~~
../Core/Src/main.c:169:23: warning: pointer targets in passing argument 3 of 'lcd_ShowStr' differ in signedness [-Wpointer-sign]
  169 |   lcd_ShowStr(30, 60, "Nam sinh:", GREEN, BLACK, 24, 0);
      |                       ^~~~~~~~~~~
      |                       |
      |                       char *
In file included from ../Core/Src/main.c:33:
../Core/Inc/lcd.h:117:50: note: expected 'uint8_t *' {aka 'unsigned char *'} but argument is of type 'char *'
  117 | void lcd_ShowStr(uint16_t x, uint16_t y,uint8_t *str,uint16_t fc, uint16_t bc,uint8_t sizey,uint8_t mode);
      |                                         ~~~~~~~~~^~~
../Core/Src/main.c:186:4: warning: implicit declaration of function 'test_Ds3231' [-Wimplicit-function-declaration]
  186 |    test_Ds3231();
      |    ^~~~~~~~~~~
../Core/Src/main.c: In function 'system_init':
../Core/Src/main.c:246:4: warning: implicit declaration of function 'ds3231_init' [-Wimplicit-function-declaration]
  246 |    ds3231_init();
      |    ^~~~~~~~~~~
../Core/Src/main.c: At top level:
../Core/Src/main.c:289:6: warning: conflicting types for 'test_Ds3231'
  289 | void test_Ds3231(){
      |      ^~~~~~~~~~~
../Core/Src/main.c:186:4: note: previous implicit declaration of 'test_Ds3231' was here
  186 |    test_Ds3231();
      |    ^~~~~~~~~~~
../Core/Src/main.c: In function 'test_Ds3231':
../Core/Src/main.c:290:2: warning: implicit declaration of function 'ds3231_ReadTime' [-Wimplicit-function-declaration]
  290 |  ds3231_ReadTime();
      |  ^~~~~~~~~~~~~~~
../Core/Src/main.c:291:26: warning: implicit declaration of function 'ds3231_GetHour' [-Wimplicit-function-declaration]
  291 |  lcd_ShowIntNum(70, 100, ds3231_GetHour(), 2, GREEN, BLACK, 24);
      |                          ^~~~~~~~~~~~~~
../Core/Src/main.c:293:27: warning: implicit declaration of function 'ds3231_GetMin' [-Wimplicit-function-declaration]
  293 |  lcd_ShowIntNum(110, 100, ds3231_GetMin(), 2, GREEN, BLACK, 24);
      |                           ^~~~~~~~~~~~~
../Core/Src/main.c:295:27: warning: implicit declaration of function 'ds3231_GetSec' [-Wimplicit-function-declaration]
  295 |  lcd_ShowIntNum(150, 100, ds3231_GetSec(), 2, GREEN, BLACK, 24);
      |                           ^~~~~~~~~~~~~
../Core/Src/main.c:297:26: warning: implicit declaration of function 'ds3231_GetDay' [-Wimplicit-function-declaration]
  297 |  lcd_ShowIntNum(40, 130, ds3231_GetDay(), 2, YELLOW, BLACK, 24);
      |                          ^~~~~~~~~~~~~
../Core/Src/main.c:298:26: warning: implicit declaration of function 'ds3231_GetDate' [-Wimplicit-function-declaration]
  298 |  lcd_ShowIntNum(70, 130, ds3231_GetDate(), 2, YELLOW, BLACK, 24);
      |                          ^~~~~~~~~~~~~~
../Core/Src/main.c:300:27: warning: implicit declaration of function 'ds3231_GetMonth' [-Wimplicit-function-declaration]
  300 |  lcd_ShowIntNum(110, 130, ds3231_GetMonth(), 2, YELLOW, BLACK, 24);
      |                           ^~~~~~~~~~~~~~~
../Core/Src/main.c:302:27: warning: implicit declaration of function 'ds3231_GetYear' [-Wimplicit-function-declaration]
  302 |  lcd_ShowIntNum(150, 130, ds3231_GetYear(), 4, YELLOW, BLACK, 24);
      |                           ^~~~~~~~~~~~~~
In file included from ../Core/Src/main.c:33:
../Core/Src/main.c: At top level:
../Core/Inc/lcd.h:92:17: warning: inline function 'LCD_RD_DATA' declared but never defined
   92 | inline uint16_t LCD_RD_DATA(void);
      |                 ^~~~~~~~~~~
../Core/Inc/lcd.h:91:13: warning: inline function 'LCD_WR_DATA' declared but never defined
   91 | inline void LCD_WR_DATA(uint16_t data);
      |             ^~~~~~~~~~~
arm-none-eabi-gcc -o "Bai5_I2c_Rtc.elf" @"objects.list"   -mcpu=cortex-m4 -T"D:\abc\stm32\kitv2\Bai5_I2c_Rtc\STM32F407ZETX_FLASH.ld" --specs=nosys.specs -Wl,-Map="Bai5_I2c_Rtc.map" -Wl,--gc-sections -static --specs=nano.specs -mfpu=fpv4-sp-d16 -mfloat-abi=hard -mthumb -Wl,--start-group -lc -lm -Wl,--end-group
Finished building target: Bai5_I2c_Rtc.elf
 
arm-none-eabi-size   Bai5_I2c_Rtc.elf 
arm-none-eabi-objdump -h -S  Bai5_I2c_Rtc.elf  > "Bai5_I2c_Rtc.list"
arm-none-eabi-objcopy  -O binary  Bai5_I2c_Rtc.elf  "Bai5_I2c_Rtc.bin"
   text	   data	    bss	    dec	    hex	filename
  52692	     36	   2020	  54748	   d5dc	Bai5_I2c_Rtc.elf
Finished building: default.size.stdout
 
Finished building: Bai5_I2c_Rtc.bin
 
Finished building: Bai5_I2c_Rtc.list
 
16:29:41 **** Incremental Build of configuration Debug for project Bai5_I2c_Rtc ****
make -j16 all 
arm-none-eabi-gcc "../Core/Src/main.c" -mcpu=cortex-m4 -std=gnu11 -g3 -DDEBUG -DUSE_HAL_DRIVER -DSTM32F407xx -c -I../Core/Inc -I../Drivers/STM32F4xx_HAL_Driver/Inc -I../Drivers/STM32F4xx_HAL_Driver/Inc/Legacy -I../Drivers/CMSIS/Device/ST/STM32F4xx/Include -I../Drivers/CMSIS/Include -O0 -ffunction-sections -fdata-sections -Wall -fstack-usage -MMD -MP -MF"Core/Src/main.d" -MT"Core/Src/main.o" --specs=nano.specs -mfpu=fpv4-sp-d16 -mfloat-abi=hard -mthumb -o "Core/Src/main.o"
../Core/Src/main.c: In function 'main':
../Core/Src/main.c:167:23: warning: pointer targets in passing argument 3 of 'lcd_StrCenter' differ in signedness [-Wpointer-sign]
  167 |   lcd_StrCenter(0, 0, "Xin chao cac ban", WHITE, BLUE, 16, 0);
      |                       ^~~~~~~~~~~~~~~~~~
      |                       |
      |                       char *
In file included from ../Core/Src/main.c:33:
../Core/Inc/lcd.h:118:52: note: expected 'uint8_t *' {aka 'unsigned char *'} but argument is of type 'char *'
  118 | void lcd_StrCenter(uint16_t x, uint16_t y,uint8_t *str,uint16_t fc,uint16_t bc,uint8_t sizey,uint8_t mode);
      |                                           ~~~~~~~~~^~~
../Core/Src/main.c:168:23: warning: pointer targets in passing argument 3 of 'lcd_ShowStr' differ in signedness [-Wpointer-sign]
  168 |   lcd_ShowStr(30, 30, "Ten: Thinh", RED, YELLOW, 24, 0);
      |                       ^~~~~~~~~~~~
      |                       |
      |                       char *
In file included from ../Core/Src/main.c:33:
../Core/Inc/lcd.h:117:50: note: expected 'uint8_t *' {aka 'unsigned char *'} but argument is of type 'char *'
  117 | void lcd_ShowStr(uint16_t x, uint16_t y,uint8_t *str,uint16_t fc, uint16_t bc,uint8_t sizey,uint8_t mode);
      |                                         ~~~~~~~~~^~~
../Core/Src/main.c:169:23: warning: pointer targets in passing argument 3 of 'lcd_ShowStr' differ in signedness [-Wpointer-sign]
  169 |   lcd_ShowStr(30, 60, "Nam sinh:", GREEN, BLACK, 24, 0);
      |                       ^~~~~~~~~~~
      |                       |
      |                       char *
In file included from ../Core/Src/main.c:33:
../Core/Inc/lcd.h:117:50: note: expected 'uint8_t *' {aka 'unsigned char *'} but argument is of type 'char *'
  117 | void lcd_ShowStr(uint16_t x, uint16_t y,uint8_t *str,uint16_t fc, uint16_t bc,uint8_t sizey,uint8_t mode);
      |                                         ~~~~~~~~~^~~
../Core/Src/main.c:186:4: warning: implicit declaration of function 'test_Ds3231' [-Wimplicit-function-declaration]
  186 |    test_Ds3231();
      |    ^~~~~~~~~~~
../Core/Src/main.c: In function 'system_init':
../Core/Src/main.c:246:4: warning: implicit declaration of function 'ds3231_init' [-Wimplicit-function-declaration]
  246 |    ds3231_init();
      |    ^~~~~~~~~~~
../Core/Src/main.c: At top level:
../Core/Src/main.c:289:6: warning: conflicting types for 'test_Ds3231'
  289 | void test_Ds3231(){
      |      ^~~~~~~~~~~
../Core/Src/main.c:186:4: note: previous implicit declaration of 'test_Ds3231' was here
  186 |    test_Ds3231();
      |    ^~~~~~~~~~~
../Core/Src/main.c: In function 'test_Ds3231':
../Core/Src/main.c:290:2: warning: implicit declaration of function 'ds3231_ReadTime' [-Wimplicit-function-declaration]
  290 |  ds3231_ReadTime();
      |  ^~~~~~~~~~~~~~~
../Core/Src/main.c:291:26: warning: implicit declaration of function 'ds3231_GetHour' [-Wimplicit-function-declaration]
  291 |  lcd_ShowIntNum(70, 100, ds3231_GetHour(), 2, GREEN, BLACK, 24);
      |                          ^~~~~~~~~~~~~~
../Core/Src/main.c:293:27: warning: implicit declaration of function 'ds3231_GetMin' [-Wimplicit-function-declaration]
  293 |  lcd_ShowIntNum(110, 100, ds3231_GetMin(), 2, GREEN, BLACK, 24);
      |                           ^~~~~~~~~~~~~
../Core/Src/main.c:295:27: warning: implicit declaration of function 'ds3231_GetSec' [-Wimplicit-function-declaration]
  295 |  lcd_ShowIntNum(150, 100, ds3231_GetSec(), 2, GREEN, BLACK, 24);
      |                           ^~~~~~~~~~~~~
../Core/Src/main.c:297:26: warning: implicit declaration of function 'ds3231_GetDay' [-Wimplicit-function-declaration]
  297 |  lcd_ShowIntNum(20, 130, ds3231_GetDay(), 2, YELLOW, BLACK, 24);
      |                          ^~~~~~~~~~~~~
../Core/Src/main.c:298:26: warning: implicit declaration of function 'ds3231_GetDate' [-Wimplicit-function-declaration]
  298 |  lcd_ShowIntNum(70, 130, ds3231_GetDate(), 2, YELLOW, BLACK, 24);
      |                          ^~~~~~~~~~~~~~
../Core/Src/main.c:300:27: warning: implicit declaration of function 'ds3231_GetMonth' [-Wimplicit-function-declaration]
  300 |  lcd_ShowIntNum(110, 130, ds3231_GetMonth(), 2, YELLOW, BLACK, 24);
      |                           ^~~~~~~~~~~~~~~
../Core/Src/main.c:302:27: warning: implicit declaration of function 'ds3231_GetYear' [-Wimplicit-function-declaration]
  302 |  lcd_ShowIntNum(150, 130, ds3231_GetYear(), 4, YELLOW, BLACK, 24);
      |                           ^~~~~~~~~~~~~~
In file included from ../Core/Src/main.c:33:
../Core/Src/main.c: At top level:
../Core/Inc/lcd.h:92:17: warning: inline function 'LCD_RD_DATA' declared but never defined
   92 | inline uint16_t LCD_RD_DATA(void);
      |                 ^~~~~~~~~~~
../Core/Inc/lcd.h:91:13: warning: inline function 'LCD_WR_DATA' declared but never defined
   91 | inline void LCD_WR_DATA(uint16_t data);
      |             ^~~~~~~~~~~
arm-none-eabi-gcc -o "Bai5_I2c_Rtc.elf" @"objects.list"   -mcpu=cortex-m4 -T"D:\abc\stm32\kitv2\Bai5_I2c_Rtc\STM32F407ZETX_FLASH.ld" --specs=nosys.specs -Wl,-Map="Bai5_I2c_Rtc.map" -Wl,--gc-sections -static --specs=nano.specs -mfpu=fpv4-sp-d16 -mfloat-abi=hard -mthumb -Wl,--start-group -lc -lm -Wl,--end-group
Finished building target: Bai5_I2c_Rtc.elf
 
arm-none-eabi-size   Bai5_I2c_Rtc.elf 
arm-none-eabi-objdump -h -S  Bai5_I2c_Rtc.elf  > "Bai5_I2c_Rtc.list"
   text	   data	    bss	    dec	    hex	filename
  52692	     36	   2020	  54748	   d5dc	Bai5_I2c_Rtc.elf
arm-none-eabi-objcopy  -O binary  Bai5_I2c_Rtc.elf  "Bai5_I2c_Rtc.bin"
Finished building: default.size.stdout
 
Finished building: Bai5_I2c_Rtc.bin
 
Finished building: Bai5_I2c_Rtc.list
 
16:31:21 **** Incremental Build of configuration Debug for project Bai5_I2c_Rtc ****
make -j16 all 
arm-none-eabi-gcc "../Core/Src/main.c" -mcpu=cortex-m4 -std=gnu11 -g3 -DDEBUG -DUSE_HAL_DRIVER -DSTM32F407xx -c -I../Core/Inc -I../Drivers/STM32F4xx_HAL_Driver/Inc -I../Drivers/STM32F4xx_HAL_Driver/Inc/Legacy -I../Drivers/CMSIS/Device/ST/STM32F4xx/Include -I../Drivers/CMSIS/Include -O0 -ffunction-sections -fdata-sections -Wall -fstack-usage -MMD -MP -MF"Core/Src/main.d" -MT"Core/Src/main.o" --specs=nano.specs -mfpu=fpv4-sp-d16 -mfloat-abi=hard -mthumb -o "Core/Src/main.o"
../Core/Src/main.c: In function 'main':
../Core/Src/main.c:168:23: warning: pointer targets in passing argument 3 of 'lcd_StrCenter' differ in signedness [-Wpointer-sign]
  168 |   lcd_StrCenter(0, 0, "Xin chao cac ban", WHITE, BLUE, 16, 0);
      |                       ^~~~~~~~~~~~~~~~~~
      |                       |
      |                       char *
In file included from ../Core/Src/main.c:33:
../Core/Inc/lcd.h:118:52: note: expected 'uint8_t *' {aka 'unsigned char *'} but argument is of type 'char *'
  118 | void lcd_StrCenter(uint16_t x, uint16_t y,uint8_t *str,uint16_t fc,uint16_t bc,uint8_t sizey,uint8_t mode);
      |                                           ~~~~~~~~~^~~
../Core/Src/main.c:169:23: warning: pointer targets in passing argument 3 of 'lcd_ShowStr' differ in signedness [-Wpointer-sign]
  169 |   lcd_ShowStr(30, 30, "Ten: Thinh", RED, YELLOW, 24, 0);
      |                       ^~~~~~~~~~~~
      |                       |
      |                       char *
In file included from ../Core/Src/main.c:33:
../Core/Inc/lcd.h:117:50: note: expected 'uint8_t *' {aka 'unsigned char *'} but argument is of type 'char *'
  117 | void lcd_ShowStr(uint16_t x, uint16_t y,uint8_t *str,uint16_t fc, uint16_t bc,uint8_t sizey,uint8_t mode);
      |                                         ~~~~~~~~~^~~
../Core/Src/main.c:170:23: warning: pointer targets in passing argument 3 of 'lcd_ShowStr' differ in signedness [-Wpointer-sign]
  170 |   lcd_ShowStr(30, 60, "Nam sinh:", GREEN, BLACK, 24, 0);
      |                       ^~~~~~~~~~~
      |                       |
      |                       char *
In file included from ../Core/Src/main.c:33:
../Core/Inc/lcd.h:117:50: note: expected 'uint8_t *' {aka 'unsigned char *'} but argument is of type 'char *'
  117 | void lcd_ShowStr(uint16_t x, uint16_t y,uint8_t *str,uint16_t fc, uint16_t bc,uint8_t sizey,uint8_t mode);
      |                                         ~~~~~~~~~^~~
../Core/Src/main.c:187:4: warning: implicit declaration of function 'test_Ds3231' [-Wimplicit-function-declaration]
  187 |    test_Ds3231();
      |    ^~~~~~~~~~~
../Core/Src/main.c: At top level:
../Core/Src/main.c:290:6: warning: conflicting types for 'test_Ds3231'
  290 | void test_Ds3231(){
      |      ^~~~~~~~~~~
../Core/Src/main.c:187:4: note: previous implicit declaration of 'test_Ds3231' was here
  187 |    test_Ds3231();
      |    ^~~~~~~~~~~
../Core/Src/main.c: In function 'test_Ds3231':
../Core/Src/main.c:298:26: warning: implicit declaration of function 'ds3231_GetDay'; did you mean 'ds3231_GetSec'? [-Wimplicit-function-declaration]
  298 |  lcd_ShowIntNum(20, 130, ds3231_GetDay(), 2, YELLOW, BLACK, 24);
      |                          ^~~~~~~~~~~~~
      |                          ds3231_GetSec
../Core/Src/main.c:299:26: warning: implicit declaration of function 'ds3231_GetDate'; did you mean 'ds3231_GetSec'? [-Wimplicit-function-declaration]
  299 |  lcd_ShowIntNum(70, 130, ds3231_GetDate(), 2, YELLOW, BLACK, 24);
      |                          ^~~~~~~~~~~~~~
      |                          ds3231_GetSec
../Core/Src/main.c:301:27: warning: implicit declaration of function 'ds3231_GetMonth'; did you mean 'ds3231_GetMin'? [-Wimplicit-function-declaration]
  301 |  lcd_ShowIntNum(110, 130, ds3231_GetMonth(), 2, YELLOW, BLACK, 24);
      |                           ^~~~~~~~~~~~~~~
      |                           ds3231_GetMin
../Core/Src/main.c:303:27: warning: implicit declaration of function 'ds3231_GetYear'; did you mean 'ds3231_GetSec'? [-Wimplicit-function-declaration]
  303 |  lcd_ShowIntNum(150, 130, ds3231_GetYear(), 4, YELLOW, BLACK, 24);
      |                           ^~~~~~~~~~~~~~
      |                           ds3231_GetSec
In file included from ../Core/Src/main.c:33:
../Core/Src/main.c: At top level:
../Core/Inc/lcd.h:92:17: warning: inline function 'LCD_RD_DATA' declared but never defined
   92 | inline uint16_t LCD_RD_DATA(void);
      |                 ^~~~~~~~~~~
../Core/Inc/lcd.h:91:13: warning: inline function 'LCD_WR_DATA' declared but never defined
   91 | inline void LCD_WR_DATA(uint16_t data);
      |             ^~~~~~~~~~~
arm-none-eabi-gcc -o "Bai5_I2c_Rtc.elf" @"objects.list"   -mcpu=cortex-m4 -T"D:\abc\stm32\kitv2\Bai5_I2c_Rtc\STM32F407ZETX_FLASH.ld" --specs=nosys.specs -Wl,-Map="Bai5_I2c_Rtc.map" -Wl,--gc-sections -static --specs=nano.specs -mfpu=fpv4-sp-d16 -mfloat-abi=hard -mthumb -Wl,--start-group -lc -lm -Wl,--end-group
Finished building target: Bai5_I2c_Rtc.elf
 
arm-none-eabi-size   Bai5_I2c_Rtc.elf 
arm-none-eabi-objdump -h -S  Bai5_I2c_Rtc.elf  > "Bai5_I2c_Rtc.list"
arm-none-eabi-objcopy  -O binary  Bai5_I2c_Rtc.elf  "Bai5_I2c_Rtc.bin"
   text	   data	    bss	    dec	    hex	filename
  52692	     36	   2020	  54748	   d5dc	Bai5_I2c_Rtc.elf
Finished building: default.size.stdout
 
Finished building: Bai5_I2c_Rtc.bin
 
Finished building: Bai5_I2c_Rtc.list
 
