01:31:08 **** Build of configuration Debug for project Bai7_Uart_1_EMS ****
make -j16 all 
arm-none-eabi-gcc "../Drivers/STM32F4xx_HAL_Driver/Src/stm32f4xx_hal.c" -mcpu=cortex-m4 -std=gnu11 -g3 -DDEBUG -DUSE_HAL_DRIVER -DSTM32F407xx -c -I../Core/Inc -I../Drivers/STM32F4xx_HAL_Driver/Inc -I../Drivers/STM32F4xx_HAL_Driver/Inc/Legacy -I../Drivers/CMSIS/Device/ST/STM32F4xx/Include -I../Drivers/CMSIS/Include -O0 -ffunction-sections -fdata-sections -Wall -fstack-usage -MMD -MP -MF"Drivers/STM32F4xx_HAL_Driver/Src/stm32f4xx_hal.d" -MT"Drivers/STM32F4xx_HAL_Driver/Src/stm32f4xx_hal.o" --specs=nano.specs -mfpu=fpv4-sp-d16 -mfloat-abi=hard -mthumb -o "Drivers/STM32F4xx_HAL_Driver/Src/stm32f4xx_hal.o"
arm-none-eabi-gcc "../Drivers/STM32F4xx_HAL_Driver/Src/stm32f4xx_hal_adc.c" -mcpu=cortex-m4 -std=gnu11 -g3 -DDEBUG -DUSE_HAL_DRIVER -DSTM32F407xx -c -I../Core/Inc -I../Drivers/STM32F4xx_HAL_Driver/Inc -I../Drivers/STM32F4xx_HAL_Driver/Inc/Legacy -I../Drivers/CMSIS/Device/ST/STM32F4xx/Include -I../Drivers/CMSIS/Include -O0 -ffunction-sections -fdata-sections -Wall -fstack-usage -MMD -MP -MF"Drivers/STM32F4xx_HAL_Driver/Src/stm32f4xx_hal_adc.d" -MT"Drivers/STM32F4xx_HAL_Driver/Src/stm32f4xx_hal_adc.o" --specs=nano.specs -mfpu=fpv4-sp-d16 -mfloat-abi=hard -mthumb -o "Drivers/STM32F4xx_HAL_Driver/Src/stm32f4xx_hal_adc.o"
arm-none-eabi-gcc "../Drivers/STM32F4xx_HAL_Driver/Src/stm32f4xx_hal_adc_ex.c" -mcpu=cortex-m4 -std=gnu11 -g3 -DDEBUG -DUSE_HAL_DRIVER -DSTM32F407xx -c -I../Core/Inc -I../Drivers/STM32F4xx_HAL_Driver/Inc -I../Drivers/STM32F4xx_HAL_Driver/Inc/Legacy -I../Drivers/CMSIS/Device/ST/STM32F4xx/Include -I../Drivers/CMSIS/Include -O0 -ffunction-sections -fdata-sections -Wall -fstack-usage -MMD -MP -MF"Drivers/STM32F4xx_HAL_Driver/Src/stm32f4xx_hal_adc_ex.d" -MT"Drivers/STM32F4xx_HAL_Driver/Src/stm32f4xx_hal_adc_ex.o" --specs=nano.specs -mfpu=fpv4-sp-d16 -mfloat-abi=hard -mthumb -o "Drivers/STM32F4xx_HAL_Driver/Src/stm32f4xx_hal_adc_ex.o"
arm-none-eabi-gcc "../Drivers/STM32F4xx_HAL_Driver/Src/stm32f4xx_hal_cortex.c" -mcpu=cortex-m4 -std=gnu11 -g3 -DDEBUG -DUSE_HAL_DRIVER -DSTM32F407xx -c -I../Core/Inc -I../Drivers/STM32F4xx_HAL_Driver/Inc -I../Drivers/STM32F4xx_HAL_Driver/Inc/Legacy -I../Drivers/CMSIS/Device/ST/STM32F4xx/Include -I../Drivers/CMSIS/Include -O0 -ffunction-sections -fdata-sections -Wall -fstack-usage -MMD -MP -MF"Drivers/STM32F4xx_HAL_Driver/Src/stm32f4xx_hal_cortex.d" -MT"Drivers/STM32F4xx_HAL_Driver/Src/stm32f4xx_hal_cortex.o" --specs=nano.specs -mfpu=fpv4-sp-d16 -mfloat-abi=hard -mthumb -o "Drivers/STM32F4xx_HAL_Driver/Src/stm32f4xx_hal_cortex.o"
arm-none-eabi-gcc "../Drivers/STM32F4xx_HAL_Driver/Src/stm32f4xx_hal_dma.c" -mcpu=cortex-m4 -std=gnu11 -g3 -DDEBUG -DUSE_HAL_DRIVER -DSTM32F407xx -c -I../Core/Inc -I../Drivers/STM32F4xx_HAL_Driver/Inc -I../Drivers/STM32F4xx_HAL_Driver/Inc/Legacy -I../Drivers/CMSIS/Device/ST/STM32F4xx/Include -I../Drivers/CMSIS/Include -O0 -ffunction-sections -fdata-sections -Wall -fstack-usage -MMD -MP -MF"Drivers/STM32F4xx_HAL_Driver/Src/stm32f4xx_hal_dma.d" -MT"Drivers/STM32F4xx_HAL_Driver/Src/stm32f4xx_hal_dma.o" --specs=nano.specs -mfpu=fpv4-sp-d16 -mfloat-abi=hard -mthumb -o "Drivers/STM32F4xx_HAL_Driver/Src/stm32f4xx_hal_dma.o"
arm-none-eabi-gcc "../Drivers/STM32F4xx_HAL_Driver/Src/stm32f4xx_hal_dma_ex.c" -mcpu=cortex-m4 -std=gnu11 -g3 -DDEBUG -DUSE_HAL_DRIVER -DSTM32F407xx -c -I../Core/Inc -I../Drivers/STM32F4xx_HAL_Driver/Inc -I../Drivers/STM32F4xx_HAL_Driver/Inc/Legacy -I../Drivers/CMSIS/Device/ST/STM32F4xx/Include -I../Drivers/CMSIS/Include -O0 -ffunction-sections -fdata-sections -Wall -fstack-usage -MMD -MP -MF"Drivers/STM32F4xx_HAL_Driver/Src/stm32f4xx_hal_dma_ex.d" -MT"Drivers/STM32F4xx_HAL_Driver/Src/stm32f4xx_hal_dma_ex.o" --specs=nano.specs -mfpu=fpv4-sp-d16 -mfloat-abi=hard -mthumb -o "Drivers/STM32F4xx_HAL_Driver/Src/stm32f4xx_hal_dma_ex.o"
arm-none-eabi-gcc "../Drivers/STM32F4xx_HAL_Driver/Src/stm32f4xx_hal_exti.c" -mcpu=cortex-m4 -std=gnu11 -g3 -DDEBUG -DUSE_HAL_DRIVER -DSTM32F407xx -c -I../Core/Inc -I../Drivers/STM32F4xx_HAL_Driver/Inc -I../Drivers/STM32F4xx_HAL_Driver/Inc/Legacy -I../Drivers/CMSIS/Device/ST/STM32F4xx/Include -I../Drivers/CMSIS/Include -O0 -ffunction-sections -fdata-sections -Wall -fstack-usage -MMD -MP -MF"Drivers/STM32F4xx_HAL_Driver/Src/stm32f4xx_hal_exti.d" -MT"Drivers/STM32F4xx_HAL_Driver/Src/stm32f4xx_hal_exti.o" --specs=nano.specs -mfpu=fpv4-sp-d16 -mfloat-abi=hard -mthumb -o "Drivers/STM32F4xx_HAL_Driver/Src/stm32f4xx_hal_exti.o"
arm-none-eabi-gcc "../Drivers/STM32F4xx_HAL_Driver/Src/stm32f4xx_hal_flash.c" -mcpu=cortex-m4 -std=gnu11 -g3 -DDEBUG -DUSE_HAL_DRIVER -DSTM32F407xx -c -I../Core/Inc -I../Drivers/STM32F4xx_HAL_Driver/Inc -I../Drivers/STM32F4xx_HAL_Driver/Inc/Legacy -I../Drivers/CMSIS/Device/ST/STM32F4xx/Include -I../Drivers/CMSIS/Include -O0 -ffunction-sections -fdata-sections -Wall -fstack-usage -MMD -MP -MF"Drivers/STM32F4xx_HAL_Driver/Src/stm32f4xx_hal_flash.d" -MT"Drivers/STM32F4xx_HAL_Driver/Src/stm32f4xx_hal_flash.o" --specs=nano.specs -mfpu=fpv4-sp-d16 -mfloat-abi=hard -mthumb -o "Drivers/STM32F4xx_HAL_Driver/Src/stm32f4xx_hal_flash.o"
arm-none-eabi-gcc "../Drivers/STM32F4xx_HAL_Driver/Src/stm32f4xx_hal_flash_ex.c" -mcpu=cortex-m4 -std=gnu11 -g3 -DDEBUG -DUSE_HAL_DRIVER -DSTM32F407xx -c -I../Core/Inc -I../Drivers/STM32F4xx_HAL_Driver/Inc -I../Drivers/STM32F4xx_HAL_Driver/Inc/Legacy -I../Drivers/CMSIS/Device/ST/STM32F4xx/Include -I../Drivers/CMSIS/Include -O0 -ffunction-sections -fdata-sections -Wall -fstack-usage -MMD -MP -MF"Drivers/STM32F4xx_HAL_Driver/Src/stm32f4xx_hal_flash_ex.d" -MT"Drivers/STM32F4xx_HAL_Driver/Src/stm32f4xx_hal_flash_ex.o" --specs=nano.specs -mfpu=fpv4-sp-d16 -mfloat-abi=hard -mthumb -o "Drivers/STM32F4xx_HAL_Driver/Src/stm32f4xx_hal_flash_ex.o"
arm-none-eabi-gcc "../Drivers/STM32F4xx_HAL_Driver/Src/stm32f4xx_hal_flash_ramfunc.c" -mcpu=cortex-m4 -std=gnu11 -g3 -DDEBUG -DUSE_HAL_DRIVER -DSTM32F407xx -c -I../Core/Inc -I../Drivers/STM32F4xx_HAL_Driver/Inc -I../Drivers/STM32F4xx_HAL_Driver/Inc/Legacy -I../Drivers/CMSIS/Device/ST/STM32F4xx/Include -I../Drivers/CMSIS/Include -O0 -ffunction-sections -fdata-sections -Wall -fstack-usage -MMD -MP -MF"Drivers/STM32F4xx_HAL_Driver/Src/stm32f4xx_hal_flash_ramfunc.d" -MT"Drivers/STM32F4xx_HAL_Driver/Src/stm32f4xx_hal_flash_ramfunc.o" --specs=nano.specs -mfpu=fpv4-sp-d16 -mfloat-abi=hard -mthumb -o "Drivers/STM32F4xx_HAL_Driver/Src/stm32f4xx_hal_flash_ramfunc.o"
arm-none-eabi-gcc "../Drivers/STM32F4xx_HAL_Driver/Src/stm32f4xx_hal_gpio.c" -mcpu=cortex-m4 -std=gnu11 -g3 -DDEBUG -DUSE_HAL_DRIVER -DSTM32F407xx -c -I../Core/Inc -I../Drivers/STM32F4xx_HAL_Driver/Inc -I../Drivers/STM32F4xx_HAL_Driver/Inc/Legacy -I../Drivers/CMSIS/Device/ST/STM32F4xx/Include -I../Drivers/CMSIS/Include -O0 -ffunction-sections -fdata-sections -Wall -fstack-usage -MMD -MP -MF"Drivers/STM32F4xx_HAL_Driver/Src/stm32f4xx_hal_gpio.d" -MT"Drivers/STM32F4xx_HAL_Driver/Src/stm32f4xx_hal_gpio.o" --specs=nano.specs -mfpu=fpv4-sp-d16 -mfloat-abi=hard -mthumb -o "Drivers/STM32F4xx_HAL_Driver/Src/stm32f4xx_hal_gpio.o"
arm-none-eabi-gcc "../Drivers/STM32F4xx_HAL_Driver/Src/stm32f4xx_hal_i2c.c" -mcpu=cortex-m4 -std=gnu11 -g3 -DDEBUG -DUSE_HAL_DRIVER -DSTM32F407xx -c -I../Core/Inc -I../Drivers/STM32F4xx_HAL_Driver/Inc -I../Drivers/STM32F4xx_HAL_Driver/Inc/Legacy -I../Drivers/CMSIS/Device/ST/STM32F4xx/Include -I../Drivers/CMSIS/Include -O0 -ffunction-sections -fdata-sections -Wall -fstack-usage -MMD -MP -MF"Drivers/STM32F4xx_HAL_Driver/Src/stm32f4xx_hal_i2c.d" -MT"Drivers/STM32F4xx_HAL_Driver/Src/stm32f4xx_hal_i2c.o" --specs=nano.specs -mfpu=fpv4-sp-d16 -mfloat-abi=hard -mthumb -o "Drivers/STM32F4xx_HAL_Driver/Src/stm32f4xx_hal_i2c.o"
arm-none-eabi-gcc "../Drivers/STM32F4xx_HAL_Driver/Src/stm32f4xx_hal_i2c_ex.c" -mcpu=cortex-m4 -std=gnu11 -g3 -DDEBUG -DUSE_HAL_DRIVER -DSTM32F407xx -c -I../Core/Inc -I../Drivers/STM32F4xx_HAL_Driver/Inc -I../Drivers/STM32F4xx_HAL_Driver/Inc/Legacy -I../Drivers/CMSIS/Device/ST/STM32F4xx/Include -I../Drivers/CMSIS/Include -O0 -ffunction-sections -fdata-sections -Wall -fstack-usage -MMD -MP -MF"Drivers/STM32F4xx_HAL_Driver/Src/stm32f4xx_hal_i2c_ex.d" -MT"Drivers/STM32F4xx_HAL_Driver/Src/stm32f4xx_hal_i2c_ex.o" --specs=nano.specs -mfpu=fpv4-sp-d16 -mfloat-abi=hard -mthumb -o "Drivers/STM32F4xx_HAL_Driver/Src/stm32f4xx_hal_i2c_ex.o"
arm-none-eabi-gcc "../Drivers/STM32F4xx_HAL_Driver/Src/stm32f4xx_hal_pwr.c" -mcpu=cortex-m4 -std=gnu11 -g3 -DDEBUG -DUSE_HAL_DRIVER -DSTM32F407xx -c -I../Core/Inc -I../Drivers/STM32F4xx_HAL_Driver/Inc -I../Drivers/STM32F4xx_HAL_Driver/Inc/Legacy -I../Drivers/CMSIS/Device/ST/STM32F4xx/Include -I../Drivers/CMSIS/Include -O0 -ffunction-sections -fdata-sections -Wall -fstack-usage -MMD -MP -MF"Drivers/STM32F4xx_HAL_Driver/Src/stm32f4xx_hal_pwr.d" -MT"Drivers/STM32F4xx_HAL_Driver/Src/stm32f4xx_hal_pwr.o" --specs=nano.specs -mfpu=fpv4-sp-d16 -mfloat-abi=hard -mthumb -o "Drivers/STM32F4xx_HAL_Driver/Src/stm32f4xx_hal_pwr.o"
arm-none-eabi-gcc "../Drivers/STM32F4xx_HAL_Driver/Src/stm32f4xx_hal_pwr_ex.c" -mcpu=cortex-m4 -std=gnu11 -g3 -DDEBUG -DUSE_HAL_DRIVER -DSTM32F407xx -c -I../Core/Inc -I../Drivers/STM32F4xx_HAL_Driver/Inc -I../Drivers/STM32F4xx_HAL_Driver/Inc/Legacy -I../Drivers/CMSIS/Device/ST/STM32F4xx/Include -I../Drivers/CMSIS/Include -O0 -ffunction-sections -fdata-sections -Wall -fstack-usage -MMD -MP -MF"Drivers/STM32F4xx_HAL_Driver/Src/stm32f4xx_hal_pwr_ex.d" -MT"Drivers/STM32F4xx_HAL_Driver/Src/stm32f4xx_hal_pwr_ex.o" --specs=nano.specs -mfpu=fpv4-sp-d16 -mfloat-abi=hard -mthumb -o "Drivers/STM32F4xx_HAL_Driver/Src/stm32f4xx_hal_pwr_ex.o"
arm-none-eabi-gcc "../Drivers/STM32F4xx_HAL_Driver/Src/stm32f4xx_hal_rcc.c" -mcpu=cortex-m4 -std=gnu11 -g3 -DDEBUG -DUSE_HAL_DRIVER -DSTM32F407xx -c -I../Core/Inc -I../Drivers/STM32F4xx_HAL_Driver/Inc -I../Drivers/STM32F4xx_HAL_Driver/Inc/Legacy -I../Drivers/CMSIS/Device/ST/STM32F4xx/Include -I../Drivers/CMSIS/Include -O0 -ffunction-sections -fdata-sections -Wall -fstack-usage -MMD -MP -MF"Drivers/STM32F4xx_HAL_Driver/Src/stm32f4xx_hal_rcc.d" -MT"Drivers/STM32F4xx_HAL_Driver/Src/stm32f4xx_hal_rcc.o" --specs=nano.specs -mfpu=fpv4-sp-d16 -mfloat-abi=hard -mthumb -o "Drivers/STM32F4xx_HAL_Driver/Src/stm32f4xx_hal_rcc.o"
arm-none-eabi-gcc "../Drivers/STM32F4xx_HAL_Driver/Src/stm32f4xx_hal_rcc_ex.c" -mcpu=cortex-m4 -std=gnu11 -g3 -DDEBUG -DUSE_HAL_DRIVER -DSTM32F407xx -c -I../Core/Inc -I../Drivers/STM32F4xx_HAL_Driver/Inc -I../Drivers/STM32F4xx_HAL_Driver/Inc/Legacy -I../Drivers/CMSIS/Device/ST/STM32F4xx/Include -I../Drivers/CMSIS/Include -O0 -ffunction-sections -fdata-sections -Wall -fstack-usage -MMD -MP -MF"Drivers/STM32F4xx_HAL_Driver/Src/stm32f4xx_hal_rcc_ex.d" -MT"Drivers/STM32F4xx_HAL_Driver/Src/stm32f4xx_hal_rcc_ex.o" --specs=nano.specs -mfpu=fpv4-sp-d16 -mfloat-abi=hard -mthumb -o "Drivers/STM32F4xx_HAL_Driver/Src/stm32f4xx_hal_rcc_ex.o"
arm-none-eabi-gcc "../Drivers/STM32F4xx_HAL_Driver/Src/stm32f4xx_hal_spi.c" -mcpu=cortex-m4 -std=gnu11 -g3 -DDEBUG -DUSE_HAL_DRIVER -DSTM32F407xx -c -I../Core/Inc -I../Drivers/STM32F4xx_HAL_Driver/Inc -I../Drivers/STM32F4xx_HAL_Driver/Inc/Legacy -I../Drivers/CMSIS/Device/ST/STM32F4xx/Include -I../Drivers/CMSIS/Include -O0 -ffunction-sections -fdata-sections -Wall -fstack-usage -MMD -MP -MF"Drivers/STM32F4xx_HAL_Driver/Src/stm32f4xx_hal_spi.d" -MT"Drivers/STM32F4xx_HAL_Driver/Src/stm32f4xx_hal_spi.o" --specs=nano.specs -mfpu=fpv4-sp-d16 -mfloat-abi=hard -mthumb -o "Drivers/STM32F4xx_HAL_Driver/Src/stm32f4xx_hal_spi.o"
arm-none-eabi-gcc "../Drivers/STM32F4xx_HAL_Driver/Src/stm32f4xx_hal_sram.c" -mcpu=cortex-m4 -std=gnu11 -g3 -DDEBUG -DUSE_HAL_DRIVER -DSTM32F407xx -c -I../Core/Inc -I../Drivers/STM32F4xx_HAL_Driver/Inc -I../Drivers/STM32F4xx_HAL_Driver/Inc/Legacy -I../Drivers/CMSIS/Device/ST/STM32F4xx/Include -I../Drivers/CMSIS/Include -O0 -ffunction-sections -fdata-sections -Wall -fstack-usage -MMD -MP -MF"Drivers/STM32F4xx_HAL_Driver/Src/stm32f4xx_hal_sram.d" -MT"Drivers/STM32F4xx_HAL_Driver/Src/stm32f4xx_hal_sram.o" --specs=nano.specs -mfpu=fpv4-sp-d16 -mfloat-abi=hard -mthumb -o "Drivers/STM32F4xx_HAL_Driver/Src/stm32f4xx_hal_sram.o"
arm-none-eabi-gcc "../Drivers/STM32F4xx_HAL_Driver/Src/stm32f4xx_hal_tim.c" -mcpu=cortex-m4 -std=gnu11 -g3 -DDEBUG -DUSE_HAL_DRIVER -DSTM32F407xx -c -I../Core/Inc -I../Drivers/STM32F4xx_HAL_Driver/Inc -I../Drivers/STM32F4xx_HAL_Driver/Inc/Legacy -I../Drivers/CMSIS/Device/ST/STM32F4xx/Include -I../Drivers/CMSIS/Include -O0 -ffunction-sections -fdata-sections -Wall -fstack-usage -MMD -MP -MF"Drivers/STM32F4xx_HAL_Driver/Src/stm32f4xx_hal_tim.d" -MT"Drivers/STM32F4xx_HAL_Driver/Src/stm32f4xx_hal_tim.o" --specs=nano.specs -mfpu=fpv4-sp-d16 -mfloat-abi=hard -mthumb -o "Drivers/STM32F4xx_HAL_Driver/Src/stm32f4xx_hal_tim.o"
arm-none-eabi-gcc "../Drivers/STM32F4xx_HAL_Driver/Src/stm32f4xx_hal_tim_ex.c" -mcpu=cortex-m4 -std=gnu11 -g3 -DDEBUG -DUSE_HAL_DRIVER -DSTM32F407xx -c -I../Core/Inc -I../Drivers/STM32F4xx_HAL_Driver/Inc -I../Drivers/STM32F4xx_HAL_Driver/Inc/Legacy -I../Drivers/CMSIS/Device/ST/STM32F4xx/Include -I../Drivers/CMSIS/Include -O0 -ffunction-sections -fdata-sections -Wall -fstack-usage -MMD -MP -MF"Drivers/STM32F4xx_HAL_Driver/Src/stm32f4xx_hal_tim_ex.d" -MT"Drivers/STM32F4xx_HAL_Driver/Src/stm32f4xx_hal_tim_ex.o" --specs=nano.specs -mfpu=fpv4-sp-d16 -mfloat-abi=hard -mthumb -o "Drivers/STM32F4xx_HAL_Driver/Src/stm32f4xx_hal_tim_ex.o"
arm-none-eabi-gcc "../Drivers/STM32F4xx_HAL_Driver/Src/stm32f4xx_hal_uart.c" -mcpu=cortex-m4 -std=gnu11 -g3 -DDEBUG -DUSE_HAL_DRIVER -DSTM32F407xx -c -I../Core/Inc -I../Drivers/STM32F4xx_HAL_Driver/Inc -I../Drivers/STM32F4xx_HAL_Driver/Inc/Legacy -I../Drivers/CMSIS/Device/ST/STM32F4xx/Include -I../Drivers/CMSIS/Include -O0 -ffunction-sections -fdata-sections -Wall -fstack-usage -MMD -MP -MF"Drivers/STM32F4xx_HAL_Driver/Src/stm32f4xx_hal_uart.d" -MT"Drivers/STM32F4xx_HAL_Driver/Src/stm32f4xx_hal_uart.o" --specs=nano.specs -mfpu=fpv4-sp-d16 -mfloat-abi=hard -mthumb -o "Drivers/STM32F4xx_HAL_Driver/Src/stm32f4xx_hal_uart.o"
arm-none-eabi-gcc "../Drivers/STM32F4xx_HAL_Driver/Src/stm32f4xx_ll_adc.c" -mcpu=cortex-m4 -std=gnu11 -g3 -DDEBUG -DUSE_HAL_DRIVER -DSTM32F407xx -c -I../Core/Inc -I../Drivers/STM32F4xx_HAL_Driver/Inc -I../Drivers/STM32F4xx_HAL_Driver/Inc/Legacy -I../Drivers/CMSIS/Device/ST/STM32F4xx/Include -I../Drivers/CMSIS/Include -O0 -ffunction-sections -fdata-sections -Wall -fstack-usage -MMD -MP -MF"Drivers/STM32F4xx_HAL_Driver/Src/stm32f4xx_ll_adc.d" -MT"Drivers/STM32F4xx_HAL_Driver/Src/stm32f4xx_ll_adc.o" --specs=nano.specs -mfpu=fpv4-sp-d16 -mfloat-abi=hard -mthumb -o "Drivers/STM32F4xx_HAL_Driver/Src/stm32f4xx_ll_adc.o"
arm-none-eabi-gcc "../Drivers/STM32F4xx_HAL_Driver/Src/stm32f4xx_ll_fsmc.c" -mcpu=cortex-m4 -std=gnu11 -g3 -DDEBUG -DUSE_HAL_DRIVER -DSTM32F407xx -c -I../Core/Inc -I../Drivers/STM32F4xx_HAL_Driver/Inc -I../Drivers/STM32F4xx_HAL_Driver/Inc/Legacy -I../Drivers/CMSIS/Device/ST/STM32F4xx/Include -I../Drivers/CMSIS/Include -O0 -ffunction-sections -fdata-sections -Wall -fstack-usage -MMD -MP -MF"Drivers/STM32F4xx_HAL_Driver/Src/stm32f4xx_ll_fsmc.d" -MT"Drivers/STM32F4xx_HAL_Driver/Src/stm32f4xx_ll_fsmc.o" --specs=nano.specs -mfpu=fpv4-sp-d16 -mfloat-abi=hard -mthumb -o "Drivers/STM32F4xx_HAL_Driver/Src/stm32f4xx_ll_fsmc.o"
arm-none-eabi-gcc -mcpu=cortex-m4 -g3 -DDEBUG -c -x assembler-with-cpp -MMD -MP -MF"Core/Startup/startup_stm32f407zetx.d" -MT"Core/Startup/startup_stm32f407zetx.o" --specs=nano.specs -mfpu=fpv4-sp-d16 -mfloat-abi=hard -mthumb -o "Core/Startup/startup_stm32f407zetx.o" "../Core/Startup/startup_stm32f407zetx.s"
arm-none-eabi-gcc "../Core/Src/adc.c" -mcpu=cortex-m4 -std=gnu11 -g3 -DDEBUG -DUSE_HAL_DRIVER -DSTM32F407xx -c -I../Core/Inc -I../Drivers/STM32F4xx_HAL_Driver/Inc -I../Drivers/STM32F4xx_HAL_Driver/Inc/Legacy -I../Drivers/CMSIS/Device/ST/STM32F4xx/Include -I../Drivers/CMSIS/Include -O0 -ffunction-sections -fdata-sections -Wall -fstack-usage -MMD -MP -MF"Core/Src/adc.d" -MT"Core/Src/adc.o" --specs=nano.specs -mfpu=fpv4-sp-d16 -mfloat-abi=hard -mthumb -o "Core/Src/adc.o"
arm-none-eabi-gcc "../Core/Src/button.c" -mcpu=cortex-m4 -std=gnu11 -g3 -DDEBUG -DUSE_HAL_DRIVER -DSTM32F407xx -c -I../Core/Inc -I../Drivers/STM32F4xx_HAL_Driver/Inc -I../Drivers/STM32F4xx_HAL_Driver/Inc/Legacy -I../Drivers/CMSIS/Device/ST/STM32F4xx/Include -I../Drivers/CMSIS/Include -O0 -ffunction-sections -fdata-sections -Wall -fstack-usage -MMD -MP -MF"Core/Src/button.d" -MT"Core/Src/button.o" --specs=nano.specs -mfpu=fpv4-sp-d16 -mfloat-abi=hard -mthumb -o "Core/Src/button.o"
arm-none-eabi-gcc "../Core/Src/buzzer.c" -mcpu=cortex-m4 -std=gnu11 -g3 -DDEBUG -DUSE_HAL_DRIVER -DSTM32F407xx -c -I../Core/Inc -I../Drivers/STM32F4xx_HAL_Driver/Inc -I../Drivers/STM32F4xx_HAL_Driver/Inc/Legacy -I../Drivers/CMSIS/Device/ST/STM32F4xx/Include -I../Drivers/CMSIS/Include -O0 -ffunction-sections -fdata-sections -Wall -fstack-usage -MMD -MP -MF"Core/Src/buzzer.d" -MT"Core/Src/buzzer.o" --specs=nano.specs -mfpu=fpv4-sp-d16 -mfloat-abi=hard -mthumb -o "Core/Src/buzzer.o"
arm-none-eabi-gcc "../Core/Src/dma.c" -mcpu=cortex-m4 -std=gnu11 -g3 -DDEBUG -DUSE_HAL_DRIVER -DSTM32F407xx -c -I../Core/Inc -I../Drivers/STM32F4xx_HAL_Driver/Inc -I../Drivers/STM32F4xx_HAL_Driver/Inc/Legacy -I../Drivers/CMSIS/Device/ST/STM32F4xx/Include -I../Drivers/CMSIS/Include -O0 -ffunction-sections -fdata-sections -Wall -fstack-usage -MMD -MP -MF"Core/Src/dma.d" -MT"Core/Src/dma.o" --specs=nano.specs -mfpu=fpv4-sp-d16 -mfloat-abi=hard -mthumb -o "Core/Src/dma.o"
arm-none-eabi-gcc "../Core/Src/ds3231.c" -mcpu=cortex-m4 -std=gnu11 -g3 -DDEBUG -DUSE_HAL_DRIVER -DSTM32F407xx -c -I../Core/Inc -I../Drivers/STM32F4xx_HAL_Driver/Inc -I../Drivers/STM32F4xx_HAL_Driver/Inc/Legacy -I../Drivers/CMSIS/Device/ST/STM32F4xx/Include -I../Drivers/CMSIS/Include -O0 -ffunction-sections -fdata-sections -Wall -fstack-usage -MMD -MP -MF"Core/Src/ds3231.d" -MT"Core/Src/ds3231.o" --specs=nano.specs -mfpu=fpv4-sp-d16 -mfloat-abi=hard -mthumb -o "Core/Src/ds3231.o"
arm-none-eabi-gcc "../Core/Src/fsmc.c" -mcpu=cortex-m4 -std=gnu11 -g3 -DDEBUG -DUSE_HAL_DRIVER -DSTM32F407xx -c -I../Core/Inc -I../Drivers/STM32F4xx_HAL_Driver/Inc -I../Drivers/STM32F4xx_HAL_Driver/Inc/Legacy -I../Drivers/CMSIS/Device/ST/STM32F4xx/Include -I../Drivers/CMSIS/Include -O0 -ffunction-sections -fdata-sections -Wall -fstack-usage -MMD -MP -MF"Core/Src/fsmc.d" -MT"Core/Src/fsmc.o" --specs=nano.specs -mfpu=fpv4-sp-d16 -mfloat-abi=hard -mthumb -o "Core/Src/fsmc.o"
arm-none-eabi-gcc "../Core/Src/gpio.c" -mcpu=cortex-m4 -std=gnu11 -g3 -DDEBUG -DUSE_HAL_DRIVER -DSTM32F407xx -c -I../Core/Inc -I../Drivers/STM32F4xx_HAL_Driver/Inc -I../Drivers/STM32F4xx_HAL_Driver/Inc/Legacy -I../Drivers/CMSIS/Device/ST/STM32F4xx/Include -I../Drivers/CMSIS/Include -O0 -ffunction-sections -fdata-sections -Wall -fstack-usage -MMD -MP -MF"Core/Src/gpio.d" -MT"Core/Src/gpio.o" --specs=nano.specs -mfpu=fpv4-sp-d16 -mfloat-abi=hard -mthumb -o "Core/Src/gpio.o"
arm-none-eabi-gcc "../Core/Src/i2c.c" -mcpu=cortex-m4 -std=gnu11 -g3 -DDEBUG -DUSE_HAL_DRIVER -DSTM32F407xx -c -I../Core/Inc -I../Drivers/STM32F4xx_HAL_Driver/Inc -I../Drivers/STM32F4xx_HAL_Driver/Inc/Legacy -I../Drivers/CMSIS/Device/ST/STM32F4xx/Include -I../Drivers/CMSIS/Include -O0 -ffunction-sections -fdata-sections -Wall -fstack-usage -MMD -MP -MF"Core/Src/i2c.d" -MT"Core/Src/i2c.o" --specs=nano.specs -mfpu=fpv4-sp-d16 -mfloat-abi=hard -mthumb -o "Core/Src/i2c.o"
arm-none-eabi-gcc "../Core/Src/lcd.c" -mcpu=cortex-m4 -std=gnu11 -g3 -DDEBUG -DUSE_HAL_DRIVER -DSTM32F407xx -c -I../Core/Inc -I../Drivers/STM32F4xx_HAL_Driver/Inc -I../Drivers/STM32F4xx_HAL_Driver/Inc/Legacy -I../Drivers/CMSIS/Device/ST/STM32F4xx/Include -I../Drivers/CMSIS/Include -O0 -ffunction-sections -fdata-sections -Wall -fstack-usage -MMD -MP -MF"Core/Src/lcd.d" -MT"Core/Src/lcd.o" --specs=nano.specs -mfpu=fpv4-sp-d16 -mfloat-abi=hard -mthumb -o "Core/Src/lcd.o"
arm-none-eabi-gcc "../Core/Src/led7seg.c" -mcpu=cortex-m4 -std=gnu11 -g3 -DDEBUG -DUSE_HAL_DRIVER -DSTM32F407xx -c -I../Core/Inc -I../Drivers/STM32F4xx_HAL_Driver/Inc -I../Drivers/STM32F4xx_HAL_Driver/Inc/Legacy -I../Drivers/CMSIS/Device/ST/STM32F4xx/Include -I../Drivers/CMSIS/Include -O0 -ffunction-sections -fdata-sections -Wall -fstack-usage -MMD -MP -MF"Core/Src/led7seg.d" -MT"Core/Src/led7seg.o" --specs=nano.specs -mfpu=fpv4-sp-d16 -mfloat-abi=hard -mthumb -o "Core/Src/led7seg.o"
arm-none-eabi-gcc "../Core/Src/main.c" -mcpu=cortex-m4 -std=gnu11 -g3 -DDEBUG -DUSE_HAL_DRIVER -DSTM32F407xx -c -I../Core/Inc -I../Drivers/STM32F4xx_HAL_Driver/Inc -I../Drivers/STM32F4xx_HAL_Driver/Inc/Legacy -I../Drivers/CMSIS/Device/ST/STM32F4xx/Include -I../Drivers/CMSIS/Include -O0 -ffunction-sections -fdata-sections -Wall -fstack-usage -MMD -MP -MF"Core/Src/main.d" -MT"Core/Src/main.o" --specs=nano.specs -mfpu=fpv4-sp-d16 -mfloat-abi=hard -mthumb -o "Core/Src/main.o"
arm-none-eabi-gcc "../Core/Src/picture.c" -mcpu=cortex-m4 -std=gnu11 -g3 -DDEBUG -DUSE_HAL_DRIVER -DSTM32F407xx -c -I../Core/Inc -I../Drivers/STM32F4xx_HAL_Driver/Inc -I../Drivers/STM32F4xx_HAL_Driver/Inc/Legacy -I../Drivers/CMSIS/Device/ST/STM32F4xx/Include -I../Drivers/CMSIS/Include -O0 -ffunction-sections -fdata-sections -Wall -fstack-usage -MMD -MP -MF"Core/Src/picture.d" -MT"Core/Src/picture.o" --specs=nano.specs -mfpu=fpv4-sp-d16 -mfloat-abi=hard -mthumb -o "Core/Src/picture.o"
arm-none-eabi-gcc "../Core/Src/sensor.c" -mcpu=cortex-m4 -std=gnu11 -g3 -DDEBUG -DUSE_HAL_DRIVER -DSTM32F407xx -c -I../Core/Inc -I../Drivers/STM32F4xx_HAL_Driver/Inc -I../Drivers/STM32F4xx_HAL_Driver/Inc/Legacy -I../Drivers/CMSIS/Device/ST/STM32F4xx/Include -I../Drivers/CMSIS/Include -O0 -ffunction-sections -fdata-sections -Wall -fstack-usage -MMD -MP -MF"Core/Src/sensor.d" -MT"Core/Src/sensor.o" --specs=nano.specs -mfpu=fpv4-sp-d16 -mfloat-abi=hard -mthumb -o "Core/Src/sensor.o"
arm-none-eabi-gcc "../Core/Src/software_timer.c" -mcpu=cortex-m4 -std=gnu11 -g3 -DDEBUG -DUSE_HAL_DRIVER -DSTM32F407xx -c -I../Core/Inc -I../Drivers/STM32F4xx_HAL_Driver/Inc -I../Drivers/STM32F4xx_HAL_Driver/Inc/Legacy -I../Drivers/CMSIS/Device/ST/STM32F4xx/Include -I../Drivers/CMSIS/Include -O0 -ffunction-sections -fdata-sections -Wall -fstack-usage -MMD -MP -MF"Core/Src/software_timer.d" -MT"Core/Src/software_timer.o" --specs=nano.specs -mfpu=fpv4-sp-d16 -mfloat-abi=hard -mthumb -o "Core/Src/software_timer.o"
arm-none-eabi-gcc "../Core/Src/spi.c" -mcpu=cortex-m4 -std=gnu11 -g3 -DDEBUG -DUSE_HAL_DRIVER -DSTM32F407xx -c -I../Core/Inc -I../Drivers/STM32F4xx_HAL_Driver/Inc -I../Drivers/STM32F4xx_HAL_Driver/Inc/Legacy -I../Drivers/CMSIS/Device/ST/STM32F4xx/Include -I../Drivers/CMSIS/Include -O0 -ffunction-sections -fdata-sections -Wall -fstack-usage -MMD -MP -MF"Core/Src/spi.d" -MT"Core/Src/spi.o" --specs=nano.specs -mfpu=fpv4-sp-d16 -mfloat-abi=hard -mthumb -o "Core/Src/spi.o"
arm-none-eabi-gcc "../Core/Src/stm32f4xx_hal_msp.c" -mcpu=cortex-m4 -std=gnu11 -g3 -DDEBUG -DUSE_HAL_DRIVER -DSTM32F407xx -c -I../Core/Inc -I../Drivers/STM32F4xx_HAL_Driver/Inc -I../Drivers/STM32F4xx_HAL_Driver/Inc/Legacy -I../Drivers/CMSIS/Device/ST/STM32F4xx/Include -I../Drivers/CMSIS/Include -O0 -ffunction-sections -fdata-sections -Wall -fstack-usage -MMD -MP -MF"Core/Src/stm32f4xx_hal_msp.d" -MT"Core/Src/stm32f4xx_hal_msp.o" --specs=nano.specs -mfpu=fpv4-sp-d16 -mfloat-abi=hard -mthumb -o "Core/Src/stm32f4xx_hal_msp.o"
arm-none-eabi-gcc "../Core/Src/stm32f4xx_it.c" -mcpu=cortex-m4 -std=gnu11 -g3 -DDEBUG -DUSE_HAL_DRIVER -DSTM32F407xx -c -I../Core/Inc -I../Drivers/STM32F4xx_HAL_Driver/Inc -I../Drivers/STM32F4xx_HAL_Driver/Inc/Legacy -I../Drivers/CMSIS/Device/ST/STM32F4xx/Include -I../Drivers/CMSIS/Include -O0 -ffunction-sections -fdata-sections -Wall -fstack-usage -MMD -MP -MF"Core/Src/stm32f4xx_it.d" -MT"Core/Src/stm32f4xx_it.o" --specs=nano.specs -mfpu=fpv4-sp-d16 -mfloat-abi=hard -mthumb -o "Core/Src/stm32f4xx_it.o"
arm-none-eabi-gcc "../Core/Src/syscalls.c" -mcpu=cortex-m4 -std=gnu11 -g3 -DDEBUG -DUSE_HAL_DRIVER -DSTM32F407xx -c -I../Core/Inc -I../Drivers/STM32F4xx_HAL_Driver/Inc -I../Drivers/STM32F4xx_HAL_Driver/Inc/Legacy -I../Drivers/CMSIS/Device/ST/STM32F4xx/Include -I../Drivers/CMSIS/Include -O0 -ffunction-sections -fdata-sections -Wall -fstack-usage -MMD -MP -MF"Core/Src/syscalls.d" -MT"Core/Src/syscalls.o" --specs=nano.specs -mfpu=fpv4-sp-d16 -mfloat-abi=hard -mthumb -o "Core/Src/syscalls.o"
In file included from ../Core/Src/lcd.c:15:
../Core/Inc/lcdfont.h:432:29: warning: missing braces around initializer [-Wmissing-braces]
  432 | const typFNT_GB16 tfont16[]={
      |                             ^
  433 | "ff",0x80,0x00,0x80,0x00,0x80,0x00,0x80,0x00,0xFC,0x1F,0x84,0x10,0x84,0x10,0x84,0x10,
      | {    {
  434 | 0x84,0x10,0x84,0x10,0xFC,0x1F,0x84,0x10,0x80,0x00,0x80,0x00,0x80,0x00,0x80,0x00,/*"��",0*/
      |                                                                                }}
  435 | "ff",0xF8,0x0F,0x08,0x08,0xF8,0x0F,0x08,0x08,0xF8,0x0F,0x80,0x00,0xFF,0x7F,0x00,0x00,
      | {    {
  436 | 0xF8,0x0F,0x08,0x08,0x08,0x08,0xF8,0x0F,0x80,0x00,0x84,0x10,0xA2,0x20,0x40,0x00,/*"��",1*/
      |                                                                                }}
  437 | "ff",0x00,0x00,0xFE,0x3F,0x02,0x20,0xF2,0x27,0x02,0x20,0x02,0x20,0xFA,0x2F,0x22,0x21,
      | {    {
  438 | 0x22,0x21,0x22,0x21,0x12,0x29,0x12,0x29,0x0A,0x2E,0x02,0x20,0xFE,0x3F,0x02,0x20,/*"԰",2*/
      |                                                                                }}
  439 | "ff",0x80,0x00,0x80,0x00,0x80,0x00,0xFC,0x1F,0x84,0x10,0x84,0x10,0x84,0x10,0xFC,0x1F,
      | {    {
  440 | 0x84,0x10,0x84,0x10,0x84,0x10,0xFC,0x1F,0x84,0x50,0x80,0x40,0x80,0x40,0x00,0x7F,/*"��",3*/
      |                                                                                }}
  441 | "ff",0x00,0x00,0xFE,0x1F,0x00,0x08,0x00,0x04,0x00,0x02,0x80,0x01,0x80,0x00,0xFF,0x7F,
      | {    {
  442 | 0x80,0x00,0x80,0x00,0x80,0x00,0x80,0x00,0x80,0x00,0x80,0x00,0xA0,0x00,0x40,0x00,/*"��",4*/
      |                                                                                }}
  443 | "ff",0x08,0x04,0x08,0x04,0x08,0x04,0xC8,0x7F,0x3F,0x04,0x08,0x04,0x08,0x04,0xA8,0x3F,
      | {    {
  444 | 0x18,0x21,0x0C,0x11,0x0B,0x12,0x08,0x0A,0x08,0x04,0x08,0x0A,0x8A,0x11,0x64,0x60,/*"��",0*/
      |                                                                                }}
  445 | "ff",0x80,0x00,0x80,0x04,0x80,0x08,0x80,0x08,0xFE,0x3F,0xC0,0x01,0xA0,0x02,0xA0,0x02,
      | {    {
  446 | 0x90,0x04,0x88,0x08,0x84,0x10,0x82,0x20,0x81,0x40,0x80,0x00,0x80,0x00,0x80,0x00,/*"��",1*/
      |                                                                                }}
  447 | "ff",0x40,0x00,0x40,0x00,0xFF,0x7F,0x20,0x00,0x20,0x00,0xF0,0x0F,0x10,0x08,0x18,0x08,
      | {    {
  448 | 0xF4,0x0F,0x12,0x08,0x11,0x08,0xF0,0x0F,0x10,0x08,0x10,0x08,0x10,0x0A,0x10,0x04,/*"��",2*/
      |                                                                                }}
  449 | "ff",0x00,0x00,0xDE,0x1F,0x52,0x10,0x4A,0x10,0xCA,0x1F,0x46,0x10,0x4A,0x10,0xD2,0x1F,
      | {    {
  450 | 0x52,0x22,0x52,0x12,0x56,0x0C,0x4A,0x04,0x42,0x08,0x42,0x11,0xC2,0x60,0x42,0x00,/*"��",3*/
      |                                                                                }}
  451 | "ff",0x00,0x01,0x20,0x01,0x20,0x01,0x10,0x02,0x10,0x02,0x08,0x04,0x04,0x08,0x42,0x10,
      | {    {
  452 | 0x41,0x60,0x20,0x00,0x20,0x02,0x10,0x04,0x08,0x04,0xFC,0x0F,0x08,0x08,0x00,0x00,/*"��",4*/
      |                                                                                }}
  453 | "ff",0x00,0x00,0xFC,0x1F,0x00,0x10,0x00,0x10,0xFE,0x17,0x00,0x10,0x00,0x10,0xF8,0x11,
      | {    {
  454 | 0x08,0x11,0x08,0x11,0x08,0x11,0x08,0x11,0xF8,0x11,0x08,0x11,0x00,0x14,0x00,0x08,/*"˾",5*/
      |                                                                                }}
  455 | "ff",0x00,0x01,0x00,0x01,0x3F,0x01,0x20,0x3F,0xA0,0x20,0x92,0x10,0x54,0x02,0x28,0x02,
      | {    {
  456 | 0x08,0x02,0x14,0x05,0x24,0x05,0xA2,0x08,0x81,0x08,0x40,0x10,0x20,0x20,0x10,0x40,/*"��",6*/
      |                                                                                }}
  457 | "ff",0x00,0x00,0x04,0x01,0xC8,0x3C,0x48,0x24,0x40,0x24,0x40,0x24,0x4F,0x24,0x48,0x24,
      | {    {
  458 | 0x48,0x24,0x48,0x2D,0xC8,0x14,0x48,0x04,0x08,0x04,0x14,0x04,0xE2,0x7F,0x00,0x00,/*"ӭ",7*/
      |                                                                                }}
  459 | "ff",0x90,0x00,0x90,0x00,0x88,0x3F,0x4C,0x20,0x2A,0x12,0x99,0x0A,0x88,0x12,0x48,0x22,
      | {    {
  460 | 0x28,0x22,0x88,0x02,0x08,0x01,0x40,0x00,0x8A,0x20,0x8A,0x48,0x09,0x48,0xF0,0x0F,/*"��",8*/
      |                                                                                }}
  461 | "ff",0x08,0x02,0x08,0x02,0x04,0x02,0xC4,0x3F,0x12,0x02,0x5F,0x12,0x48,0x12,0x44,0x12,
      | {    {
  462 | 0x42,0x12,0xDF,0x1F,0x02,0x12,0x00,0x02,0x18,0x42,0x07,0x42,0x02,0x7C,0x00,0x00,/*"��",9*/
      |                                                                                }}
  463 | "ff",0x10,0x00,0x10,0x00,0xF8,0x07,0x04,0x04,0x02,0x02,0xFD,0x1F,0x84,0x10,0x84,0x10,
      | {    {
  464 | 0x84,0x10,0xFC,0x1F,0x04,0x00,0x04,0x40,0x04,0x40,0x04,0x40,0xF8,0x7F,0x00,0x00,/*"ɫ",10*/
      |                                                                                }}
  465 | "ff",0x04,0x02,0x04,0x02,0xE4,0x3F,0x04,0x02,0xC4,0x1F,0x5F,0x10,0xC4,0x1F,0x44,0x10,
      | {    {
  466 | 0xC4,0x1F,0x44,0x10,0xC4,0x1F,0x5C,0x10,0xF7,0x7F,0x82,0x08,0x40,0x10,0x20,0x20,/*"��",11*/
      |                                                                                }}
  467 | "ff",0x40,0x00,0x80,0x00,0xFF,0x7F,0x20,0x00,0x20,0x00,0x10,0x04,0x08,0x08,0xFC,0x1F,
      | {    {
  468 | 0x20,0x12,0x20,0x02,0x20,0x02,0x20,0x02,0x10,0x22,0x10,0x22,0x08,0x22,0x06,0x3C,/*"��",12*/
      |                                                                                }}
  469 | "ff",0x04,0x00,0x84,0x7F,0xBC,0x00,0x8A,0x00,0x89,0x00,0x88,0x3F,0x88,0x20,0xFF,0x20,
      | {    {
  470 | 0x88,0x20,0x88,0x20,0x88,0x3F,0x94,0x00,0xA4,0x00,0xA2,0x00,0x82,0x7F,0x01,0x00,/*"��",13*/
      |                                                                                }}
  471 | "ff",0x00,0x00,0xFE,0x21,0x48,0x20,0x48,0x10,0x48,0x08,0x48,0x44,0x48,0x40,0xFF,0x23,
      | {    {
  472 | 0x48,0x10,0x48,0x08,0x48,0x44,0x48,0x40,0x44,0x20,0x44,0x10,0x42,0x08,0x41,0x06,/*"��",14*/
      |                                                                                }}
  473 | "ff",0x00,0x00,0xFF,0x7F,0x00,0x00,0x00,0x00,0xF2,0x27,0x92,0x24,0x92,0x24,0xF2,0x27,
      | {    {
  474 | 0x92,0x24,0x92,0x24,0x92,0x24,0xF2,0x27,0x02,0x20,0x02,0x20,0xFE,0x3F,0x00,0x20,/*"��",15*/
      |                                                                                }}
  475 | "ff",0x00,0x00,0xFE,0x3F,0x02,0x20,0xF2,0x27,0x12,0x24,0xF2,0x27,0x02,0x20,0xFA,0x2F,
      | {    {
  476 | 0x0A,0x28,0x8A,0x28,0x8A,0x28,0x4A,0x29,0x22,0x22,0x12,0x24,0xFE,0x3F,0x02,0x20,/*"Բ",16*/
      |                                                                                }}
  477 | "ff",0x00,0x00,0xFE,0x3F,0x42,0x20,0x42,0x20,0xE2,0x27,0x32,0x22,0x4A,0x21,0x82,0x20,
      | {    {
  478 | 0x62,0x23,0x1E,0x3C,0xC2,0x20,0x02,0x21,0x62,0x20,0x82,0x21,0xFE,0x3F,0x02,0x20,/*"ͼ",17*/
      |                                                                                }}
  479 | "ff",0x00,0x02,0x08,0x02,0x08,0x02,0x08,0x02,0x08,0x02,0xF8,0x3F,0x08,0x00,0x08,0x00,
      | {    {
  480 | 0x08,0x00,0xF8,0x07,0x08,0x04,0x08,0x04,0x08,0x04,0x04,0x04,0x04,0x04,0x02,0x04,/*"Ƭ",18*/
      |                                                                                }}
  481 | "ff",0x00,0x00,0xF8,0x0F,0x08,0x08,0x08,0x08,0xF8,0x0F,0x08,0x08,0x08,0x08,0xF8,0x0F,
      | {    {
  482 | 0x20,0x02,0x22,0x22,0x24,0x22,0x28,0x12,0x28,0x0A,0x20,0x02,0xFF,0x7F,0x00,0x00,/*"��",19*/
      |                                                                                }}
  483 | "ff",0x00,0x00,0xFC,0x1F,0x00,0x00,0x00,0x00,0x00,0x00,0x00,0x00,0xFF,0x7F,0x80,0x00,
      | {    {
  484 | 0x80,0x00,0x88,0x08,0x88,0x10,0x84,0x20,0x82,0x40,0x81,0x40,0xA0,0x00,0x40,0x00,/*"ʾ",20*/
      |                                                                                }}
  485 | "ff",0x10,0x04,0x10,0x04,0xFF,0x7F,0x10,0x04,0x00,0x08,0x00,0x1F,0xFC,0x00,0x88,0x08,
      | {    {
  486 | 0x10,0x04,0x80,0x00,0xFE,0x3F,0xA0,0x02,0x90,0x04,0x8C,0x18,0x83,0x60,0x80,0x00,/*"��",21*/
      |                                                                                }}
  487 | "ff",0x08,0x08,0x10,0x04,0x20,0x02,0xFC,0x1F,0x84,0x10,0x84,0x10,0xFC,0x1F,0x84,0x10,
      | {    {
  488 | 0x84,0x10,0xFC,0x1F,0x80,0x00,0x80,0x00,0xFF,0x7F,0x80,0x00,0x80,0x00,0x80,0x00,/*"��",22*/
      |                                                                                }}
  489 | "ff",0x10,0x04,0x10,0x04,0xFF,0x7F,0x10,0x04,0x80,0x00,0x80,0x00,0xF8,0x0F,0x88,0x08,
      | {    {
  490 | 0x88,0x08,0x88,0x08,0xFF,0x7F,0x40,0x01,0x20,0x02,0x10,0x04,0x0C,0x18,0x03,0x60,/*"Ӣ",23*/
      |                                                                                }}
  491 | "ff",0x40,0x00,0x80,0x00,0x80,0x00,0xFF,0x7F,0x08,0x08,0x08,0x08,0x10,0x04,0x10,0x04,
      | {    {
  492 | 0x20,0x02,0x40,0x01,0x80,0x00,0x40,0x01,0x20,0x02,0x10,0x04,0x0C,0x18,0x03,0x60,/*"��",24*/
      |                                                                                }}
  493 | "ff",0x08,0x02,0x08,0x04,0xC4,0x7F,0x44,0x40,0x12,0x00,0x9F,0x3F,0x08,0x00,0x04,0x00,
      | {    {
  494 | 0xC2,0x7F,0x1F,0x04,0x82,0x14,0x80,0x24,0x58,0x44,0x27,0x44,0x02,0x05,0x00,0x02,/*"��",25*/
      |                                                                                }}
  495 | "ff",0x80,0x00,0x80,0x00,0x40,0x01,0x20,0x02,0x10,0x04,0x0C,0x18,0xF3,0x67,0x00,0x00,
      | {    {
  496 | 0x00,0x00,0xF8,0x0F,0x08,0x08,0x08,0x08,0x08,0x08,0x08,0x08,0xF8,0x0F,0x08,0x08,/*"��",26*/
      |                                                                                }}
  497 | "ff",0x40,0x00,0x80,0x00,0xFE,0x3F,0x00,0x00,0xF8,0x0F,0x08,0x08,0xF8,0x0F,0x00,0x00,
      | {    {
  498 | 0xFE,0x7F,0x02,0x40,0xF1,0x27,0x10,0x04,0x10,0x04,0x08,0x44,0x04,0x44,0x03,0x78,/*"��",27*/
      |                                                                                }}
  499 | "ff",0x80,0x00,0x00,0x01,0xFC,0x7F,0x44,0x04,0x44,0x04,0xFC,0x3F,0x44,0x04,0x44,0x04,
      | {    {
  500 | 0xC4,0x07,0x04,0x00,0xF4,0x0F,0x24,0x08,0x42,0x04,0x82,0x03,0x61,0x0C,0x1C,0x70,/*"��",28*/
      |                                                                                }}
  501 | "ff",0x00,0x20,0xE4,0x23,0x28,0x22,0x28,0x2A,0xA1,0x2A,0xA2,0x2A,0xA2,0x2A,0xA8,0x2A,
      | {    {
  502 | 0xA8,0x2A,0xA4,0x2A,0xA7,0x2A,0x84,0x20,0x44,0x21,0x44,0x22,0x24,0x28,0x10,0x10,/*"��",29*/
      |                                                                                }}
  503 | "ff",0x00,0x14,0x04,0x24,0x08,0x24,0x08,0x04,0xE0,0x7F,0x00,0x04,0x0F,0x04,0xE8,0x07,
      | {    {
  504 | 0x88,0x04,0x88,0x08,0x88,0x08,0xA8,0x08,0x98,0x53,0xE8,0x50,0x40,0x60,0x00,0x40,/*"��",30*/
      |                                                                                }}
  505 | "ff",0x10,0x00,0xB8,0x3F,0x8F,0x20,0x88,0x20,0x88,0x20,0xBF,0x3F,0x08,0x00,0x0C,0x00,
      | {    {
  506 | 0x9C,0x7F,0x2A,0x04,0x2A,0x04,0x89,0x3F,0x08,0x04,0x08,0x04,0xC8,0x7F,0x08,0x00,/*"��",31*/
      |                                                                                }}
  507 | "ff",0x80,0x00,0x00,0x01,0xFC,0x7F,0x04,0x00,0xC4,0x1F,0x04,0x08,0x04,0x05,0x04,0x02,
      | {    {
  508 | 0xF4,0x7F,0x04,0x42,0x04,0x22,0x04,0x02,0x02,0x02,0x02,0x02,0x81,0x02,0x00,0x01,/*"��",32*/
      |                                                                                }}
  509 | "ff",0x00,0x00,0xE2,0x3F,0x24,0x22,0x24,0x22,0xA0,0x2F,0x20,0x22,0x27,0x22,0xE4,0x3F,
      | {    {
  510 | 0x24,0x20,0xA4,0x2F,0xA4,0x28,0xB4,0x28,0xAC,0x2F,0x24,0x20,0x20,0x28,0x10,0x10,/*"��",33*/
      |                                                                                }}
  511 | "ff",0x80,0x00,0x84,0x10,0x88,0x10,0x90,0x08,0x90,0x04,0x80,0x00,0xFF,0x7F,0x20,0x02,
      | {    {
  512 | 0x20,0x02,0x20,0x02,0x20,0x02,0x10,0x42,0x10,0x42,0x08,0x42,0x04,0x7C,0x03,0x00,/*"��",34*/
      |                                                                                }}
  513 | "ff",0x10,0x10,0x12,0x38,0x92,0x07,0x92,0x00,0x92,0x00,0xBE,0x3F,0x82,0x22,0x82,0x22,
      | {    {
  514 | 0x9E,0x22,0x92,0x14,0x92,0x14,0x92,0x08,0x92,0x08,0x52,0x14,0x52,0x22,0x31,0x41,/*"��",35*/
      |                                                                                }}
  515 | "ff",0x08,0x00,0xC8,0x3F,0x88,0x20,0x88,0x20,0xBF,0x20,0x08,0x11,0x0C,0x11,0x1C,0x11,
      | {    {
  516 | 0x2A,0x0A,0x2A,0x0A,0x09,0x04,0x08,0x04,0x08,0x0A,0x08,0x11,0x88,0x20,0x68,0x40,/*"Ȩ",36*/
      |                                                                                }}
  517 | "ff",0x40,0x10,0xE0,0x38,0x1C,0x07,0x04,0x01,0x04,0x01,0x7C,0x01,0x44,0x7F,0x44,0x11,
      | {    {
  518 | 0x44,0x11,0x7C,0x11,0x04,0x11,0x04,0x11,0x82,0x10,0x82,0x10,0x41,0x10,0x20,0x10,/*"��",37*/
  519 | };
      | }}
../Core/Inc/lcdfont.h:529:29: warning: missing braces around initializer [-Wmissing-braces]
  529 | const typFNT_GB24 tfont24[]={
      |                             ^
  530 | 
  531 | "ff",0x00,0x00,0x00,0x00,0x00,0x00,0x00,0x18,0x00,0x00,0x08,0x00,0x00,0x08,0x00,0x00,
      | {    {
......
  535 | 0x18,0x00,0x00,0x18,0x00,0x00,0x00,0x00,/*"��",0*/
      |                                        }}
arm-none-eabi-gcc "../Core/Src/sysmem.c" -mcpu=cortex-m4 -std=gnu11 -g3 -DDEBUG -DUSE_HAL_DRIVER -DSTM32F407xx -c -I../Core/Inc -I../Drivers/STM32F4xx_HAL_Driver/Inc -I../Drivers/STM32F4xx_HAL_Driver/Inc/Legacy -I../Drivers/CMSIS/Device/ST/STM32F4xx/Include -I../Drivers/CMSIS/Include -O0 -ffunction-sections -fdata-sections -Wall -fstack-usage -MMD -MP -MF"Core/Src/sysmem.d" -MT"Core/Src/sysmem.o" --specs=nano.specs -mfpu=fpv4-sp-d16 -mfloat-abi=hard -mthumb -o "Core/Src/sysmem.o"
  536 | 
  537 | "ff",0x00,0x00,0x00,0x00,0x00,0x00,0x40,0x00,0x06,0xC0,0xFF,0x07,0x40,0x00,0x06,0xC0,
      | {    {
......
  541 | 0x1E,0x30,0x00,0x1C,0x00,0x00,0x00,0x00,/*"��",1*/
      |                                        }}
  542 | 
  543 | "ff",0x00,0x00,0x00,0x00,0x00,0x00,0x08,0x00,0x30,0xF8,0xFF,0x1F,0x08,0x00,0x10,0x08,
      | {    {
......
  547 | 0xFF,0x1F,0x08,0x00,0x10,0x00,0x00,0x00,/*"԰",2*/
      |                                        }}
  548 | 
  549 | "ff",0x00,0x00,0x00,0x00,0x00,0x00,0x00,0x18,0x00,0x00,0x08,0x00,0x00,0x08,0x00,0x00,
      | {    {
......
  553 | 0x18,0x30,0x00,0xF0,0x1F,0x00,0x00,0x00,/*"��",3*/
      |                                        }}
  554 | 
  555 | "ff",0x00,0x00,0x00,0x00,0x00,0x00,0x00,0x00,0x04,0xF0,0xFF,0x0F,0x00,0x00,0x06,0x00,
      | {    {
......
  561 | };
      | }}
../Core/Inc/lcdfont.h:571:29: warning: missing braces around initializer [-Wmissing-braces]
  571 | const typFNT_GB32 tfont32[]={
      |                             ^
  572 | "ff",0x00,0x00,0x00,0x00,0x00,0x00,0x00,0x00,0x00,0x80,0x00,0x00,0x00,0x80,0x01,0x00,
      | {    {
......
  579 | 0x00,0x80,0x01,0x00,0x00,0x80,0x01,0x00,0x00,0x80,0x00,0x00,0x00,0x00,0x00,0x00,/*"��",0*/
      |                                                                                }}
  580 | "ff",0x00,0x00,0x00,0x00,0x00,0x00,0x00,0x00,0x00,0x00,0x00,0x00,0x00,0x01,0x80,0x01,
      | {    {
......
  587 | 0x18,0x98,0x01,0x1C,0x04,0xE0,0x01,0x18,0x00,0xC0,0x00,0x00,0x00,0x00,0x00,0x00,/*"��",1*/
      |                                                                                }}
  588 | "ff",0x00,0x00,0x00,0x00,0x00,0x00,0x00,0x00,0x00,0x00,0x00,0x08,0xF0,0xFF,0xFF,0x1F,
      | {    {
......
  595 | 0xF0,0xFF,0xFF,0x0F,0x30,0x00,0x00,0x0C,0x10,0x00,0x00,0x04,0x00,0x00,0x00,0x00,/*"԰",2*/
      |                                                                                }}
  596 | "ff",0x00,0x00,0x00,0x00,0x00,0x00,0x00,0x00,0x00,0xC0,0x00,0x00,0x00,0xC0,0x01,0x00,
      | {    {
......
  603 | 0x00,0xC0,0x01,0x38,0x00,0x80,0xFF,0x1F,0x00,0x00,0x00,0x00,0x00,0x00,0x00,0x00,/*"��",3*/
      |                                                                                }}
  604 | "ff",0x00,0x00,0x00,0x00,0x00,0x00,0x00,0x00,0x00,0x00,0x00,0x00,0x00,0x00,0x00,0x03,
      | {    {
......
  612 | };
      | }}
../Core/Src/lcd.c: In function 'lcd_Clear':
../Core/Src/lcd.c:109:10: warning: variable 'buffer' set but not used [-Wunused-but-set-variable]
  109 |  uint8_t buffer[2];
      |          ^~~~~~
../Core/Src/lcd.c: In function 'DrawTestPage':
../Core/Src/lcd.c:601:35: warning: pointer targets in passing argument 3 of 'lcd_StrCenter' differ in signedness [-Wpointer-sign]
  601 |  lcd_StrCenter(0,lcddev.height-18,"Test page",WHITE,BLUE,16,1);
      |                                   ^~~~~~~~~~~
      |                                   |
      |                                   char *
arm-none-eabi-gcc "../Core/Src/system_stm32f4xx.c" -mcpu=cortex-m4 -std=gnu11 -g3 -DDEBUG -DUSE_HAL_DRIVER -DSTM32F407xx -c -I../Core/Inc -I../Drivers/STM32F4xx_HAL_Driver/Inc -I../Drivers/STM32F4xx_HAL_Driver/Inc/Legacy -I../Drivers/CMSIS/Device/ST/STM32F4xx/Include -I../Drivers/CMSIS/Include -O0 -ffunction-sections -fdata-sections -Wall -fstack-usage -MMD -MP -MF"Core/Src/system_stm32f4xx.d" -MT"Core/Src/system_stm32f4xx.o" --specs=nano.specs -mfpu=fpv4-sp-d16 -mfloat-abi=hard -mthumb -o "Core/Src/system_stm32f4xx.o"
../Core/Src/lcd.c:590:52: note: expected 'uint8_t *' {aka 'unsigned char *'} but argument is of type 'char *'
  590 | void lcd_StrCenter(uint16_t x, uint16_t y,uint8_t *str,uint16_t fc,uint16_t bc,uint8_t sizey,uint8_t mode)
      |                                           ~~~~~~~~~^~~
../Core/Src/lcd.c: In function 'lcd_ShowBackground':
../Core/Src/lcd.c:606:17: warning: pointer targets in passing argument 1 of 'DrawTestPage' differ in signedness [-Wpointer-sign]
  606 |    DrawTestPage("Test Kit");
      |                 ^~~~~~~~~~
      |                 |
      |                 char *
../Core/Src/lcd.c:596:28: note: expected 'uint8_t *' {aka 'unsigned char *'} but argument is of type 'char *'
  596 | void DrawTestPage(uint8_t *str)
      |                   ~~~~~~~~~^~~
../Core/Src/lcd.c: In function 'lcd_Display':
../Core/Src/lcd.c:612:10: warning: unused variable 'buffer' [-Wunused-variable]
  612 |  uint8_t buffer[2];
      |          ^~~~~~
../Core/Src/lcd.c:624:4: warning: 'send' may be used uninitialized in this function [-Wmaybe-uninitialized]
  624 |    LCD_WR_DATA(send);
      |    ^~~~~~~~~~~~~~~~~
arm-none-eabi-gcc "../Core/Src/tim.c" -mcpu=cortex-m4 -std=gnu11 -g3 -DDEBUG -DUSE_HAL_DRIVER -DSTM32F407xx -c -I../Core/Inc -I../Drivers/STM32F4xx_HAL_Driver/Inc -I../Drivers/STM32F4xx_HAL_Driver/Inc/Legacy -I../Drivers/CMSIS/Device/ST/STM32F4xx/Include -I../Drivers/CMSIS/Include -O0 -ffunction-sections -fdata-sections -Wall -fstack-usage -MMD -MP -MF"Core/Src/tim.d" -MT"Core/Src/tim.o" --specs=nano.specs -mfpu=fpv4-sp-d16 -mfloat-abi=hard -mthumb -o "Core/Src/tim.o"
arm-none-eabi-gcc "../Core/Src/uart.c" -mcpu=cortex-m4 -std=gnu11 -g3 -DDEBUG -DUSE_HAL_DRIVER -DSTM32F407xx -c -I../Core/Inc -I../Drivers/STM32F4xx_HAL_Driver/Inc -I../Drivers/STM32F4xx_HAL_Driver/Inc/Legacy -I../Drivers/CMSIS/Device/ST/STM32F4xx/Include -I../Drivers/CMSIS/Include -O0 -ffunction-sections -fdata-sections -Wall -fstack-usage -MMD -MP -MF"Core/Src/uart.d" -MT"Core/Src/uart.o" --specs=nano.specs -mfpu=fpv4-sp-d16 -mfloat-abi=hard -mthumb -o "Core/Src/uart.o"
arm-none-eabi-gcc "../Core/Src/usart.c" -mcpu=cortex-m4 -std=gnu11 -g3 -DDEBUG -DUSE_HAL_DRIVER -DSTM32F407xx -c -I../Core/Inc -I../Drivers/STM32F4xx_HAL_Driver/Inc -I../Drivers/STM32F4xx_HAL_Driver/Inc/Legacy -I../Drivers/CMSIS/Device/ST/STM32F4xx/Include -I../Drivers/CMSIS/Include -O0 -ffunction-sections -fdata-sections -Wall -fstack-usage -MMD -MP -MF"Core/Src/usart.d" -MT"Core/Src/usart.o" --specs=nano.specs -mfpu=fpv4-sp-d16 -mfloat-abi=hard -mthumb -o "Core/Src/usart.o"
../Core/Src/software_timer.c: In function 'HAL_TIM_PeriodElapsedCallback':
../Core/Src/software_timer.c:36:3: warning: implicit declaration of function 'led7_Scan' [-Wimplicit-function-declaration]
   36 |   led7_Scan();
      |   ^~~~~~~~~
../Core/Src/main.c: In function 'main':
../Core/Src/main.c:125:23: warning: pointer targets in passing argument 3 of 'lcd_StrCenter' differ in signedness [-Wpointer-sign]
  125 |   lcd_StrCenter(0, 0, "Xin chao cac ban", WHITE, BLUE, 16, 0);
      |                       ^~~~~~~~~~~~~~~~~~
      |                       |
      |                       char *
In file included from ../Core/Src/main.c:37:
../Core/Inc/lcd.h:118:52: note: expected 'uint8_t *' {aka 'unsigned char *'} but argument is of type 'char *'
  118 | void lcd_StrCenter(uint16_t x, uint16_t y,uint8_t *str,uint16_t fc,uint16_t bc,uint8_t sizey,uint8_t mode);
      |                                           ~~~~~~~~~^~~
../Core/Src/main.c:126:23: warning: pointer targets in passing argument 3 of 'lcd_ShowStr' differ in signedness [-Wpointer-sign]
  126 |   lcd_ShowStr(30, 30, "Ten: Thinh", RED, YELLOW, 24, 0);
      |                       ^~~~~~~~~~~~
      |                       |
      |                       char *
In file included from ../Core/Src/main.c:37:
../Core/Inc/lcd.h:117:50: note: expected 'uint8_t *' {aka 'unsigned char *'} but argument is of type 'char *'
  117 | void lcd_ShowStr(uint16_t x, uint16_t y,uint8_t *str,uint16_t fc, uint16_t bc,uint8_t sizey,uint8_t mode);
      |                                         ~~~~~~~~~^~~
../Core/Src/main.c:127:23: warning: pointer targets in passing argument 3 of 'lcd_ShowStr' differ in signedness [-Wpointer-sign]
  127 |   lcd_ShowStr(30, 60, "Nam sinh:", GREEN, BLACK, 24, 0);
      |                       ^~~~~~~~~~~
      |                       |
      |                       char *
In file included from ../Core/Src/main.c:37:
../Core/Inc/lcd.h:117:50: note: expected 'uint8_t *' {aka 'unsigned char *'} but argument is of type 'char *'
  117 | void lcd_ShowStr(uint16_t x, uint16_t y,uint8_t *str,uint16_t fc, uint16_t bc,uint8_t sizey,uint8_t mode);
      |                                         ~~~~~~~~~^~~
../Core/Src/main.c:131:24: warning: pointer targets in passing argument 1 of 'uart_Rs232SendString' differ in signedness [-Wpointer-sign]
  131 |   uart_Rs232SendString("Xin chao lop vdk");
      |                        ^~~~~~~~~~~~~~~~~~
      |                        |
      |                        char *
In file included from ../Core/Src/main.c:30:
../Core/Inc/uart.h:17:36: note: expected 'uint8_t *' {aka 'unsigned char *'} but argument is of type 'char *'
   17 | void uart_Rs232SendString(uint8_t* str);
      |                           ~~~~~~~~~^~~
../Core/Src/main.c: In function 'test_Adc':
../Core/Src/main.c:238:24: warning: pointer targets in passing argument 3 of 'lcd_ShowStr' differ in signedness [-Wpointer-sign]
  238 |   lcd_ShowStr(10, 100, "Voltage:", RED, BLACK, 16, 0);
      |                        ^~~~~~~~~~
      |                        |
      |                        char *
In file included from ../Core/Src/main.c:37:
../Core/Inc/lcd.h:117:50: note: expected 'uint8_t *' {aka 'unsigned char *'} but argument is of type 'char *'
  117 | void lcd_ShowStr(uint16_t x, uint16_t y,uint8_t *str,uint16_t fc, uint16_t bc,uint8_t sizey,uint8_t mode);
      |                                         ~~~~~~~~~^~~
../Core/Src/main.c:241:24: warning: pointer targets in passing argument 3 of 'lcd_ShowStr' differ in signedness [-Wpointer-sign]
  241 |   lcd_ShowStr(10, 120, "Current:", RED, BLACK, 16, 0);
      |                        ^~~~~~~~~~
      |                        |
      |                        char *
In file included from ../Core/Src/main.c:37:
../Core/Inc/lcd.h:117:50: note: expected 'uint8_t *' {aka 'unsigned char *'} but argument is of type 'char *'
  117 | void lcd_ShowStr(uint16_t x, uint16_t y,uint8_t *str,uint16_t fc, uint16_t bc,uint8_t sizey,uint8_t mode);
      |                                         ~~~~~~~~~^~~
../Core/Src/main.c:244:24: warning: pointer targets in passing argument 3 of 'lcd_ShowStr' differ in signedness [-Wpointer-sign]
  244 |   lcd_ShowStr(10, 140, "Light:", RED, BLACK, 16, 0);
      |                        ^~~~~~~~
      |                        |
      |                        char *
In file included from ../Core/Src/main.c:37:
../Core/Inc/lcd.h:117:50: note: expected 'uint8_t *' {aka 'unsigned char *'} but argument is of type 'char *'
  117 | void lcd_ShowStr(uint16_t x, uint16_t y,uint8_t *str,uint16_t fc, uint16_t bc,uint8_t sizey,uint8_t mode);
      |                                         ~~~~~~~~~^~~
../Core/Src/main.c:246:24: warning: pointer targets in passing argument 3 of 'lcd_ShowStr' differ in signedness [-Wpointer-sign]
  246 |   lcd_ShowStr(10, 160, "Resistor:", RED, BLACK, 16, 0);
      |                        ^~~~~~~~~~~
      |                        |
      |                        char *
In file included from ../Core/Src/main.c:37:
../Core/Inc/lcd.h:117:50: note: expected 'uint8_t *' {aka 'unsigned char *'} but argument is of type 'char *'
  117 | void lcd_ShowStr(uint16_t x, uint16_t y,uint8_t *str,uint16_t fc, uint16_t bc,uint8_t sizey,uint8_t mode);
      |                                         ~~~~~~~~~^~~
../Core/Src/main.c:248:24: warning: pointer targets in passing argument 3 of 'lcd_ShowStr' differ in signedness [-Wpointer-sign]
  248 |   lcd_ShowStr(10, 180, "Temperature:", RED, BLACK, 16, 0);
      |                        ^~~~~~~~~~~~~~
      |                        |
      |                        char *
In file included from ../Core/Src/main.c:37:
../Core/Inc/lcd.h:117:50: note: expected 'uint8_t *' {aka 'unsigned char *'} but argument is of type 'char *'
  117 | void lcd_ShowStr(uint16_t x, uint16_t y,uint8_t *str,uint16_t fc, uint16_t bc,uint8_t sizey,uint8_t mode);
      |                                         ~~~~~~~~~^~~
../Core/Src/main.c: In function 'test_Uart1':
../Core/Src/main.c:259:25: warning: pointer targets in passing argument 1 of 'uart_Rs232SendString' differ in signedness [-Wpointer-sign]
  259 |    uart_Rs232SendString("Resistor: ");
      |                         ^~~~~~~~~~~~
      |                         |
      |                         char *
In file included from ../Core/Src/main.c:30:
../Core/Inc/uart.h:17:36: note: expected 'uint8_t *' {aka 'unsigned char *'} but argument is of type 'char *'
   17 | void uart_Rs232SendString(uint8_t* str);
      |                           ~~~~~~~~~^~~
../Core/Src/main.c:261:25: warning: pointer targets in passing argument 1 of 'uart_Rs232SendString' differ in signedness [-Wpointer-sign]
  261 |    uart_Rs232SendString("\r\n");
      |                         ^~~~~~
      |                         |
      |                         char *
In file included from ../Core/Src/main.c:30:
../Core/Inc/uart.h:17:36: note: expected 'uint8_t *' {aka 'unsigned char *'} but argument is of type 'char *'
   17 | void uart_Rs232SendString(uint8_t* str);
      |                           ~~~~~~~~~^~~
In file included from ../Core/Src/main.c:37:
../Core/Src/main.c: At top level:
../Core/Inc/lcd.h:92:17: warning: inline function 'LCD_RD_DATA' declared but never defined
   92 | inline uint16_t LCD_RD_DATA(void);
      |                 ^~~~~~~~~~~
../Core/Inc/lcd.h:91:13: warning: inline function 'LCD_WR_DATA' declared but never defined
   91 | inline void LCD_WR_DATA(uint16_t data);
      |             ^~~~~~~~~~~
arm-none-eabi-gcc "../Core/Src/utils.c" -mcpu=cortex-m4 -std=gnu11 -g3 -DDEBUG -DUSE_HAL_DRIVER -DSTM32F407xx -c -I../Core/Inc -I../Drivers/STM32F4xx_HAL_Driver/Inc -I../Drivers/STM32F4xx_HAL_Driver/Inc/Legacy -I../Drivers/CMSIS/Device/ST/STM32F4xx/Include -I../Drivers/CMSIS/Include -O0 -ffunction-sections -fdata-sections -Wall -fstack-usage -MMD -MP -MF"Core/Src/utils.d" -MT"Core/Src/utils.o" --specs=nano.specs -mfpu=fpv4-sp-d16 -mfloat-abi=hard -mthumb -o "Core/Src/utils.o"
../Core/Src/uart.c: In function 'uart_Rs232SendNum':
../Core/Src/uart.c:28:35: warning: pointer targets in passing argument 1 of 'uart_Rs232SendString' differ in signedness [-Wpointer-sign]
   28 |  if(num < 0) uart_Rs232SendString("-");
      |                                   ^~~
      |                                   |
      |                                   char *
../Core/Src/uart.c:17:36: note: expected 'uint8_t *' {aka 'unsigned char *'} but argument is of type 'char *'
   17 | void uart_Rs232SendString(uint8_t* str){
      |                           ~~~~~~~~~^~~
../Core/Src/uart.c:31:19: warning: implicit declaration of function 'mypow' [-Wimplicit-function-declaration]
   31 |         if((num / mypow(10, i-1)) != 0)
      |                   ^~~~~
../Core/Src/uart.c:34:34: warning: format '%d' expects argument of type 'int', but argument 3 has type 'long unsigned int' [-Wformat=]
   34 |             sprintf((void*)msg,"%d",num/mypow(10, i-1));
      |                                 ~^  ~~~~~~~~~~~~~~~~~~
      |                                  |     |
      |                                  int   long unsigned int
      |                                 %ld
../Core/Src/uart.c:40:35: warning: pointer targets in passing argument 1 of 'uart_Rs232SendString' differ in signedness [-Wpointer-sign]
   40 |              uart_Rs232SendString("0");
      |                                   ^~~
      |                                   |
      |                                   char *
../Core/Src/uart.c:17:36: note: expected 'uint8_t *' {aka 'unsigned char *'} but argument is of type 'char *'
   17 | void uart_Rs232SendString(uint8_t* str){
      |                           ~~~~~~~~~^~~
../Core/Src/uart.c: In function 'uart_Rs232SendNumPercent':
../Core/Src/uart.c:50:26: warning: pointer targets in passing argument 1 of 'uart_Rs232SendString' differ in signedness [-Wpointer-sign]
   50 |     uart_Rs232SendString(".");
      |                          ^~~
      |                          |
      |                          char *
../Core/Src/uart.c:17:36: note: expected 'uint8_t *' {aka 'unsigned char *'} but argument is of type 'char *'
   17 | void uart_Rs232SendString(uint8_t* str){
      |                           ~~~~~~~~~^~~
arm-none-eabi-gcc -o "Bai7_Uart_1_EMS.elf" @"objects.list"   -mcpu=cortex-m4 -T"D:\abc\stm32\kitv2\Bai7_Uart_1_EMS\STM32F407ZETX_FLASH.ld" --specs=nosys.specs -Wl,-Map="Bai7_Uart_1_EMS.map" -Wl,--gc-sections -static --specs=nano.specs -mfpu=fpv4-sp-d16 -mfloat-abi=hard -mthumb -u _printf_float -Wl,--start-group -lc -lm -Wl,--end-group
Finished building target: Bai7_Uart_1_EMS.elf
 
arm-none-eabi-size   Bai7_Uart_1_EMS.elf 
arm-none-eabi-objdump -h -S  Bai7_Uart_1_EMS.elf  > "Bai7_Uart_1_EMS.list"
arm-none-eabi-objcopy  -O binary  Bai7_Uart_1_EMS.elf  "Bai7_Uart_1_EMS.bin"
   text	   data	    bss	    dec	    hex	filename
  77168	    492	   2460	  80120	  138f8	Bai7_Uart_1_EMS.elf
Finished building: default.size.stdout
 
Finished building: Bai7_Uart_1_EMS.bin
 
Finished building: Bai7_Uart_1_EMS.list
 
01:39:41 **** Incremental Build of configuration Debug for project Bai7_Uart_1_EMS ****
make -j16 all 
arm-none-eabi-gcc "../Core/Src/main.c" -mcpu=cortex-m4 -std=gnu11 -g3 -DDEBUG -DUSE_HAL_DRIVER -DSTM32F407xx -c -I../Core/Inc -I../Drivers/STM32F4xx_HAL_Driver/Inc -I../Drivers/STM32F4xx_HAL_Driver/Inc/Legacy -I../Drivers/CMSIS/Device/ST/STM32F4xx/Include -I../Drivers/CMSIS/Include -O0 -ffunction-sections -fdata-sections -Wall -fstack-usage -MMD -MP -MF"Core/Src/main.d" -MT"Core/Src/main.o" --specs=nano.specs -mfpu=fpv4-sp-d16 -mfloat-abi=hard -mthumb -o "Core/Src/main.o"
../Core/Src/main.c: In function 'main':
../Core/Src/main.c:179:23: warning: pointer targets in passing argument 3 of 'lcd_StrCenter' differ in signedness [-Wpointer-sign]
  179 |   lcd_StrCenter(0, 0, "Xin chao cac ban", WHITE, BLUE, 16, 0);
      |                       ^~~~~~~~~~~~~~~~~~
      |                       |
      |                       char *
In file included from ../Core/Src/main.c:37:
../Core/Inc/lcd.h:118:52: note: expected 'uint8_t *' {aka 'unsigned char *'} but argument is of type 'char *'
  118 | void lcd_StrCenter(uint16_t x, uint16_t y,uint8_t *str,uint16_t fc,uint16_t bc,uint8_t sizey,uint8_t mode);
      |                                           ~~~~~~~~~^~~
../Core/Src/main.c:180:23: warning: pointer targets in passing argument 3 of 'lcd_ShowStr' differ in signedness [-Wpointer-sign]
  180 |   lcd_ShowStr(30, 30, "Ten: Thinh", RED, YELLOW, 24, 0);
      |                       ^~~~~~~~~~~~
      |                       |
      |                       char *
In file included from ../Core/Src/main.c:37:
../Core/Inc/lcd.h:117:50: note: expected 'uint8_t *' {aka 'unsigned char *'} but argument is of type 'char *'
  117 | void lcd_ShowStr(uint16_t x, uint16_t y,uint8_t *str,uint16_t fc, uint16_t bc,uint8_t sizey,uint8_t mode);
      |                                         ~~~~~~~~~^~~
../Core/Src/main.c:181:23: warning: pointer targets in passing argument 3 of 'lcd_ShowStr' differ in signedness [-Wpointer-sign]
  181 |   lcd_ShowStr(30, 60, "Nam sinh:", GREEN, BLACK, 24, 0);
      |                       ^~~~~~~~~~~
      |                       |
      |                       char *
In file included from ../Core/Src/main.c:37:
../Core/Inc/lcd.h:117:50: note: expected 'uint8_t *' {aka 'unsigned char *'} but argument is of type 'char *'
  117 | void lcd_ShowStr(uint16_t x, uint16_t y,uint8_t *str,uint16_t fc, uint16_t bc,uint8_t sizey,uint8_t mode);
      |                                         ~~~~~~~~~^~~
../Core/Src/main.c:185:24: warning: pointer targets in passing argument 1 of 'uart_Rs232SendString' differ in signedness [-Wpointer-sign]
  185 |   uart_Rs232SendString("Xin chao lop vdk");
      |                        ^~~~~~~~~~~~~~~~~~
      |                        |
      |                        char *
In file included from ../Core/Src/main.c:30:
../Core/Inc/uart.h:17:36: note: expected 'uint8_t *' {aka 'unsigned char *'} but argument is of type 'char *'
   17 | void uart_Rs232SendString(uint8_t* str);
      |                           ~~~~~~~~~^~~
../Core/Src/main.c: In function 'GetSensor':
../Core/Src/main.c:289:17: warning: array subscript has type 'char' [-Wchar-subscripts]
  289 |     dataOfSensor[indexOfData] = rawSensor;
      |                 ^
../Core/Src/main.c:296:57: warning: array subscript has type 'char' [-Wchar-subscripts]
  296 |         averageSensor_0 = averageSensor_0 + dataOfSensor[indexOfData_10];
      |                                                         ^
../Core/Src/main.c:304:27: warning: pointer targets in passing argument 3 of 'lcd_ShowStr' differ in signedness [-Wpointer-sign]
  304 |     lcd_ShowStr(20, 270,  "Alarm:", BRED, BLACK, 16, 0);
      |                           ^~~~~~~~
      |                           |
      |                           char *
In file included from ../Core/Src/main.c:37:
../Core/Inc/lcd.h:117:50: note: expected 'uint8_t *' {aka 'unsigned char *'} but argument is of type 'char *'
  117 | void lcd_ShowStr(uint16_t x, uint16_t y,uint8_t *str,uint16_t fc, uint16_t bc,uint8_t sizey,uint8_t mode);
      |                                         ~~~~~~~~~^~~
../Core/Src/main.c:305:38: warning: pointer targets in passing argument 3 of 'lcd_ShowStr' differ in signedness [-Wpointer-sign]
  305 |     if(alarm) lcd_ShowStr(180, 270,  "ON ", BRED, BLACK, 16, 0);
      |                                      ^~~~~
      |                                      |
      |                                      char *
In file included from ../Core/Src/main.c:37:
../Core/Inc/lcd.h:117:50: note: expected 'uint8_t *' {aka 'unsigned char *'} but argument is of type 'char *'
  117 | void lcd_ShowStr(uint16_t x, uint16_t y,uint8_t *str,uint16_t fc, uint16_t bc,uint8_t sizey,uint8_t mode);
      |                                         ~~~~~~~~~^~~
../Core/Src/main.c:306:33: warning: pointer targets in passing argument 3 of 'lcd_ShowStr' differ in signedness [-Wpointer-sign]
  306 |     else lcd_ShowStr(180, 270,  "OFF", BRED, BLACK, 16, 0);
      |                                 ^~~~~
      |                                 |
      |                                 char *
In file included from ../Core/Src/main.c:37:
../Core/Inc/lcd.h:117:50: note: expected 'uint8_t *' {aka 'unsigned char *'} but argument is of type 'char *'
  117 | void lcd_ShowStr(uint16_t x, uint16_t y,uint8_t *str,uint16_t fc, uint16_t bc,uint8_t sizey,uint8_t mode);
      |                                         ~~~~~~~~~^~~
../Core/Src/main.c: In function 'SimulateFull_Gimat':
../Core/Src/main.c:333:30: warning: pointer targets in passing argument 3 of 'lcd_ShowStr' differ in signedness [-Wpointer-sign]
  333 |         lcd_ShowStr(20, 30,  "ADC value:", GREEN, BLACK, 16, 0);
      |                              ^~~~~~~~~~~~
      |                              |
      |                              char *
In file included from ../Core/Src/main.c:37:
../Core/Inc/lcd.h:117:50: note: expected 'uint8_t *' {aka 'unsigned char *'} but argument is of type 'char *'
  117 | void lcd_ShowStr(uint16_t x, uint16_t y,uint8_t *str,uint16_t fc, uint16_t bc,uint8_t sizey,uint8_t mode);
      |                                         ~~~~~~~~~^~~
../Core/Src/main.c:335:30: warning: pointer targets in passing argument 3 of 'lcd_ShowStr' differ in signedness [-Wpointer-sign]
  335 |         lcd_ShowStr(20, 60,  "pH value:", WHITE, BLACK, 16, 0);
      |                              ^~~~~~~~~~~
      |                              |
      |                              char *
In file included from ../Core/Src/main.c:37:
../Core/Inc/lcd.h:117:50: note: expected 'uint8_t *' {aka 'unsigned char *'} but argument is of type 'char *'
  117 | void lcd_ShowStr(uint16_t x, uint16_t y,uint8_t *str,uint16_t fc, uint16_t bc,uint8_t sizey,uint8_t mode);
      |                                         ~~~~~~~~~^~~
../Core/Src/main.c:337:30: warning: pointer targets in passing argument 3 of 'lcd_ShowStr' differ in signedness [-Wpointer-sign]
  337 |         lcd_ShowStr(20, 90,  "SS value:", WHITE, BLACK, 16, 0);
      |                              ^~~~~~~~~~~
      |                              |
      |                              char *
In file included from ../Core/Src/main.c:37:
../Core/Inc/lcd.h:117:50: note: expected 'uint8_t *' {aka 'unsigned char *'} but argument is of type 'char *'
  117 | void lcd_ShowStr(uint16_t x, uint16_t y,uint8_t *str,uint16_t fc, uint16_t bc,uint8_t sizey,uint8_t mode);
      |                                         ~~~~~~~~~^~~
../Core/Src/main.c:339:31: warning: pointer targets in passing argument 3 of 'lcd_ShowStr' differ in signedness [-Wpointer-sign]
  339 |         lcd_ShowStr(20, 120,  "CSB value:", WHITE, BLACK, 16, 0);
      |                               ^~~~~~~~~~~~
      |                               |
      |                               char *
In file included from ../Core/Src/main.c:37:
../Core/Inc/lcd.h:117:50: note: expected 'uint8_t *' {aka 'unsigned char *'} but argument is of type 'char *'
  117 | void lcd_ShowStr(uint16_t x, uint16_t y,uint8_t *str,uint16_t fc, uint16_t bc,uint8_t sizey,uint8_t mode);
      |                                         ~~~~~~~~~^~~
../Core/Src/main.c:341:31: warning: pointer targets in passing argument 3 of 'lcd_ShowStr' differ in signedness [-Wpointer-sign]
  341 |         lcd_ShowStr(20, 150,  "Temperature value:", RED, BLACK, 16, 0);
      |                               ^~~~~~~~~~~~~~~~~~~~
      |                               |
      |                               char *
In file included from ../Core/Src/main.c:37:
../Core/Inc/lcd.h:117:50: note: expected 'uint8_t *' {aka 'unsigned char *'} but argument is of type 'char *'
  117 | void lcd_ShowStr(uint16_t x, uint16_t y,uint8_t *str,uint16_t fc, uint16_t bc,uint8_t sizey,uint8_t mode);
      |                                         ~~~~~~~~~^~~
../Core/Src/main.c:343:31: warning: pointer targets in passing argument 3 of 'lcd_ShowStr' differ in signedness [-Wpointer-sign]
  343 |         lcd_ShowStr(20, 180,  "NH4 value:", WHITE, BLACK, 16, 0);
      |                               ^~~~~~~~~~~~
      |                               |
      |                               char *
In file included from ../Core/Src/main.c:37:
../Core/Inc/lcd.h:117:50: note: expected 'uint8_t *' {aka 'unsigned char *'} but argument is of type 'char *'
  117 | void lcd_ShowStr(uint16_t x, uint16_t y,uint8_t *str,uint16_t fc, uint16_t bc,uint8_t sizey,uint8_t mode);
      |                                         ~~~~~~~~~^~~
../Core/Src/main.c:345:31: warning: pointer targets in passing argument 3 of 'lcd_ShowStr' differ in signedness [-Wpointer-sign]
  345 |         lcd_ShowStr(20, 210,  "NO3 value:", WHITE, BLACK, 16, 0);
      |                               ^~~~~~~~~~~~
      |                               |
      |                               char *
In file included from ../Core/Src/main.c:37:
../Core/Inc/lcd.h:117:50: note: expected 'uint8_t *' {aka 'unsigned char *'} but argument is of type 'char *'
  117 | void lcd_ShowStr(uint16_t x, uint16_t y,uint8_t *str,uint16_t fc, uint16_t bc,uint8_t sizey,uint8_t mode);
      |                                         ~~~~~~~~~^~~
../Core/Src/main.c:347:31: warning: pointer targets in passing argument 3 of 'lcd_ShowStr' differ in signedness [-Wpointer-sign]
  347 |         lcd_ShowStr(20, 240,  "FLOW value:", WHITE, BLACK, 16, 0);
      |                               ^~~~~~~~~~~~~
      |                               |
      |                               char *
In file included from ../Core/Src/main.c:37:
../Core/Inc/lcd.h:117:50: note: expected 'uint8_t *' {aka 'unsigned char *'} but argument is of type 'char *'
  117 | void lcd_ShowStr(uint16_t x, uint16_t y,uint8_t *str,uint16_t fc, uint16_t bc,uint8_t sizey,uint8_t mode);
      |                                         ~~~~~~~~~^~~
../Core/Src/main.c:350:30: warning: pointer targets in passing argument 1 of 'uart_Rs232SendString' differ in signedness [-Wpointer-sign]
  350 |         uart_Rs232SendString("20.04.16 09:12:07  pH=  ");
      |                              ^~~~~~~~~~~~~~~~~~~~~~~~~~
      |                              |
      |                              char *
In file included from ../Core/Src/main.c:30:
../Core/Inc/uart.h:17:36: note: expected 'uint8_t *' {aka 'unsigned char *'} but argument is of type 'char *'
   17 | void uart_Rs232SendString(uint8_t* str);
      |                           ~~~~~~~~~^~~
../Core/Src/main.c:352:30: warning: pointer targets in passing argument 1 of 'uart_Rs232SendString' differ in signedness [-Wpointer-sign]
  352 |         uart_Rs232SendString(" pH SS= ");
      |                              ^~~~~~~~~~
      |                              |
      |                              char *
In file included from ../Core/Src/main.c:30:
../Core/Inc/uart.h:17:36: note: expected 'uint8_t *' {aka 'unsigned char *'} but argument is of type 'char *'
   17 | void uart_Rs232SendString(uint8_t* str);
      |                           ~~~~~~~~~^~~
../Core/Src/main.c:354:30: warning: pointer targets in passing argument 1 of 'uart_Rs232SendString' differ in signedness [-Wpointer-sign]
  354 |         uart_Rs232SendString(" mg/l CSB= ");
      |                              ^~~~~~~~~~~~~
      |                              |
      |                              char *
In file included from ../Core/Src/main.c:30:
../Core/Inc/uart.h:17:36: note: expected 'uint8_t *' {aka 'unsigned char *'} but argument is of type 'char *'
   17 | void uart_Rs232SendString(uint8_t* str);
      |                           ~~~~~~~~~^~~
../Core/Src/main.c:356:30: warning: pointer targets in passing argument 1 of 'uart_Rs232SendString' differ in signedness [-Wpointer-sign]
  356 |         uart_Rs232SendString(" mg/l TMP= ");
      |                              ^~~~~~~~~~~~~
      |                              |
      |                              char *
In file included from ../Core/Src/main.c:30:
../Core/Inc/uart.h:17:36: note: expected 'uint8_t *' {aka 'unsigned char *'} but argument is of type 'char *'
   17 | void uart_Rs232SendString(uint8_t* str);
      |                           ~~~~~~~~~^~~
../Core/Src/main.c:358:30: warning: pointer targets in passing argument 1 of 'uart_Rs232SendString' differ in signedness [-Wpointer-sign]
  358 |         uart_Rs232SendString(" C NH4= ");
      |                              ^~~~~~~~~~
      |                              |
      |                              char *
In file included from ../Core/Src/main.c:30:
../Core/Inc/uart.h:17:36: note: expected 'uint8_t *' {aka 'unsigned char *'} but argument is of type 'char *'
   17 | void uart_Rs232SendString(uint8_t* str);
      |                           ~~~~~~~~~^~~
../Core/Src/main.c:359:34: warning: passing argument 1 of 'uart_Rs232SendNumPercent' makes integer from pointer without a cast [-Wint-conversion]
  359 |         uart_Rs232SendNumPercent(&NH4_value);
      |                                  ^~~~~~~~~~
      |                                  |
      |                                  uint32_t * {aka long unsigned int *}
In file included from ../Core/Src/main.c:30:
../Core/Inc/uart.h:23:40: note: expected 'uint32_t' {aka 'long unsigned int'} but argument is of type 'uint32_t *' {aka 'long unsigned int *'}
   23 | void uart_Rs232SendNumPercent(uint32_t num);
      |                               ~~~~~~~~~^~~
../Core/Src/main.c:360:30: warning: pointer targets in passing argument 1 of 'uart_Rs232SendString' differ in signedness [-Wpointer-sign]
  360 |         uart_Rs232SendString(" mg/l NO3= ");
      |                              ^~~~~~~~~~~~~
      |                              |
      |                              char *
In file included from ../Core/Src/main.c:30:
../Core/Inc/uart.h:17:36: note: expected 'uint8_t *' {aka 'unsigned char *'} but argument is of type 'char *'
   17 | void uart_Rs232SendString(uint8_t* str);
      |                           ~~~~~~~~~^~~
../Core/Src/main.c:362:30: warning: pointer targets in passing argument 1 of 'uart_Rs232SendString' differ in signedness [-Wpointer-sign]
  362 |         uart_Rs232SendString(" mg/l FLOW= ");
      |                              ^~~~~~~~~~~~~~
      |                              |
      |                              char *
In file included from ../Core/Src/main.c:30:
../Core/Inc/uart.h:17:36: note: expected 'uint8_t *' {aka 'unsigned char *'} but argument is of type 'char *'
   17 | void uart_Rs232SendString(uint8_t* str);
      |                           ~~~~~~~~~^~~
../Core/Src/main.c:364:30: warning: pointer targets in passing argument 1 of 'uart_Rs232SendString' differ in signedness [-Wpointer-sign]
  364 |         uart_Rs232SendString(" m3/h \r\n");
      |                              ^~~~~~~~~~~~
      |                              |
      |                              char *
In file included from ../Core/Src/main.c:30:
../Core/Inc/uart.h:17:36: note: expected 'uint8_t *' {aka 'unsigned char *'} but argument is of type 'char *'
   17 | void uart_Rs232SendString(uint8_t* str);
      |                           ~~~~~~~~~^~~
../Core/Src/main.c:311:9: warning: unused variable 'i' [-Wunused-variable]
  311 |     int i,adcValue;
      |         ^
In file included from ../Core/Src/main.c:37:
../Core/Src/main.c: At top level:
../Core/Inc/lcd.h:92:17: warning: inline function 'LCD_RD_DATA' declared but never defined
   92 | inline uint16_t LCD_RD_DATA(void);
      |                 ^~~~~~~~~~~
../Core/Inc/lcd.h:91:13: warning: inline function 'LCD_WR_DATA' declared but never defined
   91 | inline void LCD_WR_DATA(uint16_t data);
      |             ^~~~~~~~~~~
arm-none-eabi-gcc -o "Bai7_Uart_1_EMS.elf" @"objects.list"   -mcpu=cortex-m4 -T"D:\abc\stm32\kitv2\Bai7_Uart_1_EMS\STM32F407ZETX_FLASH.ld" --specs=nosys.specs -Wl,-Map="Bai7_Uart_1_EMS.map" -Wl,--gc-sections -static --specs=nano.specs -mfpu=fpv4-sp-d16 -mfloat-abi=hard -mthumb -u _printf_float -Wl,--start-group -lc -lm -Wl,--end-group
Finished building target: Bai7_Uart_1_EMS.elf
 
arm-none-eabi-size   Bai7_Uart_1_EMS.elf 
arm-none-eabi-objdump -h -S  Bai7_Uart_1_EMS.elf  > "Bai7_Uart_1_EMS.list"
arm-none-eabi-objcopy  -O binary  Bai7_Uart_1_EMS.elf  "Bai7_Uart_1_EMS.bin"
   text	   data	    bss	    dec	    hex	filename
  78040	    516	   2716	  81272	  13d78	Bai7_Uart_1_EMS.elf
Finished building: default.size.stdout
 
Finished building: Bai7_Uart_1_EMS.bin
 
Finished building: Bai7_Uart_1_EMS.list
 
01:40:09 **** Incremental Build of configuration Debug for project Bai7_Uart_1_EMS ****
make -j16 all 
arm-none-eabi-gcc "../Core/Src/main.c" -mcpu=cortex-m4 -std=gnu11 -g3 -DDEBUG -DUSE_HAL_DRIVER -DSTM32F407xx -c -I../Core/Inc -I../Drivers/STM32F4xx_HAL_Driver/Inc -I../Drivers/STM32F4xx_HAL_Driver/Inc/Legacy -I../Drivers/CMSIS/Device/ST/STM32F4xx/Include -I../Drivers/CMSIS/Include -O0 -ffunction-sections -fdata-sections -Wall -fstack-usage -MMD -MP -MF"Core/Src/main.d" -MT"Core/Src/main.o" --specs=nano.specs -mfpu=fpv4-sp-d16 -mfloat-abi=hard -mthumb -o "Core/Src/main.o"
../Core/Src/main.c: In function 'main':
../Core/Src/main.c:177:24: warning: pointer targets in passing argument 1 of 'uart_Rs232SendString' differ in signedness [-Wpointer-sign]
  177 |   uart_Rs232SendString("Xin chao lop vdk");
      |                        ^~~~~~~~~~~~~~~~~~
      |                        |
      |                        char *
In file included from ../Core/Src/main.c:30:
../Core/Inc/uart.h:17:36: note: expected 'uint8_t *' {aka 'unsigned char *'} but argument is of type 'char *'
   17 | void uart_Rs232SendString(uint8_t* str);
      |                           ~~~~~~~~~^~~
../Core/Src/main.c: In function 'GetSensor':
../Core/Src/main.c:281:17: warning: array subscript has type 'char' [-Wchar-subscripts]
  281 |     dataOfSensor[indexOfData] = rawSensor;
      |                 ^
../Core/Src/main.c:288:57: warning: array subscript has type 'char' [-Wchar-subscripts]
  288 |         averageSensor_0 = averageSensor_0 + dataOfSensor[indexOfData_10];
      |                                                         ^
../Core/Src/main.c:296:27: warning: pointer targets in passing argument 3 of 'lcd_ShowStr' differ in signedness [-Wpointer-sign]
  296 |     lcd_ShowStr(20, 270,  "Alarm:", BRED, BLACK, 16, 0);
      |                           ^~~~~~~~
      |                           |
      |                           char *
In file included from ../Core/Src/main.c:37:
../Core/Inc/lcd.h:117:50: note: expected 'uint8_t *' {aka 'unsigned char *'} but argument is of type 'char *'
  117 | void lcd_ShowStr(uint16_t x, uint16_t y,uint8_t *str,uint16_t fc, uint16_t bc,uint8_t sizey,uint8_t mode);
      |                                         ~~~~~~~~~^~~
../Core/Src/main.c:297:38: warning: pointer targets in passing argument 3 of 'lcd_ShowStr' differ in signedness [-Wpointer-sign]
  297 |     if(alarm) lcd_ShowStr(180, 270,  "ON ", BRED, BLACK, 16, 0);
      |                                      ^~~~~
      |                                      |
      |                                      char *
In file included from ../Core/Src/main.c:37:
../Core/Inc/lcd.h:117:50: note: expected 'uint8_t *' {aka 'unsigned char *'} but argument is of type 'char *'
  117 | void lcd_ShowStr(uint16_t x, uint16_t y,uint8_t *str,uint16_t fc, uint16_t bc,uint8_t sizey,uint8_t mode);
      |                                         ~~~~~~~~~^~~
../Core/Src/main.c:298:33: warning: pointer targets in passing argument 3 of 'lcd_ShowStr' differ in signedness [-Wpointer-sign]
  298 |     else lcd_ShowStr(180, 270,  "OFF", BRED, BLACK, 16, 0);
      |                                 ^~~~~
      |                                 |
      |                                 char *
In file included from ../Core/Src/main.c:37:
../Core/Inc/lcd.h:117:50: note: expected 'uint8_t *' {aka 'unsigned char *'} but argument is of type 'char *'
  117 | void lcd_ShowStr(uint16_t x, uint16_t y,uint8_t *str,uint16_t fc, uint16_t bc,uint8_t sizey,uint8_t mode);
      |                                         ~~~~~~~~~^~~
../Core/Src/main.c: In function 'SimulateFull_Gimat':
../Core/Src/main.c:325:30: warning: pointer targets in passing argument 3 of 'lcd_ShowStr' differ in signedness [-Wpointer-sign]
  325 |         lcd_ShowStr(20, 30,  "ADC value:", GREEN, BLACK, 16, 0);
      |                              ^~~~~~~~~~~~
      |                              |
      |                              char *
In file included from ../Core/Src/main.c:37:
../Core/Inc/lcd.h:117:50: note: expected 'uint8_t *' {aka 'unsigned char *'} but argument is of type 'char *'
  117 | void lcd_ShowStr(uint16_t x, uint16_t y,uint8_t *str,uint16_t fc, uint16_t bc,uint8_t sizey,uint8_t mode);
      |                                         ~~~~~~~~~^~~
../Core/Src/main.c:327:30: warning: pointer targets in passing argument 3 of 'lcd_ShowStr' differ in signedness [-Wpointer-sign]
  327 |         lcd_ShowStr(20, 60,  "pH value:", WHITE, BLACK, 16, 0);
      |                              ^~~~~~~~~~~
      |                              |
      |                              char *
In file included from ../Core/Src/main.c:37:
../Core/Inc/lcd.h:117:50: note: expected 'uint8_t *' {aka 'unsigned char *'} but argument is of type 'char *'
  117 | void lcd_ShowStr(uint16_t x, uint16_t y,uint8_t *str,uint16_t fc, uint16_t bc,uint8_t sizey,uint8_t mode);
      |                                         ~~~~~~~~~^~~
../Core/Src/main.c:329:30: warning: pointer targets in passing argument 3 of 'lcd_ShowStr' differ in signedness [-Wpointer-sign]
  329 |         lcd_ShowStr(20, 90,  "SS value:", WHITE, BLACK, 16, 0);
      |                              ^~~~~~~~~~~
      |                              |
      |                              char *
In file included from ../Core/Src/main.c:37:
../Core/Inc/lcd.h:117:50: note: expected 'uint8_t *' {aka 'unsigned char *'} but argument is of type 'char *'
  117 | void lcd_ShowStr(uint16_t x, uint16_t y,uint8_t *str,uint16_t fc, uint16_t bc,uint8_t sizey,uint8_t mode);
      |                                         ~~~~~~~~~^~~
../Core/Src/main.c:331:31: warning: pointer targets in passing argument 3 of 'lcd_ShowStr' differ in signedness [-Wpointer-sign]
  331 |         lcd_ShowStr(20, 120,  "CSB value:", WHITE, BLACK, 16, 0);
      |                               ^~~~~~~~~~~~
      |                               |
      |                               char *
In file included from ../Core/Src/main.c:37:
../Core/Inc/lcd.h:117:50: note: expected 'uint8_t *' {aka 'unsigned char *'} but argument is of type 'char *'
  117 | void lcd_ShowStr(uint16_t x, uint16_t y,uint8_t *str,uint16_t fc, uint16_t bc,uint8_t sizey,uint8_t mode);
      |                                         ~~~~~~~~~^~~
../Core/Src/main.c:333:31: warning: pointer targets in passing argument 3 of 'lcd_ShowStr' differ in signedness [-Wpointer-sign]
  333 |         lcd_ShowStr(20, 150,  "Temperature value:", RED, BLACK, 16, 0);
      |                               ^~~~~~~~~~~~~~~~~~~~
      |                               |
      |                               char *
In file included from ../Core/Src/main.c:37:
../Core/Inc/lcd.h:117:50: note: expected 'uint8_t *' {aka 'unsigned char *'} but argument is of type 'char *'
  117 | void lcd_ShowStr(uint16_t x, uint16_t y,uint8_t *str,uint16_t fc, uint16_t bc,uint8_t sizey,uint8_t mode);
      |                                         ~~~~~~~~~^~~
[...]
   92 | inline uint16_t LCD_RD_DATA(void);
      |                 ^~~~~~~~~~~
../Core/Inc/lcd.h:91:13: warning: inline function 'LCD_WR_DATA' declared but never defined
   91 | inline void LCD_WR_DATA(uint16_t data);
      |             ^~~~~~~~~~~
arm-none-eabi-gcc -o "Bai4_Lcd_Fsm_Flag.elf" @"objects.list"   -mcpu=cortex-m4 -T"D:\abc\stm32\kitv2\Bai4_Lcd_Fsm_Flag\STM32F407ZETX_FLASH.ld" --specs=nosys.specs -Wl,-Map="Bai4_Lcd_Fsm_Flag.map" -Wl,--gc-sections -static --specs=nano.specs -mfpu=fpv4-sp-d16 -mfloat-abi=hard -mthumb -Wl,--start-group -lc -lm -Wl,--end-group
Finished building target: Bai4_Lcd_Fsm_Flag.elf
 
arm-none-eabi-size   Bai4_Lcd_Fsm_Flag.elf 
arm-none-eabi-objdump -h -S  Bai4_Lcd_Fsm_Flag.elf  > "Bai4_Lcd_Fsm_Flag.list"
arm-none-eabi-objcopy  -O binary  Bai4_Lcd_Fsm_Flag.elf  "Bai4_Lcd_Fsm_Flag.bin"
   text	   data	    bss	    dec	    hex	filename
  78720	     40	   1920	  80680	  13b28	Bai4_Lcd_Fsm_Flag.elf
Finished building: default.size.stdout
 
Finished building: Bai4_Lcd_Fsm_Flag.bin
 
Finished building: Bai4_Lcd_Fsm_Flag.list
 
18:47:47 **** Incremental Build of configuration Debug for project Bai4_Lcd_Fsm_Flag ****
make -j16 all 
arm-none-eabi-gcc "../Core/Src/main.c" -mcpu=cortex-m4 -std=gnu11 -g3 -DDEBUG -DUSE_HAL_DRIVER -DSTM32F407xx -c -I../Core/Inc -I../Drivers/STM32F4xx_HAL_Driver/Inc -I../Drivers/STM32F4xx_HAL_Driver/Inc/Legacy -I../Drivers/CMSIS/Device/ST/STM32F4xx/Include -I../Drivers/CMSIS/Include -O0 -ffunction-sections -fdata-sections -Wall -fstack-usage -MMD -MP -MF"Core/Src/main.d" -MT"Core/Src/main.o" --specs=nano.specs -mfpu=fpv4-sp-d16 -mfloat-abi=hard -mthumb -o "Core/Src/main.o"
../Core/Src/main.c: In function 'main':
../Core/Src/main.c:142:23: warning: pointer targets in passing argument 3 of 'lcd_StrCenter' differ in signedness [-Wpointer-sign]
  142 |   lcd_StrCenter(0, 0, "Xin chao cac ban", WHITE, BLUE, 16, 0);
      |                       ^~~~~~~~~~~~~~~~~~
      |                       |
      |                       char *
In file included from ../Core/Src/main.c:32:
../Core/Inc/lcd.h:118:52: note: expected 'uint8_t *' {aka 'unsigned char *'} but argument is of type 'char *'
  118 | void lcd_StrCenter(uint16_t x, uint16_t y,uint8_t *str,uint16_t fc,uint16_t bc,uint8_t sizey,uint8_t mode);
      |                                           ~~~~~~~~~^~~
../Core/Src/main.c:143:23: warning: pointer targets in passing argument 3 of 'lcd_ShowStr' differ in signedness [-Wpointer-sign]
  143 |   lcd_ShowStr(30, 30, "Ten: Thinh", RED, YELLOW, 24, 0);
      |                       ^~~~~~~~~~~~
      |                       |
      |                       char *
In file included from ../Core/Src/main.c:32:
../Core/Inc/lcd.h:117:50: note: expected 'uint8_t *' {aka 'unsigned char *'} but argument is of type 'char *'
  117 | void lcd_ShowStr(uint16_t x, uint16_t y,uint8_t *str,uint16_t fc, uint16_t bc,uint8_t sizey,uint8_t mode);
      |                                         ~~~~~~~~~^~~
../Core/Src/main.c:144:23: warning: pointer targets in passing argument 3 of 'lcd_ShowStr' differ in signedness [-Wpointer-sign]
  144 |   lcd_ShowStr(30, 60, "Nam sinh:", GREEN, BLACK, 24, 0);
      |                       ^~~~~~~~~~~
      |                       |
      |                       char *
In file included from ../Core/Src/main.c:32:
../Core/Inc/lcd.h:117:50: note: expected 'uint8_t *' {aka 'unsigned char *'} but argument is of type 'char *'
  117 | void lcd_ShowStr(uint16_t x, uint16_t y,uint8_t *str,uint16_t fc, uint16_t bc,uint8_t sizey,uint8_t mode);
      |                                         ~~~~~~~~~^~~
In file included from ../Core/Src/main.c:32:
../Core/Src/main.c: At top level:
../Core/Inc/lcd.h:92:17: warning: inline function 'LCD_RD_DATA' declared but never defined
   92 | inline uint16_t LCD_RD_DATA(void);
      |                 ^~~~~~~~~~~
../Core/Inc/lcd.h:91:13: warning: inline function 'LCD_WR_DATA' declared but never defined
   91 | inline void LCD_WR_DATA(uint16_t data);
      |             ^~~~~~~~~~~
arm-none-eabi-gcc -o "Bai4_Lcd_Fsm_Flag.elf" @"objects.list"   -mcpu=cortex-m4 -T"D:\abc\stm32\kitv2\Bai4_Lcd_Fsm_Flag\STM32F407ZETX_FLASH.ld" --specs=nosys.specs -Wl,-Map="Bai4_Lcd_Fsm_Flag.map" -Wl,--gc-sections -static --specs=nano.specs -mfpu=fpv4-sp-d16 -mfloat-abi=hard -mthumb -Wl,--start-group -lc -lm -Wl,--end-group
Finished building target: Bai4_Lcd_Fsm_Flag.elf
 
arm-none-eabi-size   Bai4_Lcd_Fsm_Flag.elf 
arm-none-eabi-objdump -h -S  Bai4_Lcd_Fsm_Flag.elf  > "Bai4_Lcd_Fsm_Flag.list"
arm-none-eabi-objcopy  -O binary  Bai4_Lcd_Fsm_Flag.elf  "Bai4_Lcd_Fsm_Flag.bin"
   text	   data	    bss	    dec	    hex	filename
  78576	     40	   1920	  80536	  13a98	Bai4_Lcd_Fsm_Flag.elf
Finished building: default.size.stdout
 
Finished building: Bai4_Lcd_Fsm_Flag.bin
 
Finished building: Bai4_Lcd_Fsm_Flag.list
 
18:50:43 **** Incremental Build of configuration Debug for project Bai4_Lcd_Fsm_Flag ****
make -j16 all 
arm-none-eabi-gcc "../Core/Src/main.c" -mcpu=cortex-m4 -std=gnu11 -g3 -DDEBUG -DUSE_HAL_DRIVER -DSTM32F407xx -c -I../Core/Inc -I../Drivers/STM32F4xx_HAL_Driver/Inc -I../Drivers/STM32F4xx_HAL_Driver/Inc/Legacy -I../Drivers/CMSIS/Device/ST/STM32F4xx/Include -I../Drivers/CMSIS/Include -O0 -ffunction-sections -fdata-sections -Wall -fstack-usage -MMD -MP -MF"Core/Src/main.d" -MT"Core/Src/main.o" --specs=nano.specs -mfpu=fpv4-sp-d16 -mfloat-abi=hard -mthumb -o "Core/Src/main.o"
../Core/Src/main.c: In function 'main':
../Core/Src/main.c:142:23: warning: pointer targets in passing argument 3 of 'lcd_StrCenter' differ in signedness [-Wpointer-sign]
  142 |   lcd_StrCenter(0, 0, "Xin chao cac ban", WHITE, BLUE, 16, 0);
      |                       ^~~~~~~~~~~~~~~~~~
      |                       |
      |                       char *
In file included from ../Core/Src/main.c:32:
../Core/Inc/lcd.h:118:52: note: expected 'uint8_t *' {aka 'unsigned char *'} but argument is of type 'char *'
  118 | void lcd_StrCenter(uint16_t x, uint16_t y,uint8_t *str,uint16_t fc,uint16_t bc,uint8_t sizey,uint8_t mode);
      |                                           ~~~~~~~~~^~~
../Core/Src/main.c:143:23: warning: pointer targets in passing argument 3 of 'lcd_ShowStr' differ in signedness [-Wpointer-sign]
  143 |   lcd_ShowStr(30, 30, "Ten: Thinh", RED, YELLOW, 24, 0);
      |                       ^~~~~~~~~~~~
      |                       |
      |                       char *
In file included from ../Core/Src/main.c:32:
../Core/Inc/lcd.h:117:50: note: expected 'uint8_t *' {aka 'unsigned char *'} but argument is of type 'char *'
  117 | void lcd_ShowStr(uint16_t x, uint16_t y,uint8_t *str,uint16_t fc, uint16_t bc,uint8_t sizey,uint8_t mode);
      |                                         ~~~~~~~~~^~~
../Core/Src/main.c:144:23: warning: pointer targets in passing argument 3 of 'lcd_ShowStr' differ in signedness [-Wpointer-sign]
  144 |   lcd_ShowStr(30, 60, "Nam sinh:", GREEN, BLACK, 24, 0);
      |                       ^~~~~~~~~~~
      |                       |
      |                       char *
In file included from ../Core/Src/main.c:32:
../Core/Inc/lcd.h:117:50: note: expected 'uint8_t *' {aka 'unsigned char *'} but argument is of type 'char *'
  117 | void lcd_ShowStr(uint16_t x, uint16_t y,uint8_t *str,uint16_t fc, uint16_t bc,uint8_t sizey,uint8_t mode);
      |                                         ~~~~~~~~~^~~
../Core/Src/main.c: In function 'BaiTap_Flag':
../Core/Src/main.c:294:33: warning: pointer targets in passing argument 3 of 'lcd_StrCenter' differ in signedness [-Wpointer-sign]
  294 |             lcd_StrCenter(0, 2, "MOVING UP", WHITE, BLUE, 16, 0);
      |                                 ^~~~~~~~~~~
      |                                 |
      |                                 char *
In file included from ../Core/Src/main.c:32:
../Core/Inc/lcd.h:118:52: note: expected 'uint8_t *' {aka 'unsigned char *'} but argument is of type 'char *'
  118 | void lcd_StrCenter(uint16_t x, uint16_t y,uint8_t *str,uint16_t fc,uint16_t bc,uint8_t sizey,uint8_t mode);
      |                                           ~~~~~~~~~^~~
../Core/Src/main.c:298:30: warning: pointer targets in passing argument 3 of 'lcd_StrCenter' differ in signedness [-Wpointer-sign]
  298 |          lcd_StrCenter(0, 2, "MOVING UP", WHITE, BLUE, 16, 0);
      |                              ^~~~~~~~~~~
      |                              |
      |                              char *
In file included from ../Core/Src/main.c:32:
../Core/Inc/lcd.h:118:52: note: expected 'uint8_t *' {aka 'unsigned char *'} but argument is of type 'char *'
  118 | void lcd_StrCenter(uint16_t x, uint16_t y,uint8_t *str,uint16_t fc,uint16_t bc,uint8_t sizey,uint8_t mode);
      |                                           ~~~~~~~~~^~~
../Core/Src/main.c:312:30: warning: pointer targets in passing argument 3 of 'lcd_StrCenter' differ in signedness [-Wpointer-sign]
  312 |          lcd_StrCenter(0, 2, "BOTTOM POSITION", WHITE, BLUE, 16, 0);
      |                              ^~~~~~~~~~~~~~~~~
      |                              |
      |                              char *
In file included from ../Core/Src/main.c:32:
../Core/Inc/lcd.h:118:52: note: expected 'uint8_t *' {aka 'unsigned char *'} but argument is of type 'char *'
  118 | void lcd_StrCenter(uint16_t x, uint16_t y,uint8_t *str,uint16_t fc,uint16_t bc,uint8_t sizey,uint8_t mode);
      |                                           ~~~~~~~~~^~~
../Core/Src/main.c:321:30: warning: pointer targets in passing argument 3 of 'lcd_StrCenter' differ in signedness [-Wpointer-sign]
  321 |          lcd_StrCenter(0, 2, "MOVING DOWN", WHITE, BLUE, 16, 0);
      |                              ^~~~~~~~~~~~~
      |                              |
      |                              char *
In file included from ../Core/Src/main.c:32:
../Core/Inc/lcd.h:118:52: note: expected 'uint8_t *' {aka 'unsigned char *'} but argument is of type 'char *'
  118 | void lcd_StrCenter(uint16_t x, uint16_t y,uint8_t *str,uint16_t fc,uint16_t bc,uint8_t sizey,uint8_t mode);
      |                                           ~~~~~~~~~^~~
../Core/Src/main.c:335:30: warning: pointer targets in passing argument 3 of 'lcd_StrCenter' differ in signedness [-Wpointer-sign]
  335 |          lcd_StrCenter(0, 2, "TOP POSTION", WHITE, BLUE, 16, 0);
      |                              ^~~~~~~~~~~~~
      |                              |
      |                              char *
In file included from ../Core/Src/main.c:32:
../Core/Inc/lcd.h:118:52: note: expected 'uint8_t *' {aka 'unsigned char *'} but argument is of type 'char *'
  118 | void lcd_StrCenter(uint16_t x, uint16_t y,uint8_t *str,uint16_t fc,uint16_t bc,uint8_t sizey,uint8_t mode);
      |                                           ~~~~~~~~~^~~
../Core/Src/main.c:344:30: warning: pointer targets in passing argument 3 of 'lcd_StrCenter' differ in signedness [-Wpointer-sign]
  344 |          lcd_StrCenter(0, 2, "STOP MOVING", WHITE, BLUE, 16, 0);
      |                              ^~~~~~~~~~~~~
      |                              |
      |                              char *
In file included from ../Core/Src/main.c:32:
../Core/Inc/lcd.h:118:52: note: expected 'uint8_t *' {aka 'unsigned char *'} but argument is of type 'char *'
  118 | void lcd_StrCenter(uint16_t x, uint16_t y,uint8_t *str,uint16_t fc,uint16_t bc,uint8_t sizey,uint8_t mode);
      |                                           ~~~~~~~~~^~~
In file included from ../Core/Src/main.c:32:
../Core/Src/main.c: At top level:
../Core/Inc/lcd.h:92:17: warning: inline function 'LCD_RD_DATA' declared but never defined
   92 | inline uint16_t LCD_RD_DATA(void);
      |                 ^~~~~~~~~~~
../Core/Inc/lcd.h:91:13: warning: inline function 'LCD_WR_DATA' declared but never defined
   91 | inline void LCD_WR_DATA(uint16_t data);
      |             ^~~~~~~~~~~
arm-none-eabi-gcc -o "Bai4_Lcd_Fsm_Flag.elf" @"objects.list"   -mcpu=cortex-m4 -T"D:\abc\stm32\kitv2\Bai4_Lcd_Fsm_Flag\STM32F407ZETX_FLASH.ld" --specs=nosys.specs -Wl,-Map="Bai4_Lcd_Fsm_Flag.map" -Wl,--gc-sections -static --specs=nano.specs -mfpu=fpv4-sp-d16 -mfloat-abi=hard -mthumb -Wl,--start-group -lc -lm -Wl,--end-group
Finished building target: Bai4_Lcd_Fsm_Flag.elf
 
arm-none-eabi-size   Bai4_Lcd_Fsm_Flag.elf 
arm-none-eabi-objdump -h -S  Bai4_Lcd_Fsm_Flag.elf  > "Bai4_Lcd_Fsm_Flag.list"
arm-none-eabi-objcopy  -O binary  Bai4_Lcd_Fsm_Flag.elf  "Bai4_Lcd_Fsm_Flag.bin"
   text	   data	    bss	    dec	    hex	filename
  78836	     40	   1920	  80796	  13b9c	Bai4_Lcd_Fsm_Flag.elf
Finished building: default.size.stdout
 
Finished building: Bai4_Lcd_Fsm_Flag.bin
 
Finished building: Bai4_Lcd_Fsm_Flag.list
 
18:52:17 **** Incremental Build of configuration Debug for project Bai4_Lcd_Fsm_Flag ****
make -j16 all 
arm-none-eabi-gcc "../Core/Src/main.c" -mcpu=cortex-m4 -std=gnu11 -g3 -DDEBUG -DUSE_HAL_DRIVER -DSTM32F407xx -c -I../Core/Inc -I../Drivers/STM32F4xx_HAL_Driver/Inc -I../Drivers/STM32F4xx_HAL_Driver/Inc/Legacy -I../Drivers/CMSIS/Device/ST/STM32F4xx/Include -I../Drivers/CMSIS/Include -O0 -ffunction-sections -fdata-sections -Wall -fstack-usage -MMD -MP -MF"Core/Src/main.d" -MT"Core/Src/main.o" --specs=nano.specs -mfpu=fpv4-sp-d16 -mfloat-abi=hard -mthumb -o "Core/Src/main.o"
../Core/Src/main.c: In function 'main':
../Core/Src/main.c:142:23: warning: pointer targets in passing argument 3 of 'lcd_StrCenter' differ in signedness [-Wpointer-sign]
  142 |   lcd_StrCenter(0, 0, "Xin chao cac ban", WHITE, BLUE, 16, 0);
      |                       ^~~~~~~~~~~~~~~~~~
      |                       |
      |                       char *
In file included from ../Core/Src/main.c:32:
../Core/Inc/lcd.h:118:52: note: expected 'uint8_t *' {aka 'unsigned char *'} but argument is of type 'char *'
  118 | void lcd_StrCenter(uint16_t x, uint16_t y,uint8_t *str,uint16_t fc,uint16_t bc,uint8_t sizey,uint8_t mode);
      |                                           ~~~~~~~~~^~~
../Core/Src/main.c:143:23: warning: pointer targets in passing argument 3 of 'lcd_ShowStr' differ in signedness [-Wpointer-sign]
  143 |   lcd_ShowStr(30, 30, "Ten: Thinh", RED, YELLOW, 24, 0);
      |                       ^~~~~~~~~~~~
      |                       |
      |                       char *
In file included from ../Core/Src/main.c:32:
../Core/Inc/lcd.h:117:50: note: expected 'uint8_t *' {aka 'unsigned char *'} but argument is of type 'char *'
  117 | void lcd_ShowStr(uint16_t x, uint16_t y,uint8_t *str,uint16_t fc, uint16_t bc,uint8_t sizey,uint8_t mode);
      |                                         ~~~~~~~~~^~~
../Core/Src/main.c:144:23: warning: pointer targets in passing argument 3 of 'lcd_ShowStr' differ in signedness [-Wpointer-sign]
  144 |   lcd_ShowStr(30, 60, "Nam sinh:", GREEN, BLACK, 24, 0);
      |                       ^~~~~~~~~~~
      |                       |
      |                       char *
In file included from ../Core/Src/main.c:32:
../Core/Inc/lcd.h:117:50: note: expected 'uint8_t *' {aka 'unsigned char *'} but argument is of type 'char *'
  117 | void lcd_ShowStr(uint16_t x, uint16_t y,uint8_t *str,uint16_t fc, uint16_t bc,uint8_t sizey,uint8_t mode);
      |                                         ~~~~~~~~~^~~
../Core/Src/main.c: In function 'BaiTap_Flag':
../Core/Src/main.c:297:30: warning: pointer targets in passing argument 3 of 'lcd_StrCenter' differ in signedness [-Wpointer-sign]
  297 |          lcd_StrCenter(0, 2, "   MOVING UP   ", WHITE, BLUE, 16, 0);
      |                              ^~~~~~~~~~~~~~~~~
      |                              |
      |                              char *
In file included from ../Core/Src/main.c:32:
../Core/Inc/lcd.h:118:52: note: expected 'uint8_t *' {aka 'unsigned char *'} but argument is of type 'char *'
  118 | void lcd_StrCenter(uint16_t x, uint16_t y,uint8_t *str,uint16_t fc,uint16_t bc,uint8_t sizey,uint8_t mode);
      |                                           ~~~~~~~~~^~~
../Core/Src/main.c:311:30: warning: pointer targets in passing argument 3 of 'lcd_StrCenter' differ in signedness [-Wpointer-sign]
  311 |          lcd_StrCenter(0, 2, "BOTTOM POSITION", WHITE, BLUE, 16, 0);
      |                              ^~~~~~~~~~~~~~~~~
      |                              |
      |                              char *
In file included from ../Core/Src/main.c:32:
../Core/Inc/lcd.h:118:52: note: expected 'uint8_t *' {aka 'unsigned char *'} but argument is of type 'char *'
  118 | void lcd_StrCenter(uint16_t x, uint16_t y,uint8_t *str,uint16_t fc,uint16_t bc,uint8_t sizey,uint8_t mode);
      |                                           ~~~~~~~~~^~~
../Core/Src/main.c:320:30: warning: pointer targets in passing argument 3 of 'lcd_StrCenter' differ in signedness [-Wpointer-sign]
  320 |          lcd_StrCenter(0, 2, "  MOVING DOWN  ", WHITE, BLUE, 16, 0);
      |                              ^~~~~~~~~~~~~~~~~
      |                              |
      |                              char *
In file included from ../Core/Src/main.c:32:
../Core/Inc/lcd.h:118:52: note: expected 'uint8_t *' {aka 'unsigned char *'} but argument is of type 'char *'
  118 | void lcd_StrCenter(uint16_t x, uint16_t y,uint8_t *str,uint16_t fc,uint16_t bc,uint8_t sizey,uint8_t mode);
      |                                           ~~~~~~~~~^~~
../Core/Src/main.c:334:30: warning: pointer targets in passing argument 3 of 'lcd_StrCenter' differ in signedness [-Wpointer-sign]
  334 |          lcd_StrCenter(0, 2, "  TOP POSTION  ", WHITE, BLUE, 16, 0);
      |                              ^~~~~~~~~~~~~~~~~
      |                              |
      |                              char *
In file included from ../Core/Src/main.c:32:
../Core/Inc/lcd.h:118:52: note: expected 'uint8_t *' {aka 'unsigned char *'} but argument is of type 'char *'
  118 | void lcd_StrCenter(uint16_t x, uint16_t y,uint8_t *str,uint16_t fc,uint16_t bc,uint8_t sizey,uint8_t mode);
      |                                           ~~~~~~~~~^~~
../Core/Src/main.c:343:30: warning: pointer targets in passing argument 3 of 'lcd_StrCenter' differ in signedness [-Wpointer-sign]
  343 |          lcd_StrCenter(0, 2, "  STOP MOVING  ", WHITE, BLUE, 16, 0);
      |                              ^~~~~~~~~~~~~~~~~
      |                              |
      |                              char *
In file included from ../Core/Src/main.c:32:
../Core/Inc/lcd.h:118:52: note: expected 'uint8_t *' {aka 'unsigned char *'} but argument is of type 'char *'
  118 | void lcd_StrCenter(uint16_t x, uint16_t y,uint8_t *str,uint16_t fc,uint16_t bc,uint8_t sizey,uint8_t mode);
      |                                           ~~~~~~~~~^~~
In file included from ../Core/Src/main.c:32:
../Core/Src/main.c: At top level:
../Core/Inc/lcd.h:92:17: warning: inline function 'LCD_RD_DATA' declared but never defined
   92 | inline uint16_t LCD_RD_DATA(void);
      |                 ^~~~~~~~~~~
../Core/Inc/lcd.h:91:13: warning: inline function 'LCD_WR_DATA' declared but never defined
   91 | inline void LCD_WR_DATA(uint16_t data);
      |             ^~~~~~~~~~~
arm-none-eabi-gcc -o "Bai4_Lcd_Fsm_Flag.elf" @"objects.list"   -mcpu=cortex-m4 -T"D:\abc\stm32\kitv2\Bai4_Lcd_Fsm_Flag\STM32F407ZETX_FLASH.ld" --specs=nosys.specs -Wl,-Map="Bai4_Lcd_Fsm_Flag.map" -Wl,--gc-sections -static --specs=nano.specs -mfpu=fpv4-sp-d16 -mfloat-abi=hard -mthumb -Wl,--start-group -lc -lm -Wl,--end-group
Finished building target: Bai4_Lcd_Fsm_Flag.elf
 
arm-none-eabi-size   Bai4_Lcd_Fsm_Flag.elf 
arm-none-eabi-objdump -h -S  Bai4_Lcd_Fsm_Flag.elf  > "Bai4_Lcd_Fsm_Flag.list"
arm-none-eabi-objcopy  -O binary  Bai4_Lcd_Fsm_Flag.elf  "Bai4_Lcd_Fsm_Flag.bin"
   text	   data	    bss	    dec	    hex	filename
  78828	     40	   1920	  80788	  13b94	Bai4_Lcd_Fsm_Flag.elf
Finished building: default.size.stdout
 
Finished building: Bai4_Lcd_Fsm_Flag.bin
 
Finished building: Bai4_Lcd_Fsm_Flag.list
 
