01:22:54 **** Incremental Build of configuration Debug for project test_kit_v2 ****
make -j16 all 
arm-none-eabi-gcc "../Core/Src/main.c" -mcpu=cortex-m4 -std=gnu11 -g3 -DDEBUG -DUSE_HAL_DRIVER -DSTM32F407xx -c -I../Core/Inc -I../Drivers/STM32F4xx_HAL_Driver/Inc -I../Drivers/STM32F4xx_HAL_Driver/Inc/Legacy -I../Drivers/CMSIS/Device/ST/STM32F4xx/Include -I../Drivers/CMSIS/Include -O0 -ffunction-sections -fdata-sections -Wall -fstack-usage -MMD -MP -MF"Core/Src/main.d" -MT"Core/Src/main.o" --specs=nano.specs -mfpu=fpv4-sp-d16 -mfloat-abi=hard -mthumb -o "Core/Src/main.o"
../Core/Src/main.c: In function 'main':
../Core/Src/main.c:133:28: warning: pointer targets in passing argument 2 of 'uart_SendString' differ in signedness [-Wpointer-sign]
  133 |   uart_SendString(&huart1, "Hello\r\n");
      |                            ^~~~~~~~~~~
      |                            |
      |                            char *
In file included from ../Core/Inc/button.h:13,
                 from ../Core/Src/main.c:36:
../Core/Inc/uart.h:16:58: note: expected 'uint8_t *' {aka 'unsigned char *'} but argument is of type 'char *'
   16 | void uart_SendString(UART_HandleTypeDef *huart, uint8_t* str);
      |                                                 ~~~~~~~~~^~~
../Core/Src/main.c:134:3: warning: implicit declaration of function 'rs485_SendString'; did you mean 'uart_SendString'? [-Wimplicit-function-declaration]
  134 |   rs485_SendString("Hello\r\n");
      |   ^~~~~~~~~~~~~~~~
      |   uart_SendString
../Core/Src/main.c: In function 'system_init':
../Core/Src/main.c:219:2: warning: implicit declaration of function 'sim_init' [-Wimplicit-function-declaration]
  219 |  sim_init();
      |  ^~~~~~~~
../Core/Src/main.c:221:2: warning: implicit declaration of function 'sensor_init' [-Wimplicit-function-declaration]
  221 |  sensor_init();
      |  ^~~~~~~~~~~
../Core/Src/main.c:222:2: warning: implicit declaration of function 'led7_init'; did you mean 'lcd_init'? [-Wimplicit-function-declaration]
  222 |  led7_init();
      |  ^~~~~~~~~
      |  lcd_init
../Core/Src/main.c: In function 'test_Sim':
../Core/Src/main.c:265:27: warning: implicit declaration of function 'sim_SendSMS' [-Wimplicit-function-declaration]
  265 |  if(button_count[3] == 1) sim_SendSMS();
      |                           ^~~~~~~~~~~
../Core/Src/main.c: In function 'test_Adc':
../Core/Src/main.c:278:2: warning: implicit declaration of function 'sensor_Read' [-Wimplicit-function-declaration]
  278 |  sensor_Read();
      |  ^~~~~~~~~~~
../Core/Src/main.c:279:25: warning: implicit declaration of function 'sensor_GetVarResistor' [-Wimplicit-function-declaration]
  279 |  lcd_ShowIntNum(10, 90, sensor_GetVarResistor(), 4, BRED, BLACK, 16);
      |                         ^~~~~~~~~~~~~~~~~~~~~
../Core/Src/main.c:280:25: warning: implicit declaration of function 'sensor_GetLight' [-Wimplicit-function-declaration]
  280 |  lcd_ShowIntNum(50, 90, sensor_GetLight(), 4, BRED, BLACK, 16);
      |                         ^~~~~~~~~~~~~~~
../Core/Src/main.c:281:25: warning: implicit declaration of function 'sensor_GetVoltage' [-Wimplicit-function-declaration]
  281 |  lcd_ShowIntNum(90, 90, sensor_GetVoltage(), 4, BRED, BLACK, 16);
      |                         ^~~~~~~~~~~~~~~~~
../Core/Src/main.c:282:26: warning: implicit declaration of function 'sensor_GetCurrent' [-Wimplicit-function-declaration]
  282 |  lcd_ShowIntNum(150, 90, sensor_GetCurrent(), 4, BRED, BLACK, 16);
      |                          ^~~~~~~~~~~~~~~~~
In file included from ../Core/Src/main.c:35:
../Core/Src/main.c: At top level:
../Core/Inc/lcd.h:91:17: warning: inline function 'LCD_RD_DATA' declared but never defined
   91 | inline uint16_t LCD_RD_DATA(void);
      |                 ^~~~~~~~~~~
../Core/Inc/lcd.h:90:13: warning: inline function 'LCD_WR_DATA' declared but never defined
   90 | inline void LCD_WR_DATA(uint16_t data);
      |             ^~~~~~~~~~~
arm-none-eabi-gcc -o "test_kit_v2.elf" @"objects.list"   -mcpu=cortex-m4 -T"D:\abc\stm32\test_kit_v2\STM32F407ZETX_FLASH.ld" --specs=nosys.specs -Wl,-Map="test_kit_v2.map" -Wl,--gc-sections -static --specs=nano.specs -mfpu=fpv4-sp-d16 -mfloat-abi=hard -mthumb -u _printf_float -Wl,--start-group -lc -lm -Wl,--end-group
Finished building target: test_kit_v2.elf
 
arm-none-eabi-size   test_kit_v2.elf 
arm-none-eabi-objdump -h -S  test_kit_v2.elf  > "test_kit_v2.list"
   text	   data	    bss	    dec	    hex	filename
  61856	    488	   2664	  65008	   fdf0	test_kit_v2.elf
arm-none-eabi-objcopy  -O binary  test_kit_v2.elf  "test_kit_v2.bin"
Finished building: default.size.stdout
 
Finished building: test_kit_v2.bin
 
Finished building: test_kit_v2.list
 

01:22:55 Build Finished. 0 errors, 13 warnings. (took 1s.166ms)

